22:22:57 **** Build of project ultrasonic_radar_main_ps_bsp ****
make -k all 
Running Make include in ps7_cortexa9_0/libsrc/dmaps_v2_3/src
make -C ps7_cortexa9_0/libsrc/dmaps_v2_3/src -s include  "SHELL=/bin/sh" "COMPILER=arm-none-eabi-gcc" "ARCHIVER=arm-none-eabi-ar" "COMPILER_FLAGS=  -O2 -c" "EXTRA_COMPILER_FLAGS=-mcpu=cortex-a9 -mfpu=vfpv3 -mfloat-abi=hard -nostartfiles -g -Wall -Wextra"
Running Make include in ps7_cortexa9_0/libsrc/ddrps_v1_0/src
make -C ps7_cortexa9_0/libsrc/ddrps_v1_0/src -s include  "SHELL=/bin/sh" "COMPILER=arm-none-eabi-gcc" "ARCHIVER=arm-none-eabi-ar" "COMPILER_FLAGS=  -O2 -c" "EXTRA_COMPILER_FLAGS=-mcpu=cortex-a9 -mfpu=vfpv3 -mfloat-abi=hard -nostartfiles -g -Wall -Wextra"
Running Make include in ps7_cortexa9_0/libsrc/qspips_v3_4/src
make -C ps7_cortexa9_0/libsrc/qspips_v3_4/src -s include  "SHELL=/bin/sh" "COMPILER=arm-none-eabi-gcc" "ARCHIVER=arm-none-eabi-ar" "COMPILER_FLAGS=  -O2 -c" "EXTRA_COMPILER_FLAGS=-mcpu=cortex-a9 -mfpu=vfpv3 -mfloat-abi=hard -nostartfiles -g -Wall -Wextra"
Running Make include in ps7_cortexa9_0/libsrc/standalone_v6_7/src
make -C ps7_cortexa9_0/libsrc/standalone_v6_7/src -s include  "SHELL=/bin/sh" "COMPILER=arm-none-eabi-gcc" "ARCHIVER=arm-none-eabi-ar" "COMPILER_FLAGS=  -O2 -c" "EXTRA_COMPILER_FLAGS=-mcpu=cortex-a9 -mfpu=vfpv3 -mfloat-abi=hard -nostartfiles -g -Wall -Wextra"
Running Make include in ps7_cortexa9_0/libsrc/gpiops_v3_3/src
make -C ps7_cortexa9_0/libsrc/gpiops_v3_3/src -s include  "SHELL=/bin/sh" "COMPILER=arm-none-eabi-gcc" "ARCHIVER=arm-none-eabi-ar" "COMPILER_FLAGS=  -O2 -c" "EXTRA_COMPILER_FLAGS=-mcpu=cortex-a9 -mfpu=vfpv3 -mfloat-abi=hard -nostartfiles -g -Wall -Wextra"
Running Make include in ps7_cortexa9_0/libsrc/cpu_cortexa9_v2_6/src
make -C ps7_cortexa9_0/libsrc/cpu_cortexa9_v2_6/src -s include  "SHELL=/bin/sh" "COMPILER=arm-none-eabi-gcc" "ARCHIVER=arm-none-eabi-ar" "COMPILER_FLAGS=  -O2 -c" "EXTRA_COMPILER_FLAGS=-mcpu=cortex-a9 -mfpu=vfpv3 -mfloat-abi=hard -nostartfiles -g -Wall -Wextra"
Running Make include in ps7_cortexa9_0/libsrc/emacps_v3_7/src
make -C ps7_cortexa9_0/libsrc/emacps_v3_7/src -s include  "SHELL=/bin/sh" "COMPILER=arm-none-eabi-gcc" "ARCHIVER=arm-none-eabi-ar" "COMPILER_FLAGS=  -O2 -c" "EXTRA_COMPILER_FLAGS=-mcpu=cortex-a9 -mfpu=vfpv3 -mfloat-abi=hard -nostartfiles -g -Wall -Wextra"
Running Make include in ps7_cortexa9_0/libsrc/scugic_v3_9/src
make -C ps7_cortexa9_0/libsrc/scugic_v3_9/src -s include  "SHELL=/bin/sh" "COMPILER=arm-none-eabi-gcc" "ARCHIVER=arm-none-eabi-ar" "COMPILER_FLAGS=  -O2 -c" "EXTRA_COMPILER_FLAGS=-mcpu=cortex-a9 -mfpu=vfpv3 -mfloat-abi=hard -nostartfiles -g -Wall -Wextra"
Running Make include in ps7_cortexa9_0/libsrc/uartps_v3_6/src
make -C ps7_cortexa9_0/libsrc/uartps_v3_6/src -s include  "SHELL=/bin/sh" "COMPILER=arm-none-eabi-gcc" "ARCHIVER=arm-none-eabi-ar" "COMPILER_FLAGS=  -O2 -c" "EXTRA_COMPILER_FLAGS=-mcpu=cortex-a9 -mfpu=vfpv3 -mfloat-abi=hard -nostartfiles -g -Wall -Wextra"
Running Make include in ps7_cortexa9_0/libsrc/SideServos_v1_0/src
make -C ps7_cortexa9_0/libsrc/SideServos_v1_0/src -s include  "SHELL=/bin/sh" "COMPILER=arm-none-eabi-gcc" "ARCHIVER=arm-none-eabi-ar" "COMPILER_FLAGS=  -O2 -c" "EXTRA_COMPILER_FLAGS=-mcpu=cortex-a9 -mfpu=vfpv3 -mfloat-abi=hard -nostartfiles -g -Wall -Wextra"
Running Make include in ps7_cortexa9_0/libsrc/xadcps_v2_2/src
make -C ps7_cortexa9_0/libsrc/xadcps_v2_2/src -s include  "SHELL=/bin/sh" "COMPILER=arm-none-eabi-gcc" "ARCHIVER=arm-none-eabi-ar" "COMPILER_FLAGS=  -O2 -c" "EXTRA_COMPILER_FLAGS=-mcpu=cortex-a9 -mfpu=vfpv3 -mfloat-abi=hard -nostartfiles -g -Wall -Wextra"
Running Make include in ps7_cortexa9_0/libsrc/devcfg_v3_5/src
make -C ps7_cortexa9_0/libsrc/devcfg_v3_5/src -s include  "SHELL=/bin/sh" "COMPILER=arm-none-eabi-gcc" "ARCHIVER=arm-none-eabi-ar" "COMPILER_FLAGS=  -O2 -c" "EXTRA_COMPILER_FLAGS=-mcpu=cortex-a9 -mfpu=vfpv3 -mfloat-abi=hard -nostartfiles -g -Wall -Wextra"
Running Make include in ps7_cortexa9_0/libsrc/scuwdt_v2_1/src
make -C ps7_cortexa9_0/libsrc/scuwdt_v2_1/src -s include  "SHELL=/bin/sh" "COMPILER=arm-none-eabi-gcc" "ARCHIVER=arm-none-eabi-ar" "COMPILER_FLAGS=  -O2 -c" "EXTRA_COMPILER_FLAGS=-mcpu=cortex-a9 -mfpu=vfpv3 -mfloat-abi=hard -nostartfiles -g -Wall -Wextra"
Running Make include in ps7_cortexa9_0/libsrc/ttcps_v3_6/src
make -C ps7_cortexa9_0/libsrc/ttcps_v3_6/src -s include  "SHELL=/bin/sh" "COMPILER=arm-none-eabi-gcc" "ARCHIVER=arm-none-eabi-ar" "COMPILER_FLAGS=  -O2 -c" "EXTRA_COMPILER_FLAGS=-mcpu=cortex-a9 -mfpu=vfpv3 -mfloat-abi=hard -nostartfiles -g -Wall -Wextra"
Running Make include in ps7_cortexa9_0/libsrc/MiddleServo_v1_0/src
make -C ps7_cortexa9_0/libsrc/MiddleServo_v1_0/src -s include  "SHELL=/bin/sh" "COMPILER=arm-none-eabi-gcc" "ARCHIVER=arm-none-eabi-ar" "COMPILER_FLAGS=  -O2 -c" "EXTRA_COMPILER_FLAGS=-mcpu=cortex-a9 -mfpu=vfpv3 -mfloat-abi=hard -nostartfiles -g -Wall -Wextra"
Running Make include in ps7_cortexa9_0/libsrc/sdps_v3_5/src
make -C ps7_cortexa9_0/libsrc/sdps_v3_5/src -s include  "SHELL=/bin/sh" "COMPILER=arm-none-eabi-gcc" "ARCHIVER=arm-none-eabi-ar" "COMPILER_FLAGS=  -O2 -c" "EXTRA_COMPILER_FLAGS=-mcpu=cortex-a9 -mfpu=vfpv3 -mfloat-abi=hard -nostartfiles -g -Wall -Wextra"
Running Make include in ps7_cortexa9_0/libsrc/sensor_readings_v1_0/src
make -C ps7_cortexa9_0/libsrc/sensor_readings_v1_0/src -s include  "SHELL=/bin/sh" "COMPILER=arm-none-eabi-gcc" "ARCHIVER=arm-none-eabi-ar" "COMPILER_FLAGS=  -O2 -c" "EXTRA_COMPILER_FLAGS=-mcpu=cortex-a9 -mfpu=vfpv3 -mfloat-abi=hard -nostartfiles -g -Wall -Wextra"
Running Make include in ps7_cortexa9_0/libsrc/usbps_v2_4/src
make -C ps7_cortexa9_0/libsrc/usbps_v2_4/src -s include  "SHELL=/bin/sh" "COMPILER=arm-none-eabi-gcc" "ARCHIVER=arm-none-eabi-ar" "COMPILER_FLAGS=  -O2 -c" "EXTRA_COMPILER_FLAGS=-mcpu=cortex-a9 -mfpu=vfpv3 -mfloat-abi=hard -nostartfiles -g -Wall -Wextra"
Running Make include in ps7_cortexa9_0/libsrc/coresightps_dcc_v1_4/src
make -C ps7_cortexa9_0/libsrc/coresightps_dcc_v1_4/src -s include  "SHELL=/bin/sh" "COMPILER=arm-none-eabi-gcc" "ARCHIVER=arm-none-eabi-ar" "COMPILER_FLAGS=  -O2 -c" "EXTRA_COMPILER_FLAGS=-mcpu=cortex-a9 -mfpu=vfpv3 -mfloat-abi=hard -nostartfiles -g -Wall -Wextra"
Running Make include in ps7_cortexa9_0/libsrc/scutimer_v2_1/src
make -C ps7_cortexa9_0/libsrc/scutimer_v2_1/src -s include  "SHELL=/bin/sh" "COMPILER=arm-none-eabi-gcc" "ARCHIVER=arm-none-eabi-ar" "COMPILER_FLAGS=  -O2 -c" "EXTRA_COMPILER_FLAGS=-mcpu=cortex-a9 -mfpu=vfpv3 -mfloat-abi=hard -nostartfiles -g -Wall -Wextra"
Running Make libs in ps7_cortexa9_0/libsrc/dmaps_v2_3/src
make -C ps7_cortexa9_0/libsrc/dmaps_v2_3/src -s libs  "SHELL=/bin/sh" "COMPILER=arm-none-eabi-gcc" "ARCHIVER=arm-none-eabi-ar" "COMPILER_FLAGS=  -O2 -c" "EXTRA_COMPILER_FLAGS=-mcpu=cortex-a9 -mfpu=vfpv3 -mfloat-abi=hard -nostartfiles -g -Wall -Wextra"
Compiling dmaps
arm-none-eabi-ar: creating ../../../lib/libxil.a
Running Make libs in ps7_cortexa9_0/libsrc/ddrps_v1_0/src
make -C ps7_cortexa9_0/libsrc/ddrps_v1_0/src -s libs  "SHELL=/bin/sh" "COMPILER=arm-none-eabi-gcc" "ARCHIVER=arm-none-eabi-ar" "COMPILER_FLAGS=  -O2 -c" "EXTRA_COMPILER_FLAGS=-mcpu=cortex-a9 -mfpu=vfpv3 -mfloat-abi=hard -nostartfiles -g -Wall -Wextra"
Compiling ddrps
Running Make libs in ps7_cortexa9_0/libsrc/qspips_v3_4/src
make -C ps7_cortexa9_0/libsrc/qspips_v3_4/src -s libs  "SHELL=/bin/sh" "COMPILER=arm-none-eabi-gcc" "ARCHIVER=arm-none-eabi-ar" "COMPILER_FLAGS=  -O2 -c" "EXTRA_COMPILER_FLAGS=-mcpu=cortex-a9 -mfpu=vfpv3 -mfloat-abi=hard -nostartfiles -g -Wall -Wextra"
Compiling qspips
Running Make libs in ps7_cortexa9_0/libsrc/standalone_v6_7/src
make -C ps7_cortexa9_0/libsrc/standalone_v6_7/src -s libs  "SHELL=/bin/sh" "COMPILER=arm-none-eabi-gcc" "ARCHIVER=arm-none-eabi-ar" "COMPILER_FLAGS=  -O2 -c" "EXTRA_COMPILER_FLAGS=-mcpu=cortex-a9 -mfpu=vfpv3 -mfloat-abi=hard -nostartfiles -g -Wall -Wextra"
Compiling standalone
In file included from sleep.c:57:0:
xtime_l.h:89:9: note: #pragma message: For the sleep routines, Global timer is being used
 #pragma message ("For the sleep routines, Global timer is being used")
         ^~~~~~~
In file included from xtime_l.c:53:0:
xtime_l.h:89:9: note: #pragma message: For the sleep routines, Global timer is being used
 #pragma message ("For the sleep routines, Global timer is being used")
         ^~~~~~~
In file included from xil_sleeptimer.c:55:0:
xtime_l.h:89:9: note: #pragma message: For the sleep routines, Global timer is being used
 #pragma message ("For the sleep routines, Global timer is being used")
         ^~~~~~~
In file included from usleep.c:60:0:
xtime_l.h:89:9: note: #pragma message: For the sleep routines, Global timer is being used
 #pragma message ("For the sleep routines, Global timer is being used")
         ^~~~~~~
Running Make libs in ps7_cortexa9_0/libsrc/gpiops_v3_3/src
make -C ps7_cortexa9_0/libsrc/gpiops_v3_3/src -s libs  "SHELL=/bin/sh" "COMPILER=arm-none-eabi-gcc" "ARCHIVER=arm-none-eabi-ar" "COMPILER_FLAGS=  -O2 -c" "EXTRA_COMPILER_FLAGS=-mcpu=cortex-a9 -mfpu=vfpv3 -mfloat-abi=hard -nostartfiles -g -Wall -Wextra"
Compiling gpiops
Running Make libs in ps7_cortexa9_0/libsrc/cpu_cortexa9_v2_6/src
make -C ps7_cortexa9_0/libsrc/cpu_cortexa9_v2_6/src -s libs  "SHELL=/bin/sh" "COMPILER=arm-none-eabi-gcc" "ARCHIVER=arm-none-eabi-ar" "COMPILER_FLAGS=  -O2 -c" "EXTRA_COMPILER_FLAGS=-mcpu=cortex-a9 -mfpu=vfpv3 -mfloat-abi=hard -nostartfiles -g -Wall -Wextra"
Compiling cpu_cortexa9
Running Make libs in ps7_cortexa9_0/libsrc/emacps_v3_7/src
make -C ps7_cortexa9_0/libsrc/emacps_v3_7/src -s libs  "SHELL=/bin/sh" "COMPILER=arm-none-eabi-gcc" "ARCHIVER=arm-none-eabi-ar" "COMPILER_FLAGS=  -O2 -c" "EXTRA_COMPILER_FLAGS=-mcpu=cortex-a9 -mfpu=vfpv3 -mfloat-abi=hard -nostartfiles -g -Wall -Wextra"
Compiling emacps
Running Make libs in ps7_cortexa9_0/libsrc/scugic_v3_9/src
make -C ps7_cortexa9_0/libsrc/scugic_v3_9/src -s libs  "SHELL=/bin/sh" "COMPILER=arm-none-eabi-gcc" "ARCHIVER=arm-none-eabi-ar" "COMPILER_FLAGS=  -O2 -c" "EXTRA_COMPILER_FLAGS=-mcpu=cortex-a9 -mfpu=vfpv3 -mfloat-abi=hard -nostartfiles -g -Wall -Wextra"
Compiling scugic
Running Make libs in ps7_cortexa9_0/libsrc/uartps_v3_6/src
make -C ps7_cortexa9_0/libsrc/uartps_v3_6/src -s libs  "SHELL=/bin/sh" "COMPILER=arm-none-eabi-gcc" "ARCHIVER=arm-none-eabi-ar" "COMPILER_FLAGS=  -O2 -c" "EXTRA_COMPILER_FLAGS=-mcpu=cortex-a9 -mfpu=vfpv3 -mfloat-abi=hard -nostartfiles -g -Wall -Wextra"
Compiling uartps
Running Make libs in ps7_cortexa9_0/libsrc/SideServos_v1_0/src
make -C ps7_cortexa9_0/libsrc/SideServos_v1_0/src -s libs  "SHELL=/bin/sh" "COMPILER=arm-none-eabi-gcc" "ARCHIVER=arm-none-eabi-ar" "COMPILER_FLAGS=  -O2 -c" "EXTRA_COMPILER_FLAGS=-mcpu=cortex-a9 -mfpu=vfpv3 -mfloat-abi=hard -nostartfiles -g -Wall -Wextra"
Compiling SideServos...
SideServos_selftest.c: In function 'SIDESERVOS_Reg_SelfTest':
SideServos_selftest.c:52:59: warning: comparison between signed and unsigned integer expressions [-Wsign-compare]
    if ( SIDESERVOS_mReadReg (baseaddr, read_loop_index*4) != (read_loop_index+1)*READ_WRITE_MUL_FACTOR){
                                                           ^~
SideServos_selftest.c:36:6: warning: unused variable 'Index' [-Wunused-variable]
  int Index;
      ^~~~~
Running Make libs in ps7_cortexa9_0/libsrc/xadcps_v2_2/src
make -C ps7_cortexa9_0/libsrc/xadcps_v2_2/src -s libs  "SHELL=/bin/sh" "COMPILER=arm-none-eabi-gcc" "ARCHIVER=arm-none-eabi-ar" "COMPILER_FLAGS=  -O2 -c" "EXTRA_COMPILER_FLAGS=-mcpu=cortex-a9 -mfpu=vfpv3 -mfloat-abi=hard -nostartfiles -g -Wall -Wextra"
Compiling xadcps
Running Make libs in ps7_cortexa9_0/libsrc/devcfg_v3_5/src
make -C ps7_cortexa9_0/libsrc/devcfg_v3_5/src -s libs  "SHELL=/bin/sh" "COMPILER=arm-none-eabi-gcc" "ARCHIVER=arm-none-eabi-ar" "COMPILER_FLAGS=  -O2 -c" "EXTRA_COMPILER_FLAGS=-mcpu=cortex-a9 -mfpu=vfpv3 -mfloat-abi=hard -nostartfiles -g -Wall -Wextra"
Compiling devcfg
Running Make libs in ps7_cortexa9_0/libsrc/scuwdt_v2_1/src
make -C ps7_cortexa9_0/libsrc/scuwdt_v2_1/src -s libs  "SHELL=/bin/sh" "COMPILER=arm-none-eabi-gcc" "ARCHIVER=arm-none-eabi-ar" "COMPILER_FLAGS=  -O2 -c" "EXTRA_COMPILER_FLAGS=-mcpu=cortex-a9 -mfpu=vfpv3 -mfloat-abi=hard -nostartfiles -g -Wall -Wextra"
Compiling scuwdt
Running Make libs in ps7_cortexa9_0/libsrc/ttcps_v3_6/src
make -C ps7_cortexa9_0/libsrc/ttcps_v3_6/src -s libs  "SHELL=/bin/sh" "COMPILER=arm-none-eabi-gcc" "ARCHIVER=arm-none-eabi-ar" "COMPILER_FLAGS=  -O2 -c" "EXTRA_COMPILER_FLAGS=-mcpu=cortex-a9 -mfpu=vfpv3 -mfloat-abi=hard -nostartfiles -g -Wall -Wextra"
Compiling ttcps
Running Make libs in ps7_cortexa9_0/libsrc/MiddleServo_v1_0/src
make -C ps7_cortexa9_0/libsrc/MiddleServo_v1_0/src -s libs  "SHELL=/bin/sh" "COMPILER=arm-none-eabi-gcc" "ARCHIVER=arm-none-eabi-ar" "COMPILER_FLAGS=  -O2 -c" "EXTRA_COMPILER_FLAGS=-mcpu=cortex-a9 -mfpu=vfpv3 -mfloat-abi=hard -nostartfiles -g -Wall -Wextra"
Compiling MiddleServo...
MiddleServo_selftest.c: In function 'MIDDLESERVO_Reg_SelfTest':
MiddleServo_selftest.c:52:60: warning: comparison between signed and unsigned integer expressions [-Wsign-compare]
    if ( MIDDLESERVO_mReadReg (baseaddr, read_loop_index*4) != (read_loop_index+1)*READ_WRITE_MUL_FACTOR){
                                                            ^~
MiddleServo_selftest.c:36:6: warning: unused variable 'Index' [-Wunused-variable]
  int Index;
      ^~~~~
Running Make libs in ps7_cortexa9_0/libsrc/sdps_v3_5/src
make -C ps7_cortexa9_0/libsrc/sdps_v3_5/src -s libs  "SHELL=/bin/sh" "COMPILER=arm-none-eabi-gcc" "ARCHIVER=arm-none-eabi-ar" "COMPILER_FLAGS=  -O2 -c" "EXTRA_COMPILER_FLAGS=-mcpu=cortex-a9 -mfpu=vfpv3 -mfloat-abi=hard -nostartfiles -g -Wall -Wextra"
Compiling sdps
Running Make libs in ps7_cortexa9_0/libsrc/sensor_readings_v1_0/src
make -C ps7_cortexa9_0/libsrc/sensor_readings_v1_0/src -s libs  "SHELL=/bin/sh" "COMPILER=arm-none-eabi-gcc" "ARCHIVER=arm-none-eabi-ar" "COMPILER_FLAGS=  -O2 -c" "EXTRA_COMPILER_FLAGS=-mcpu=cortex-a9 -mfpu=vfpv3 -mfloat-abi=hard -nostartfiles -g -Wall -Wextra"
Compiling sensor_readings...
sensor_readings_selftest.c: In function 'SENSOR_READINGS_Reg_SelfTest':
sensor_readings_selftest.c:52:64: warning: comparison between signed and unsigned integer expressions [-Wsign-compare]
    if ( SENSOR_READINGS_mReadReg (baseaddr, read_loop_index*4) != (read_loop_index+1)*READ_WRITE_MUL_FACTOR){
                                                                ^~
sensor_readings_selftest.c:36:6: warning: unused variable 'Index' [-Wunused-variable]
  int Index;
      ^~~~~
Running Make libs in ps7_cortexa9_0/libsrc/usbps_v2_4/src
make -C ps7_cortexa9_0/libsrc/usbps_v2_4/src -s libs  "SHELL=/bin/sh" "COMPILER=arm-none-eabi-gcc" "ARCHIVER=arm-none-eabi-ar" "COMPILER_FLAGS=  -O2 -c" "EXTRA_COMPILER_FLAGS=-mcpu=cortex-a9 -mfpu=vfpv3 -mfloat-abi=hard -nostartfiles -g -Wall -Wextra"
Compiling usbps
Running Make libs in ps7_cortexa9_0/libsrc/coresightps_dcc_v1_4/src
make -C ps7_cortexa9_0/libsrc/coresightps_dcc_v1_4/src -s libs  "SHELL=/bin/sh" "COMPILER=arm-none-eabi-gcc" "ARCHIVER=arm-none-eabi-ar" "COMPILER_FLAGS=  -O2 -c" "EXTRA_COMPILER_FLAGS=-mcpu=cortex-a9 -mfpu=vfpv3 -mfloat-abi=hard -nostartfiles -g -Wall -Wextra"
Compiling coresightps_dcc
Running Make libs in ps7_cortexa9_0/libsrc/scutimer_v2_1/src
make -C ps7_cortexa9_0/libsrc/scutimer_v2_1/src -s libs  "SHELL=/bin/sh" "COMPILER=arm-none-eabi-gcc" "ARCHIVER=arm-none-eabi-ar" "COMPILER_FLAGS=  -O2 -c" "EXTRA_COMPILER_FLAGS=-mcpu=cortex-a9 -mfpu=vfpv3 -mfloat-abi=hard -nostartfiles -g -Wall -Wextra"
Compiling scutimer
Finished building libraries
22:23:09 **** Build of configuration Debug for project ultrasonic_radar_main_ps ****
make pre-build main-build 
a9-linaro-pre-build-step
 
Building file: ../src/helloworld.c
Invoking: ARM v7 gcc compiler
arm-none-eabi-gcc -Wall -O0 -g3 -c -fmessage-length=0 -MT"src/helloworld.o" -mcpu=cortex-a9 -mfpu=vfpv3 -mfloat-abi=hard -I../../ultrasonic_radar_main_ps_bsp/ps7_cortexa9_0/include -MMD -MP -MF"src/helloworld.d" -MT"src/helloworld.o" -o "src/helloworld.o" "../src/helloworld.c"
Finished building: ../src/helloworld.c
 
Building file: ../src/platform.c
Invoking: ARM v7 gcc compiler
arm-none-eabi-gcc -Wall -O0 -g3 -c -fmessage-length=0 -MT"src/platform.o" -mcpu=cortex-a9 -mfpu=vfpv3 -mfloat-abi=hard -I../../ultrasonic_radar_main_ps_bsp/ps7_cortexa9_0/include -MMD -MP -MF"src/platform.d" -MT"src/platform.o" -o "src/platform.o" "../src/platform.c"
Finished building: ../src/platform.c
 
Building target: ultrasonic_radar_main_ps.elf
Invoking: ARM v7 gcc linker
arm-none-eabi-gcc -mcpu=cortex-a9 -mfpu=vfpv3 -mfloat-abi=hard -Wl,-build-id=none -specs=Xilinx.spec -Wl,-T -Wl,../src/lscript.ld -L../../ultrasonic_radar_main_ps_bsp/ps7_cortexa9_0/lib -o "ultrasonic_radar_main_ps.elf"  ./src/helloworld.o ./src/platform.o   -Wl,--start-group,-lxil,-lgcc,-lc,--end-group
Finished building target: ultrasonic_radar_main_ps.elf
 
Invoking: ARM v7 Print Size
arm-none-eabi-size ultrasonic_radar_main_ps.elf  |tee "ultrasonic_radar_main_ps.elf.size"
   text	   data	    bss	    dec	    hex	filename
  19352	   1144	  22568	  43064	   a838	ultrasonic_radar_main_ps.elf
Finished building: ultrasonic_radar_main_ps.elf.size
 
22:23:26 **** Auto Build of configuration Debug for project ultrasonic_radar_main_ps ****
make pre-build main-build 
a9-linaro-pre-build-step
 
Building file: ../src/helloworld.c
Invoking: ARM v7 gcc compiler
arm-none-eabi-gcc -Wall -O0 -g3 -c -fmessage-length=0 -MT"src/helloworld.o" -mcpu=cortex-a9 -mfpu=vfpv3 -mfloat-abi=hard -I../../ultrasonic_radar_main_ps_bsp/ps7_cortexa9_0/include -MMD -MP -MF"src/helloworld.d" -MT"src/helloworld.o" -o "src/helloworld.o" "../src/helloworld.c"
In file included from ../src/helloworld.c:6:0:
../../ultrasonic_radar_main_ps_bsp/ps7_cortexa9_0/include/xbasic_types.h:115:2: warning: #warning The xbasics_type.h file is deprecated and users should use xil_types.h and xil_assert. [-Wcpp]
 #warning  The xbasics_type.h file is deprecated and users should use xil_types.h and xil_assert.
  ^~~~~~~
../../ultrasonic_radar_main_ps_bsp/ps7_cortexa9_0/include/xbasic_types.h:116:2: warning: #warning Please refer the Standalone BSP UG647 for further details [-Wcpp]
 #warning  Please refer the Standalone BSP UG647 for further details
  ^~~~~~~
../src/helloworld.c:10:24: error: initializer element is not constant
 Xuint32 *baseaddr_s2 = baseaddr_s1 + 5;
                        ^~~~~~~~~~~
../src/helloworld.c:11:32: error: initializer element is not constant
 Xuint32 *baseaddr_sensor_rst = baseaddr_s1 + 10;
                                ^~~~~~~~~~~
../src/helloworld.c:15:39: error: initializer element is not constant
 Xuint32 *baseaddr_middle_servo_stop = baseaddr_middle_servo_rst + 1; //LSB
                                       ^~~~~~~~~~~~~~~~~~~~~~~~~
../src/helloworld.c:16:48: error: 'baseaddr_middle_servo' undeclared here (not in a function); did you mean 'baseaddr_middle_servo_rst'?
 Xuint32 *baseaddr_middle_servo_current_angle = baseaddr_middle_servo + 2;  //8 lSBs
                                                ^~~~~~~~~~~~~~~~~~~~~
                                                baseaddr_middle_servo_rst
../src/helloworld.c:20:53: error: initializer element is not constant
 Xuint32 *baseaddr_side_servos_write_current_angle = baseaddr_side_servos_rst + 1; //7 LSBs
                                                     ^~~~~~~~~~~~~~~~~~~~~~~~
../src/helloworld.c:21:52: error: initializer element is not constant
 Xuint32 *baseaddr_side_servos_read_current_angle = baseaddr_side_servos_rst + 2; //7 LSBs
                                                    ^~~~~~~~~~~~~~~~~~~~~~~~
../src/helloworld.c: In function 'main':
../src/helloworld.c:49:6: warning: implicit declaration of function 'sleep'; did you mean 'strsep'? [-Wimplicit-function-declaration]
      sleep(1);
      ^~~~~
      strsep
make: *** [src/helloworld.o] Error 1
src/subdir.mk:24: recipe for target 'src/helloworld.o' failed
22:23:53 **** Auto Build of configuration Debug for project ultrasonic_radar_main_ps ****
make pre-build main-build 
a9-linaro-pre-build-step
 
Building file: ../src/helloworld.c
Invoking: ARM v7 gcc compiler
arm-none-eabi-gcc -Wall -O0 -g3 -c -fmessage-length=0 -MT"src/helloworld.o" -mcpu=cortex-a9 -mfpu=vfpv3 -mfloat-abi=hard -I../../ultrasonic_radar_main_ps_bsp/ps7_cortexa9_0/include -MMD -MP -MF"src/helloworld.d" -MT"src/helloworld.o" -o "src/helloworld.o" "../src/helloworld.c"
In file included from ../src/helloworld.c:6:0:
../../ultrasonic_radar_main_ps_bsp/ps7_cortexa9_0/include/xbasic_types.h:115:2: warning: #warning The xbasics_type.h file is deprecated and users should use xil_types.h and xil_assert. [-Wcpp]
 #warning  The xbasics_type.h file is deprecated and users should use xil_types.h and xil_assert.
  ^~~~~~~
../../ultrasonic_radar_main_ps_bsp/ps7_cortexa9_0/include/xbasic_types.h:116:2: warning: #warning Please refer the Standalone BSP UG647 for further details [-Wcpp]
 #warning  Please refer the Standalone BSP UG647 for further details
  ^~~~~~~
../src/helloworld.c:11:32: error: initializer element is not constant
 Xuint32 *baseaddr_sensor_rst = baseaddr_s1 + 10;
                                ^~~~~~~~~~~
../src/helloworld.c:15:39: error: initializer element is not constant
 Xuint32 *baseaddr_middle_servo_stop = baseaddr_middle_servo_rst + 1; //LSB
                                       ^~~~~~~~~~~~~~~~~~~~~~~~~
../src/helloworld.c:16:48: error: 'baseaddr_middle_servo' undeclared here (not in a function); did you mean 'baseaddr_middle_servo_rst'?
 Xuint32 *baseaddr_middle_servo_current_angle = baseaddr_middle_servo + 2;  //8 lSBs
                                                ^~~~~~~~~~~~~~~~~~~~~
                                                baseaddr_middle_servo_rst
../src/helloworld.c:20:53: error: initializer element is not constant
 Xuint32 *baseaddr_side_servos_write_current_angle = baseaddr_side_servos_rst + 1; //7 LSBs
                                                     ^~~~~~~~~~~~~~~~~~~~~~~~
../src/helloworld.c:21:52: error: initializer element is not constant
 Xuint32 *baseaddr_side_servos_read_current_angle = baseaddr_side_servos_rst + 2; //7 LSBs
                                                    ^~~~~~~~~~~~~~~~~~~~~~~~
../src/helloworld.c: In function 'main':
../src/helloworld.c:49:6: warning: implicit declaration of function 'sleep'; did you mean 'strsep'? [-Wimplicit-function-declaration]
      sleep(1);
      ^~~~~
      strsep
src/subdir.mk:24: recipe for target 'src/helloworld.o' failed
make: *** [src/helloworld.o] Error 1
22:23:59 **** Auto Build of configuration Debug for project ultrasonic_radar_main_ps ****
make pre-build main-build 
a9-linaro-pre-build-step
 
Building file: ../src/helloworld.c
Invoking: ARM v7 gcc compiler
arm-none-eabi-gcc -Wall -O0 -g3 -c -fmessage-length=0 -MT"src/helloworld.o" -mcpu=cortex-a9 -mfpu=vfpv3 -mfloat-abi=hard -I../../ultrasonic_radar_main_ps_bsp/ps7_cortexa9_0/include -MMD -MP -MF"src/helloworld.d" -MT"src/helloworld.o" -o "src/helloworld.o" "../src/helloworld.c"
In file included from ../src/helloworld.c:6:0:
../../ultrasonic_radar_main_ps_bsp/ps7_cortexa9_0/include/xbasic_types.h:115:2: warning: #warning The xbasics_type.h file is deprecated and users should use xil_types.h and xil_assert. [-Wcpp]
 #warning  The xbasics_type.h file is deprecated and users should use xil_types.h and xil_assert.
  ^~~~~~~
../../ultrasonic_radar_main_ps_bsp/ps7_cortexa9_0/include/xbasic_types.h:116:2: warning: #warning Please refer the Standalone BSP UG647 for further details [-Wcpp]
 #warning  Please refer the Standalone BSP UG647 for further details
  ^~~~~~~
../src/helloworld.c:15:39: error: initializer element is not constant
 Xuint32 *baseaddr_middle_servo_stop = baseaddr_middle_servo_rst + 1; //LSB
                                       ^~~~~~~~~~~~~~~~~~~~~~~~~
../src/helloworld.c:16:48: error: 'baseaddr_middle_servo' undeclared here (not in a function); did you mean 'baseaddr_middle_servo_rst'?
 Xuint32 *baseaddr_middle_servo_current_angle = baseaddr_middle_servo + 2;  //8 lSBs
                                                ^~~~~~~~~~~~~~~~~~~~~
                                                baseaddr_middle_servo_rst
../src/helloworld.c:20:53: error: initializer element is not constant
 Xuint32 *baseaddr_side_servos_write_current_angle = baseaddr_side_servos_rst + 1; //7 LSBs
                                                     ^~~~~~~~~~~~~~~~~~~~~~~~
../src/helloworld.c:21:52: error: initializer element is not constant
 Xuint32 *baseaddr_side_servos_read_current_angle = baseaddr_side_servos_rst + 2; //7 LSBs
                                                    ^~~~~~~~~~~~~~~~~~~~~~~~
../src/helloworld.c: In function 'main':
../src/helloworld.c:49:6: warning: implicit declaration of function 'sleep'; did you mean 'strsep'? [-Wimplicit-function-declaration]
      sleep(1);
      ^~~~~
      strsep
make: *** [src/helloworld.o] Error 1
src/subdir.mk:24: recipe for target 'src/helloworld.o' failed
22:24:32 **** Auto Build of configuration Debug for project ultrasonic_radar_main_ps ****
make pre-build main-build 
a9-linaro-pre-build-step
 
Building file: ../src/helloworld.c
Invoking: ARM v7 gcc compiler
arm-none-eabi-gcc -Wall -O0 -g3 -c -fmessage-length=0 -MT"src/helloworld.o" -mcpu=cortex-a9 -mfpu=vfpv3 -mfloat-abi=hard -I../../ultrasonic_radar_main_ps_bsp/ps7_cortexa9_0/include -MMD -MP -MF"src/helloworld.d" -MT"src/helloworld.o" -o "src/helloworld.o" "../src/helloworld.c"
In file included from ../src/helloworld.c:6:0:
../../ultrasonic_radar_main_ps_bsp/ps7_cortexa9_0/include/xbasic_types.h:115:2: warning: #warning The xbasics_type.h file is deprecated and users should use xil_types.h and xil_assert. [-Wcpp]
 #warning  The xbasics_type.h file is deprecated and users should use xil_types.h and xil_assert.
  ^~~~~~~
../../ultrasonic_radar_main_ps_bsp/ps7_cortexa9_0/include/xbasic_types.h:116:2: warning: #warning Please refer the Standalone BSP UG647 for further details [-Wcpp]
 #warning  Please refer the Standalone BSP UG647 for further details
  ^~~~~~~
../src/helloworld.c:16:48: error: 'baseaddr_middle_servo' undeclared here (not in a function); did you mean 'baseaddr_middle_servo_rst'?
 Xuint32 *baseaddr_middle_servo_current_angle = baseaddr_middle_servo + 2;  //8 lSBs
                                                ^~~~~~~~~~~~~~~~~~~~~
                                                baseaddr_middle_servo_rst
../src/helloworld.c:20:53: error: initializer element is not constant
 Xuint32 *baseaddr_side_servos_write_current_angle = baseaddr_side_servos_rst + 1; //7 LSBs
                                                     ^~~~~~~~~~~~~~~~~~~~~~~~
../src/helloworld.c:21:52: error: initializer element is not constant
 Xuint32 *baseaddr_side_servos_read_current_angle = baseaddr_side_servos_rst + 2; //7 LSBs
                                                    ^~~~~~~~~~~~~~~~~~~~~~~~
../src/helloworld.c: In function 'main':
../src/helloworld.c:49:6: warning: implicit declaration of function 'sleep'; did you mean 'strsep'? [-Wimplicit-function-declaration]
      sleep(1);
      ^~~~~
      strsep
make: *** [src/helloworld.o] Error 1
src/subdir.mk:24: recipe for target 'src/helloworld.o' failed
22:24:40 **** Auto Build of configuration Debug for project ultrasonic_radar_main_ps ****
make pre-build main-build 
a9-linaro-pre-build-step
 
Building file: ../src/helloworld.c
Invoking: ARM v7 gcc compiler
arm-none-eabi-gcc -Wall -O0 -g3 -c -fmessage-length=0 -MT"src/helloworld.o" -mcpu=cortex-a9 -mfpu=vfpv3 -mfloat-abi=hard -I../../ultrasonic_radar_main_ps_bsp/ps7_cortexa9_0/include -MMD -MP -MF"src/helloworld.d" -MT"src/helloworld.o" -o "src/helloworld.o" "../src/helloworld.c"
In file included from ../src/helloworld.c:6:0:
../../ultrasonic_radar_main_ps_bsp/ps7_cortexa9_0/include/xbasic_types.h:115:2: warning: #warning The xbasics_type.h file is deprecated and users should use xil_types.h and xil_assert. [-Wcpp]
 #warning  The xbasics_type.h file is deprecated and users should use xil_types.h and xil_assert.
  ^~~~~~~
../../ultrasonic_radar_main_ps_bsp/ps7_cortexa9_0/include/xbasic_types.h:116:2: warning: #warning Please refer the Standalone BSP UG647 for further details [-Wcpp]
 #warning  Please refer the Standalone BSP UG647 for further details
  ^~~~~~~
../src/helloworld.c:20:53: error: initializer element is not constant
 Xuint32 *baseaddr_side_servos_write_current_angle = baseaddr_side_servos_rst + 1; //7 LSBs
                                                     ^~~~~~~~~~~~~~~~~~~~~~~~
../src/helloworld.c:21:52: error: initializer element is not constant
 Xuint32 *baseaddr_side_servos_read_current_angle = baseaddr_side_servos_rst + 2; //7 LSBs
                                                    ^~~~~~~~~~~~~~~~~~~~~~~~
../src/helloworld.c: In function 'main':
../src/helloworld.c:49:6: warning: implicit declaration of function 'sleep'; did you mean 'strsep'? [-Wimplicit-function-declaration]
      sleep(1);
      ^~~~~
      strsep
make: *** [src/helloworld.o] Error 1
src/subdir.mk:24: recipe for target 'src/helloworld.o' failed
22:25:01 **** Auto Build of configuration Debug for project ultrasonic_radar_main_ps ****
make pre-build main-build 
a9-linaro-pre-build-step
 
Building file: ../src/helloworld.c
Invoking: ARM v7 gcc compiler
arm-none-eabi-gcc -Wall -O0 -g3 -c -fmessage-length=0 -MT"src/helloworld.o" -mcpu=cortex-a9 -mfpu=vfpv3 -mfloat-abi=hard -I../../ultrasonic_radar_main_ps_bsp/ps7_cortexa9_0/include -MMD -MP -MF"src/helloworld.d" -MT"src/helloworld.o" -o "src/helloworld.o" "../src/helloworld.c"
In file included from ../src/helloworld.c:6:0:
../../ultrasonic_radar_main_ps_bsp/ps7_cortexa9_0/include/xbasic_types.h:115:2: warning: #warning The xbasics_type.h file is deprecated and users should use xil_types.h and xil_assert. [-Wcpp]
 #warning  The xbasics_type.h file is deprecated and users should use xil_types.h and xil_assert.
  ^~~~~~~
../../ultrasonic_radar_main_ps_bsp/ps7_cortexa9_0/include/xbasic_types.h:116:2: warning: #warning Please refer the Standalone BSP UG647 for further details [-Wcpp]
 #warning  Please refer the Standalone BSP UG647 for further details
  ^~~~~~~
../src/helloworld.c: In function 'main':
../src/helloworld.c:49:6: warning: implicit declaration of function 'sleep'; did you mean 'strsep'? [-Wimplicit-function-declaration]
      sleep(1);
      ^~~~~
      strsep
Finished building: ../src/helloworld.c
 
Building target: ultrasonic_radar_main_ps.elf
Invoking: ARM v7 gcc linker
arm-none-eabi-gcc -mcpu=cortex-a9 -mfpu=vfpv3 -mfloat-abi=hard -Wl,-build-id=none -specs=Xilinx.spec -Wl,-T -Wl,../src/lscript.ld -L../../ultrasonic_radar_main_ps_bsp/ps7_cortexa9_0/lib -o "ultrasonic_radar_main_ps.elf"  ./src/helloworld.o ./src/platform.o   -Wl,--start-group,-lxil,-lgcc,-lc,--end-group
Finished building target: ultrasonic_radar_main_ps.elf
 
Invoking: ARM v7 Print Size
arm-none-eabi-size ultrasonic_radar_main_ps.elf  |tee "ultrasonic_radar_main_ps.elf.size"
   text	   data	    bss	    dec	    hex	filename
  75136	   2616	  23328	 101080	  18ad8	ultrasonic_radar_main_ps.elf
Finished building: ultrasonic_radar_main_ps.elf.size
 
22:31:51 **** Clean-only build of configuration Debug for project ultrasonic_radar_main_ps ****
make clean 
rm -rf  ./src/helloworld.o ./src/platform.o  ./src/helloworld.d ./src/platform.d  ultrasonic_radar_main_ps.elf.size  ultrasonic_radar_main_ps.elf
 
22:31:52 **** Auto Build of configuration Debug for project ultrasonic_radar_main_ps ****
make pre-build main-build 
a9-linaro-pre-build-step
 
Building file: ../src/helloworld.c
Invoking: ARM v7 gcc compiler
arm-none-eabi-gcc -Wall -O0 -g3 -c -fmessage-length=0 -MT"src/helloworld.o" -mcpu=cortex-a9 -mfpu=vfpv3 -mfloat-abi=hard -I../../ultrasonic_radar_main_ps_bsp/ps7_cortexa9_0/include -MMD -MP -MF"src/helloworld.d" -MT"src/helloworld.o" -o "src/helloworld.o" "../src/helloworld.c"
In file included from ../src/helloworld.c:6:0:
../../ultrasonic_radar_main_ps_bsp/ps7_cortexa9_0/include/xbasic_types.h:115:2: warning: #warning The xbasics_type.h file is deprecated and users should use xil_types.h and xil_assert. [-Wcpp]
 #warning  The xbasics_type.h file is deprecated and users should use xil_types.h and xil_assert.
  ^~~~~~~
../../ultrasonic_radar_main_ps_bsp/ps7_cortexa9_0/include/xbasic_types.h:116:2: warning: #warning Please refer the Standalone BSP UG647 for further details [-Wcpp]
 #warning  Please refer the Standalone BSP UG647 for further details
  ^~~~~~~
../src/helloworld.c: In function 'main':
../src/helloworld.c:36:6: warning: implicit declaration of function 'xil_print'; did you mean 'xil_printf'? [-Wimplicit-function-declaration]
      xil_print("Sensor 1 Readings \n");
      ^~~~~~~~~
      xil_printf
../src/helloworld.c:49:6: warning: implicit declaration of function 'sleep'; did you mean 'strsep'? [-Wimplicit-function-declaration]
      sleep(1);
      ^~~~~
      strsep
Finished building: ../src/helloworld.c
 
Building file: ../src/platform.c
Invoking: ARM v7 gcc compiler
arm-none-eabi-gcc -Wall -O0 -g3 -c -fmessage-length=0 -MT"src/platform.o" -mcpu=cortex-a9 -mfpu=vfpv3 -mfloat-abi=hard -I../../ultrasonic_radar_main_ps_bsp/ps7_cortexa9_0/include -MMD -MP -MF"src/platform.d" -MT"src/platform.o" -o "src/platform.o" "../src/platform.c"
Finished building: ../src/platform.c
 
Building target: ultrasonic_radar_main_ps.elf
Invoking: ARM v7 gcc linker
arm-none-eabi-gcc -mcpu=cortex-a9 -mfpu=vfpv3 -mfloat-abi=hard -Wl,-build-id=none -specs=Xilinx.spec -Wl,-T -Wl,../src/lscript.ld -L../../ultrasonic_radar_main_ps_bsp/ps7_cortexa9_0/lib -o "ultrasonic_radar_main_ps.elf"  ./src/helloworld.o ./src/platform.o   -Wl,--start-group,-lxil,-lgcc,-lc,--end-group
./src/helloworld.o: In function `main':
/home/saba/Documents/Vivado/Final_Project.sdk/ultrasonic_radar_main_ps/Debug/../src/helloworld.c:36: undefined reference to `xil_print'
/home/saba/Documents/Vivado/Final_Project.sdk/ultrasonic_radar_main_ps/Debug/../src/helloworld.c:37: undefined reference to `xil_print'
/home/saba/Documents/Vivado/Final_Project.sdk/ultrasonic_radar_main_ps/Debug/../src/helloworld.c:38: undefined reference to `xil_print'
/home/saba/Documents/Vivado/Final_Project.sdk/ultrasonic_radar_main_ps/Debug/../src/helloworld.c:39: undefined reference to `xil_print'
/home/saba/Documents/Vivado/Final_Project.sdk/ultrasonic_radar_main_ps/Debug/../src/helloworld.c:40: undefined reference to `xil_print'
./src/helloworld.o:/home/saba/Documents/Vivado/Final_Project.sdk/ultrasonic_radar_main_ps/Debug/../src/helloworld.c:41: more undefined references to `xil_print' follow
makefile:39: recipe for target 'ultrasonic_radar_main_ps.elf' failed
collect2: error: ld returned 1 exit status
make: *** [ultrasonic_radar_main_ps.elf] Error 1
22:32:30 **** Auto Build of configuration Debug for project ultrasonic_radar_main_ps ****
make pre-build main-build 
a9-linaro-pre-build-step
 
Building file: ../src/helloworld.c
Invoking: ARM v7 gcc compiler
arm-none-eabi-gcc -Wall -O0 -g3 -c -fmessage-length=0 -MT"src/helloworld.o" -mcpu=cortex-a9 -mfpu=vfpv3 -mfloat-abi=hard -I../../ultrasonic_radar_main_ps_bsp/ps7_cortexa9_0/include -MMD -MP -MF"src/helloworld.d" -MT"src/helloworld.o" -o "src/helloworld.o" "../src/helloworld.c"
In file included from ../src/helloworld.c:6:0:
../../ultrasonic_radar_main_ps_bsp/ps7_cortexa9_0/include/xbasic_types.h:115:2: warning: #warning The xbasics_type.h file is deprecated and users should use xil_types.h and xil_assert. [-Wcpp]
 #warning  The xbasics_type.h file is deprecated and users should use xil_types.h and xil_assert.
  ^~~~~~~
../../ultrasonic_radar_main_ps_bsp/ps7_cortexa9_0/include/xbasic_types.h:116:2: warning: #warning Please refer the Standalone BSP UG647 for further details [-Wcpp]
 #warning  Please refer the Standalone BSP UG647 for further details
  ^~~~~~~
../src/helloworld.c: In function 'main':
../src/helloworld.c:49:6: warning: implicit declaration of function 'sleep'; did you mean 'strsep'? [-Wimplicit-function-declaration]
      sleep(1);
      ^~~~~
      strsep
Finished building: ../src/helloworld.c
 
Building target: ultrasonic_radar_main_ps.elf
Invoking: ARM v7 gcc linker
arm-none-eabi-gcc -mcpu=cortex-a9 -mfpu=vfpv3 -mfloat-abi=hard -Wl,-build-id=none -specs=Xilinx.spec -Wl,-T -Wl,../src/lscript.ld -L../../ultrasonic_radar_main_ps_bsp/ps7_cortexa9_0/lib -o "ultrasonic_radar_main_ps.elf"  ./src/helloworld.o ./src/platform.o   -Wl,--start-group,-lxil,-lgcc,-lc,--end-group
Finished building target: ultrasonic_radar_main_ps.elf
 
Invoking: ARM v7 Print Size
arm-none-eabi-size ultrasonic_radar_main_ps.elf  |tee "ultrasonic_radar_main_ps.elf.size"
   text	   data	    bss	    dec	    hex	filename
  24984	   1184	  22568	  48736	   be60	ultrasonic_radar_main_ps.elf
Finished building: ultrasonic_radar_main_ps.elf.size
 
22:32:46 **** Incremental Build of configuration Debug for project ultrasonic_radar_main_ps ****
make pre-build main-build 
a9-linaro-pre-build-step
 
make: Nothing to be done for 'main-build'.
22:38:16 **** Auto Build of configuration Debug for project ultrasonic_radar_main_ps ****
make pre-build main-build 
a9-linaro-pre-build-step
 
Building file: ../src/helloworld.c
Invoking: ARM v7 gcc compiler
arm-none-eabi-gcc -Wall -O0 -g3 -c -fmessage-length=0 -MT"src/helloworld.o" -mcpu=cortex-a9 -mfpu=vfpv3 -mfloat-abi=hard -I../../ultrasonic_radar_main_ps_bsp/ps7_cortexa9_0/include -MMD -MP -MF"src/helloworld.d" -MT"src/helloworld.o" -o "src/helloworld.o" "../src/helloworld.c"
In file included from ../src/helloworld.c:6:0:
../../ultrasonic_radar_main_ps_bsp/ps7_cortexa9_0/include/xbasic_types.h:115:2: warning: #warning The xbasics_type.h file is deprecated and users should use xil_types.h and xil_assert. [-Wcpp]
 #warning  The xbasics_type.h file is deprecated and users should use xil_types.h and xil_assert.
  ^~~~~~~
../../ultrasonic_radar_main_ps_bsp/ps7_cortexa9_0/include/xbasic_types.h:116:2: warning: #warning Please refer the Standalone BSP UG647 for further details [-Wcpp]
 #warning  Please refer the Standalone BSP UG647 for further details
  ^~~~~~~
../src/helloworld.c: In function 'main':
../src/helloworld.c:55:6: warning: implicit declaration of function 'sleep'; did you mean 'strsep'? [-Wimplicit-function-declaration]
      sleep(1);
      ^~~~~
      strsep
../src/helloworld.c:39:12: warning: unused variable 's1_4' [-Wunused-variable]
     double s1_4 = 0.0;
            ^~~~
../src/helloworld.c:38:12: warning: unused variable 's1_3' [-Wunused-variable]
     double s1_3 = 0.0;
            ^~~~
../src/helloworld.c:37:12: warning: unused variable 's1_2' [-Wunused-variable]
     double s1_2 = 0.0;
            ^~~~
../src/helloworld.c:36:12: warning: unused variable 's1_1' [-Wunused-variable]
     double s1_1 = 0.0;
            ^~~~
../src/helloworld.c:35:12: warning: unused variable 's1_0' [-Wunused-variable]
     double s1_0 = 0.0;
            ^~~~
Finished building: ../src/helloworld.c
 
Building target: ultrasonic_radar_main_ps.elf
Invoking: ARM v7 gcc linker
arm-none-eabi-gcc -mcpu=cortex-a9 -mfpu=vfpv3 -mfloat-abi=hard -Wl,-build-id=none -specs=Xilinx.spec -Wl,-T -Wl,../src/lscript.ld -L../../ultrasonic_radar_main_ps_bsp/ps7_cortexa9_0/lib -o "ultrasonic_radar_main_ps.elf"  ./src/helloworld.o ./src/platform.o   -Wl,--start-group,-lxil,-lgcc,-lc,--end-group
Finished building target: ultrasonic_radar_main_ps.elf
 
Invoking: ARM v7 Print Size
arm-none-eabi-size ultrasonic_radar_main_ps.elf  |tee "ultrasonic_radar_main_ps.elf.size"
   text	   data	    bss	    dec	    hex	filename
  25048	   1184	  22568	  48800	   bea0	ultrasonic_radar_main_ps.elf
Finished building: ultrasonic_radar_main_ps.elf.size
 
22:38:30 **** Auto Build of configuration Debug for project ultrasonic_radar_main_ps ****
make pre-build main-build 
a9-linaro-pre-build-step
 
Building file: ../src/helloworld.c
Invoking: ARM v7 gcc compiler
arm-none-eabi-gcc -Wall -O0 -g3 -c -fmessage-length=0 -MT"src/helloworld.o" -mcpu=cortex-a9 -mfpu=vfpv3 -mfloat-abi=hard -I../../ultrasonic_radar_main_ps_bsp/ps7_cortexa9_0/include -MMD -MP -MF"src/helloworld.d" -MT"src/helloworld.o" -o "src/helloworld.o" "../src/helloworld.c"
In file included from ../src/helloworld.c:6:0:
../../ultrasonic_radar_main_ps_bsp/ps7_cortexa9_0/include/xbasic_types.h:115:2: warning: #warning The xbasics_type.h file is deprecated and users should use xil_types.h and xil_assert. [-Wcpp]
 #warning  The xbasics_type.h file is deprecated and users should use xil_types.h and xil_assert.
  ^~~~~~~
../../ultrasonic_radar_main_ps_bsp/ps7_cortexa9_0/include/xbasic_types.h:116:2: warning: #warning Please refer the Standalone BSP UG647 for further details [-Wcpp]
 #warning  Please refer the Standalone BSP UG647 for further details
  ^~~~~~~
../src/helloworld.c: In function 'main':
../src/helloworld.c:41:12: error: redefinition of 's1_0'
     double s1_0 = 0.0;
            ^~~~
../src/helloworld.c:35:12: note: previous definition of 's1_0' was here
     double s1_0 = 0.0;
            ^~~~
../src/helloworld.c:42:12: error: redefinition of 's1_1'
     double s1_1 = 0.0;
            ^~~~
../src/helloworld.c:36:12: note: previous definition of 's1_1' was here
     double s1_1 = 0.0;
            ^~~~
../src/helloworld.c:43:12: error: redefinition of 's1_2'
     double s1_2 = 0.0;
            ^~~~
../src/helloworld.c:37:12: note: previous definition of 's1_2' was here
     double s1_2 = 0.0;
            ^~~~
../src/helloworld.c:44:12: error: redefinition of 's1_3'
     double s1_3 = 0.0;
            ^~~~
../src/helloworld.c:38:12: note: previous definition of 's1_3' was here
     double s1_3 = 0.0;
            ^~~~
../src/helloworld.c:45:12: error: redefinition of 's1_4'
     double s1_4 = 0.0;
            ^~~~
../src/helloworld.c:39:12: note: previous definition of 's1_4' was here
     double s1_4 = 0.0;
            ^~~~
../src/helloworld.c:61:6: warning: implicit declaration of function 'sleep'; did you mean 'strsep'? [-Wimplicit-function-declaration]
      sleep(1);
      ^~~~~
      strsep
../src/helloworld.c:45:12: warning: unused variable 's1_4' [-Wunused-variable]
     double s1_4 = 0.0;
            ^~~~
../src/helloworld.c:44:12: warning: unused variable 's1_3' [-Wunused-variable]
src/subdir.mk:24: recipe for target 'src/helloworld.o' failed
     double s1_3 = 0.0;
            ^~~~
../src/helloworld.c:43:12: warning: unused variable 's1_2' [-Wunused-variable]
     double s1_2 = 0.0;
            ^~~~
../src/helloworld.c:42:12: warning: unused variable 's1_1' [-Wunused-variable]
     double s1_1 = 0.0;
            ^~~~
../src/helloworld.c:41:12: warning: unused variable 's1_0' [-Wunused-variable]
     double s1_0 = 0.0;
            ^~~~
make: *** [src/helloworld.o] Error 1
22:38:40 **** Auto Build of configuration Debug for project ultrasonic_radar_main_ps ****
make pre-build main-build 
a9-linaro-pre-build-step
 
Building file: ../src/helloworld.c
Invoking: ARM v7 gcc compiler
arm-none-eabi-gcc -Wall -O0 -g3 -c -fmessage-length=0 -MT"src/helloworld.o" -mcpu=cortex-a9 -mfpu=vfpv3 -mfloat-abi=hard -I../../ultrasonic_radar_main_ps_bsp/ps7_cortexa9_0/include -MMD -MP -MF"src/helloworld.d" -MT"src/helloworld.o" -o "src/helloworld.o" "../src/helloworld.c"
In file included from ../src/helloworld.c:6:0:
../../ultrasonic_radar_main_ps_bsp/ps7_cortexa9_0/include/xbasic_types.h:115:2: warning: #warning The xbasics_type.h file is deprecated and users should use xil_types.h and xil_assert. [-Wcpp]
 #warning  The xbasics_type.h file is deprecated and users should use xil_types.h and xil_assert.
  ^~~~~~~
../../ultrasonic_radar_main_ps_bsp/ps7_cortexa9_0/include/xbasic_types.h:116:2: warning: #warning Please refer the Standalone BSP UG647 for further details [-Wcpp]
 #warning  Please refer the Standalone BSP UG647 for further details
  ^~~~~~~
../src/helloworld.c: In function 'main':
../src/helloworld.c:61:6: warning: implicit declaration of function 'sleep'; did you mean 'strsep'? [-Wimplicit-function-declaration]
      sleep(1);
      ^~~~~
      strsep
../src/helloworld.c:45:12: warning: unused variable 's2_4' [-Wunused-variable]
     double s2_4 = 0.0;
            ^~~~
../src/helloworld.c:44:12: warning: unused variable 's2_3' [-Wunused-variable]
     double s2_3 = 0.0;
            ^~~~
../src/helloworld.c:43:12: warning: unused variable 's2_2' [-Wunused-variable]
     double s2_2 = 0.0;
            ^~~~
../src/helloworld.c:42:12: warning: unused variable 's2_1' [-Wunused-variable]
     double s2_1 = 0.0;
            ^~~~
../src/helloworld.c:41:12: warning: unused variable 's2_0' [-Wunused-variable]
     double s2_0 = 0.0;
            ^~~~
../src/helloworld.c:39:12: warning: unused variable 's1_4' [-Wunused-variable]
     double s1_4 = 0.0;
            ^~~~
../src/helloworld.c:38:12: warning: unused variable 's1_3' [-Wunused-variable]
     double s1_3 = 0.0;
            ^~~~
../src/helloworld.c:37:12: warning: unused variable 's1_2' [-Wunused-variable]
     double s1_2 = 0.0;
            ^~~~
../src/helloworld.c:36:12: warning: unused variable 's1_1' [-Wunused-variable]
     double s1_1 = 0.0;
            ^~~~
../src/helloworld.c:35:12: warning: unused variable 's1_0' [-Wunused-variable]
     double s1_0 = 0.0;
            ^~~~
Finished building: ../src/helloworld.c
 
Building target: ultrasonic_radar_main_ps.elf
Invoking: ARM v7 gcc linker
arm-none-eabi-gcc -mcpu=cortex-a9 -mfpu=vfpv3 -mfloat-abi=hard -Wl,-build-id=none -specs=Xilinx.spec -Wl,-T -Wl,../src/lscript.ld -L../../ultrasonic_radar_main_ps_bsp/ps7_cortexa9_0/lib -o "ultrasonic_radar_main_ps.elf"  ./src/helloworld.o ./src/platform.o   -Wl,--start-group,-lxil,-lgcc,-lc,--end-group
Finished building target: ultrasonic_radar_main_ps.elf
 
Invoking: ARM v7 Print Size
arm-none-eabi-size ultrasonic_radar_main_ps.elf  |tee "ultrasonic_radar_main_ps.elf.size"
   text	   data	    bss	    dec	    hex	filename
  25112	   1184	  22568	  48864	   bee0	ultrasonic_radar_main_ps.elf
Finished building: ultrasonic_radar_main_ps.elf.size
 
22:38:51 **** Auto Build of configuration Debug for project ultrasonic_radar_main_ps ****
make pre-build main-build 
a9-linaro-pre-build-step
 
Building file: ../src/helloworld.c
Invoking: ARM v7 gcc compiler
arm-none-eabi-gcc -Wall -O0 -g3 -c -fmessage-length=0 -MT"src/helloworld.o" -mcpu=cortex-a9 -mfpu=vfpv3 -mfloat-abi=hard -I../../ultrasonic_radar_main_ps_bsp/ps7_cortexa9_0/include -MMD -MP -MF"src/helloworld.d" -MT"src/helloworld.o" -o "src/helloworld.o" "../src/helloworld.c"
In file included from ../src/helloworld.c:6:0:
../../ultrasonic_radar_main_ps_bsp/ps7_cortexa9_0/include/xbasic_types.h:115:2: warning: #warning The xbasics_type.h file is deprecated and users should use xil_types.h and xil_assert. [-Wcpp]
 #warning  The xbasics_type.h file is deprecated and users should use xil_types.h and xil_assert.
  ^~~~~~~
../../ultrasonic_radar_main_ps_bsp/ps7_cortexa9_0/include/xbasic_types.h:116:2: warning: #warning Please refer the Standalone BSP UG647 for further details [-Wcpp]
 #warning  Please refer the Standalone BSP UG647 for further details
  ^~~~~~~
../src/helloworld.c: In function 'main':
../src/helloworld.c:66:6: warning: implicit declaration of function 'sleep'; did you mean 'strsep'? [-Wimplicit-function-declaration]
      sleep(1);
      ^~~~~
      strsep
../src/helloworld.c:45:12: warning: unused variable 's2_4' [-Wunused-variable]
     double s2_4 = 0.0;
            ^~~~
../src/helloworld.c:44:12: warning: unused variable 's2_3' [-Wunused-variable]
     double s2_3 = 0.0;
            ^~~~
../src/helloworld.c:43:12: warning: unused variable 's2_2' [-Wunused-variable]
     double s2_2 = 0.0;
            ^~~~
../src/helloworld.c:42:12: warning: unused variable 's2_1' [-Wunused-variable]
     double s2_1 = 0.0;
            ^~~~
../src/helloworld.c:41:12: warning: unused variable 's2_0' [-Wunused-variable]
     double s2_0 = 0.0;
            ^~~~
../src/helloworld.c:39:12: warning: unused variable 's1_4' [-Wunused-variable]
     double s1_4 = 0.0;
            ^~~~
../src/helloworld.c:38:12: warning: unused variable 's1_3' [-Wunused-variable]
     double s1_3 = 0.0;
            ^~~~
../src/helloworld.c:37:12: warning: unused variable 's1_2' [-Wunused-variable]
     double s1_2 = 0.0;
            ^~~~
../src/helloworld.c:36:12: warning: unused variable 's1_1' [-Wunused-variable]
     double s1_1 = 0.0;
            ^~~~
../src/helloworld.c:35:12: warning: unused variable 's1_0' [-Wunused-variable]
     double s1_0 = 0.0;
            ^~~~
Finished building: ../src/helloworld.c
 
Building target: ultrasonic_radar_main_ps.elf
Invoking: ARM v7 gcc linker
arm-none-eabi-gcc -mcpu=cortex-a9 -mfpu=vfpv3 -mfloat-abi=hard -Wl,-build-id=none -specs=Xilinx.spec -Wl,-T -Wl,../src/lscript.ld -L../../ultrasonic_radar_main_ps_bsp/ps7_cortexa9_0/lib -o "ultrasonic_radar_main_ps.elf"  ./src/helloworld.o ./src/platform.o   -Wl,--start-group,-lxil,-lgcc,-lc,--end-group
Finished building target: ultrasonic_radar_main_ps.elf
 
Invoking: ARM v7 Print Size
arm-none-eabi-size ultrasonic_radar_main_ps.elf  |tee "ultrasonic_radar_main_ps.elf.size"
   text	   data	    bss	    dec	    hex	filename
  19500	   1176	  22568	  43244	   a8ec	ultrasonic_radar_main_ps.elf
Finished building: ultrasonic_radar_main_ps.elf.size
 
22:38:55 **** Auto Build of configuration Debug for project ultrasonic_radar_main_ps ****
make pre-build main-build 
a9-linaro-pre-build-step
 
Building file: ../src/helloworld.c
Invoking: ARM v7 gcc compiler
arm-none-eabi-gcc -Wall -O0 -g3 -c -fmessage-length=0 -MT"src/helloworld.o" -mcpu=cortex-a9 -mfpu=vfpv3 -mfloat-abi=hard -I../../ultrasonic_radar_main_ps_bsp/ps7_cortexa9_0/include -MMD -MP -MF"src/helloworld.d" -MT"src/helloworld.o" -o "src/helloworld.o" "../src/helloworld.c"
In file included from ../src/helloworld.c:6:0:
../../ultrasonic_radar_main_ps_bsp/ps7_cortexa9_0/include/xbasic_types.h:115:2: warning: #warning The xbasics_type.h file is deprecated and users should use xil_types.h and xil_assert. [-Wcpp]
 #warning  The xbasics_type.h file is deprecated and users should use xil_types.h and xil_assert.
  ^~~~~~~
../../ultrasonic_radar_main_ps_bsp/ps7_cortexa9_0/include/xbasic_types.h:116:2: warning: #warning Please refer the Standalone BSP UG647 for further details [-Wcpp]
 #warning  Please refer the Standalone BSP UG647 for further details
  ^~~~~~~
../src/helloworld.c: In function 'main':
../src/helloworld.c:66:6: warning: implicit declaration of function 'sleep'; did you mean 'strsep'? [-Wimplicit-function-declaration]
      sleep(1);
      ^~~~~
      strsep
../src/helloworld.c:45:12: warning: unused variable 's2_4' [-Wunused-variable]
     double s2_4 = 0.0;
            ^~~~
../src/helloworld.c:44:12: warning: unused variable 's2_3' [-Wunused-variable]
     double s2_3 = 0.0;
            ^~~~
../src/helloworld.c:43:12: warning: unused variable 's2_2' [-Wunused-variable]
     double s2_2 = 0.0;
            ^~~~
../src/helloworld.c:42:12: warning: unused variable 's2_1' [-Wunused-variable]
     double s2_1 = 0.0;
            ^~~~
../src/helloworld.c:41:12: warning: unused variable 's2_0' [-Wunused-variable]
     double s2_0 = 0.0;
            ^~~~
../src/helloworld.c:39:12: warning: unused variable 's1_4' [-Wunused-variable]
     double s1_4 = 0.0;
            ^~~~
../src/helloworld.c:38:12: warning: unused variable 's1_3' [-Wunused-variable]
     double s1_3 = 0.0;
            ^~~~
../src/helloworld.c:37:12: warning: unused variable 's1_2' [-Wunused-variable]
     double s1_2 = 0.0;
            ^~~~
../src/helloworld.c:36:12: warning: unused variable 's1_1' [-Wunused-variable]
     double s1_1 = 0.0;
            ^~~~
../src/helloworld.c:35:12: warning: unused variable 's1_0' [-Wunused-variable]
     double s1_0 = 0.0;
            ^~~~
Finished building: ../src/helloworld.c
 
Building target: ultrasonic_radar_main_ps.elf
Invoking: ARM v7 gcc linker
arm-none-eabi-gcc -mcpu=cortex-a9 -mfpu=vfpv3 -mfloat-abi=hard -Wl,-build-id=none -specs=Xilinx.spec -Wl,-T -Wl,../src/lscript.ld -L../../ultrasonic_radar_main_ps_bsp/ps7_cortexa9_0/lib -o "ultrasonic_radar_main_ps.elf"  ./src/helloworld.o ./src/platform.o   -Wl,--start-group,-lxil,-lgcc,-lc,--end-group
Finished building target: ultrasonic_radar_main_ps.elf
 
Invoking: ARM v7 Print Size
arm-none-eabi-size ultrasonic_radar_main_ps.elf  |tee "ultrasonic_radar_main_ps.elf.size"
   text	   data	    bss	    dec	    hex	filename
  19500	   1176	  22568	  43244	   a8ec	ultrasonic_radar_main_ps.elf
Finished building: ultrasonic_radar_main_ps.elf.size
 
22:39:02 **** Auto Build of configuration Debug for project ultrasonic_radar_main_ps ****
make pre-build main-build 
a9-linaro-pre-build-step
 
Building file: ../src/helloworld.c
Invoking: ARM v7 gcc compiler
arm-none-eabi-gcc -Wall -O0 -g3 -c -fmessage-length=0 -MT"src/helloworld.o" -mcpu=cortex-a9 -mfpu=vfpv3 -mfloat-abi=hard -I../../ultrasonic_radar_main_ps_bsp/ps7_cortexa9_0/include -MMD -MP -MF"src/helloworld.d" -MT"src/helloworld.o" -o "src/helloworld.o" "../src/helloworld.c"
In file included from ../src/helloworld.c:6:0:
../../ultrasonic_radar_main_ps_bsp/ps7_cortexa9_0/include/xbasic_types.h:115:2: warning: #warning The xbasics_type.h file is deprecated and users should use xil_types.h and xil_assert. [-Wcpp]
 #warning  The xbasics_type.h file is deprecated and users should use xil_types.h and xil_assert.
  ^~~~~~~
../../ultrasonic_radar_main_ps_bsp/ps7_cortexa9_0/include/xbasic_types.h:116:2: warning: #warning Please refer the Standalone BSP UG647 for further details [-Wcpp]
 #warning  Please refer the Standalone BSP UG647 for further details
  ^~~~~~~
../src/helloworld.c: In function 'main':
../src/helloworld.c:49:6: warning: statement with no effect [-Wunused-value]
      s1_0
      ^~~~
../src/helloworld.c:51:5: error: expected ';' before '}' token
     }
     ^
../src/helloworld.c:66:6: warning: implicit declaration of function 'sleep'; did you mean 'strsep'? [-Wimplicit-function-declaration]
      sleep(1);
      ^~~~~
      strsep
../src/helloworld.c:45:12: warning: unused variable 's2_4' [-Wunused-variable]
     double s2_4 = 0.0;
            ^~~~
../src/helloworld.c:44:12: warning: unused variable 's2_3' [-Wunused-variable]
     double s2_3 = 0.0;
            ^~~~
../src/helloworld.c:43:12: warning: unused variable 's2_2' [-Wunused-variable]
     double s2_2 = 0.0;
            ^~~~
../src/helloworld.c:42:12: warning: unused variable 's2_1' [-Wunused-variable]
     double s2_1 = 0.0;
            ^~~~
src/subdir.mk:24: recipe for target 'src/helloworld.o' failed
../src/helloworld.c:41:12: warning: unused variable 's2_0' [-Wunused-variable]
     double s2_0 = 0.0;
            ^~~~
../src/helloworld.c:39:12: warning: unused variable 's1_4' [-Wunused-variable]
     double s1_4 = 0.0;
            ^~~~
../src/helloworld.c:38:12: warning: unused variable 's1_3' [-Wunused-variable]
     double s1_3 = 0.0;
            ^~~~
../src/helloworld.c:37:12: warning: unused variable 's1_2' [-Wunused-variable]
     double s1_2 = 0.0;
            ^~~~
../src/helloworld.c:36:12: warning: unused variable 's1_1' [-Wunused-variable]
     double s1_1 = 0.0;
            ^~~~
make: *** [src/helloworld.o] Error 1
22:39:06 **** Auto Build of configuration Debug for project ultrasonic_radar_main_ps ****
make pre-build main-build 
a9-linaro-pre-build-step
 
Building file: ../src/helloworld.c
Invoking: ARM v7 gcc compiler
arm-none-eabi-gcc -Wall -O0 -g3 -c -fmessage-length=0 -MT"src/helloworld.o" -mcpu=cortex-a9 -mfpu=vfpv3 -mfloat-abi=hard -I../../ultrasonic_radar_main_ps_bsp/ps7_cortexa9_0/include -MMD -MP -MF"src/helloworld.d" -MT"src/helloworld.o" -o "src/helloworld.o" "../src/helloworld.c"
In file included from ../src/helloworld.c:6:0:
../../ultrasonic_radar_main_ps_bsp/ps7_cortexa9_0/include/xbasic_types.h:115:2: warning: #warning The xbasics_type.h file is deprecated and users should use xil_types.h and xil_assert. [-Wcpp]
 #warning  The xbasics_type.h file is deprecated and users should use xil_types.h and xil_assert.
  ^~~~~~~
../../ultrasonic_radar_main_ps_bsp/ps7_cortexa9_0/include/xbasic_types.h:116:2: warning: #warning Please refer the Standalone BSP UG647 for further details [-Wcpp]
 #warning  Please refer the Standalone BSP UG647 for further details
  ^~~~~~~
../src/helloworld.c: In function 'main':
../src/helloworld.c:51:5: error: expected expression before '}' token
     }
     ^
../src/helloworld.c:66:6: warning: implicit declaration of function 'sleep'; did you mean 'strsep'? [-Wimplicit-function-declaration]
      sleep(1);
      ^~~~~
      strsep
../src/helloworld.c:45:12: warning: unused variable 's2_4' [-Wunused-variable]
     double s2_4 = 0.0;
            ^~~~
../src/helloworld.c:44:12: warning: unused variable 's2_3' [-Wunused-variable]
     double s2_3 = 0.0;
            ^~~~
../src/helloworld.c:43:12: warning: unused variable 's2_2' [-Wunused-variable]
     double s2_2 = 0.0;
            ^~~~
../src/helloworld.c:42:12: warning: unused variable 's2_1' [-Wunused-variable]
     double s2_1 = 0.0;
            ^~~~
../src/helloworld.c:41:12: warning: unused variable 's2_0' [-Wunused-variable]
     double s2_0 = 0.0;
            ^~~~
../src/helloworld.c:39:12: warning: unused variable 's1_4' [-Wunused-variable]
     double s1_4 = 0.0;
            ^~~~
../src/helloworld.c:38:12: warning: unused variable 's1_3' [-Wunused-variable]
     double s1_3 = 0.0;
            ^~~~
../src/helloworld.c:37:12: warning: unused variable 's1_2' [-Wunused-variable]
     double s1_2 = 0.0;
            ^~~~
../src/helloworld.c:36:12: warning: unused variable 's1_1' [-Wunused-variable]
     double s1_1 = 0.0;
            ^~~~
../src/helloworld.c:35:12: warning: variable 's1_0' set but not used [-Wunused-but-set-variable]
     double s1_0 = 0.0;
            ^~~~
src/subdir.mk:24: recipe for target 'src/helloworld.o' failed
make: *** [src/helloworld.o] Error 1
22:39:15 **** Auto Build of configuration Debug for project ultrasonic_radar_main_ps ****
make pre-build main-build 
a9-linaro-pre-build-step
 
Building file: ../src/helloworld.c
Invoking: ARM v7 gcc compiler
arm-none-eabi-gcc -Wall -O0 -g3 -c -fmessage-length=0 -MT"src/helloworld.o" -mcpu=cortex-a9 -mfpu=vfpv3 -mfloat-abi=hard -I../../ultrasonic_radar_main_ps_bsp/ps7_cortexa9_0/include -MMD -MP -MF"src/helloworld.d" -MT"src/helloworld.o" -o "src/helloworld.o" "../src/helloworld.c"
In file included from ../src/helloworld.c:6:0:
../../ultrasonic_radar_main_ps_bsp/ps7_cortexa9_0/include/xbasic_types.h:115:2: warning: #warning The xbasics_type.h file is deprecated and users should use xil_types.h and xil_assert. [-Wcpp]
 #warning  The xbasics_type.h file is deprecated and users should use xil_types.h and xil_assert.
  ^~~~~~~
../../ultrasonic_radar_main_ps_bsp/ps7_cortexa9_0/include/xbasic_types.h:116:2: warning: #warning Please refer the Standalone BSP UG647 for further details [-Wcpp]
 #warning  Please refer the Standalone BSP UG647 for further details
  ^~~~~~~
../src/helloworld.c: In function 'main':
../src/helloworld.c:51:5: error: expected ';' before '}' token
     }
     ^
../src/helloworld.c:66:6: warning: implicit declaration of function 'sleep'; did you mean 'strsep'? [-Wimplicit-function-declaration]
      sleep(1);
      ^~~~~
      strsep
../src/helloworld.c:45:12: warning: unused variable 's2_4' [-Wunused-variable]
     double s2_4 = 0.0;
            ^~~~
../src/helloworld.c:44:12: warning: unused variable 's2_3' [-Wunused-variable]
     double s2_3 = 0.0;
            ^~~~
../src/helloworld.c:43:12: warning: unused variable 's2_2' [-Wunused-variable]
     double s2_2 = 0.0;
            ^~~~
../src/helloworld.c:42:12: warning: unused variable 's2_1' [-Wunused-variable]
     double s2_1 = 0.0;
            ^~~~
../src/helloworld.c:41:12: warning: unused variable 's2_0' [-Wunused-variable]
     double s2_0 = 0.0;
            ^~~~
../src/helloworld.c:39:12: warning: unused variable 's1_4' [-Wunused-variable]
     double s1_4 = 0.0;
            ^~~~
../src/helloworld.c:38:12: warning: unused variable 's1_3' [-Wunused-variable]
     double s1_3 = 0.0;
            ^~~~
../src/helloworld.c:37:12: warning: unused variable 's1_2' [-Wunused-variable]
     double s1_2 = 0.0;
            ^~~~
../src/helloworld.c:36:12: warning: unused variable 's1_1' [-Wunused-variable]
     double s1_1 = 0.0;
            ^~~~
../src/helloworld.c:35:12: warning: variable 's1_0' set but not used [-Wunused-but-set-variable]
     double s1_0 = 0.0;
            ^~~~
make: *** [src/helloworld.o] Error 1
src/subdir.mk:24: recipe for target 'src/helloworld.o' failed
22:39:16 **** Auto Build of configuration Debug for project ultrasonic_radar_main_ps ****
make pre-build main-build 
a9-linaro-pre-build-step
 
Building file: ../src/helloworld.c
Invoking: ARM v7 gcc compiler
arm-none-eabi-gcc -Wall -O0 -g3 -c -fmessage-length=0 -MT"src/helloworld.o" -mcpu=cortex-a9 -mfpu=vfpv3 -mfloat-abi=hard -I../../ultrasonic_radar_main_ps_bsp/ps7_cortexa9_0/include -MMD -MP -MF"src/helloworld.d" -MT"src/helloworld.o" -o "src/helloworld.o" "../src/helloworld.c"
In file included from ../src/helloworld.c:6:0:
../../ultrasonic_radar_main_ps_bsp/ps7_cortexa9_0/include/xbasic_types.h:115:2: warning: #warning The xbasics_type.h file is deprecated and users should use xil_types.h and xil_assert. [-Wcpp]
 #warning  The xbasics_type.h file is deprecated and users should use xil_types.h and xil_assert.
  ^~~~~~~
../../ultrasonic_radar_main_ps_bsp/ps7_cortexa9_0/include/xbasic_types.h:116:2: warning: #warning Please refer the Standalone BSP UG647 for further details [-Wcpp]
 #warning  Please refer the Standalone BSP UG647 for further details
  ^~~~~~~
../src/helloworld.c: In function 'main':
../src/helloworld.c:66:6: warning: implicit declaration of function 'sleep'; did you mean 'strsep'? [-Wimplicit-function-declaration]
      sleep(1);
      ^~~~~
      strsep
../src/helloworld.c:45:12: warning: unused variable 's2_4' [-Wunused-variable]
     double s2_4 = 0.0;
            ^~~~
../src/helloworld.c:44:12: warning: unused variable 's2_3' [-Wunused-variable]
     double s2_3 = 0.0;
            ^~~~
../src/helloworld.c:43:12: warning: unused variable 's2_2' [-Wunused-variable]
     double s2_2 = 0.0;
            ^~~~
../src/helloworld.c:42:12: warning: unused variable 's2_1' [-Wunused-variable]
     double s2_1 = 0.0;
            ^~~~
../src/helloworld.c:41:12: warning: unused variable 's2_0' [-Wunused-variable]
     double s2_0 = 0.0;
            ^~~~
../src/helloworld.c:39:12: warning: unused variable 's1_4' [-Wunused-variable]
     double s1_4 = 0.0;
            ^~~~
../src/helloworld.c:38:12: warning: unused variable 's1_3' [-Wunused-variable]
     double s1_3 = 0.0;
            ^~~~
../src/helloworld.c:37:12: warning: unused variable 's1_2' [-Wunused-variable]
     double s1_2 = 0.0;
            ^~~~
../src/helloworld.c:36:12: warning: unused variable 's1_1' [-Wunused-variable]
     double s1_1 = 0.0;
            ^~~~
../src/helloworld.c:35:12: warning: variable 's1_0' set but not used [-Wunused-but-set-variable]
     double s1_0 = 0.0;
            ^~~~
Finished building: ../src/helloworld.c
 
Building target: ultrasonic_radar_main_ps.elf
Invoking: ARM v7 gcc linker
arm-none-eabi-gcc -mcpu=cortex-a9 -mfpu=vfpv3 -mfloat-abi=hard -Wl,-build-id=none -specs=Xilinx.spec -Wl,-T -Wl,../src/lscript.ld -L../../ultrasonic_radar_main_ps_bsp/ps7_cortexa9_0/lib -o "ultrasonic_radar_main_ps.elf"  ./src/helloworld.o ./src/platform.o   -Wl,--start-group,-lxil,-lgcc,-lc,--end-group
Finished building target: ultrasonic_radar_main_ps.elf
 
Invoking: ARM v7 Print Size
arm-none-eabi-size ultrasonic_radar_main_ps.elf  |tee "ultrasonic_radar_main_ps.elf.size"
   text	   data	    bss	    dec	    hex	filename
  19528	   1176	  22568	  43272	   a908	ultrasonic_radar_main_ps.elf
Finished building: ultrasonic_radar_main_ps.elf.size
 
22:41:15 **** Auto Build of configuration Debug for project ultrasonic_radar_main_ps ****
make pre-build main-build 
a9-linaro-pre-build-step
 
Building file: ../src/helloworld.c
Invoking: ARM v7 gcc compiler
arm-none-eabi-gcc -Wall -O0 -g3 -c -fmessage-length=0 -MT"src/helloworld.o" -mcpu=cortex-a9 -mfpu=vfpv3 -mfloat-abi=hard -I../../ultrasonic_radar_main_ps_bsp/ps7_cortexa9_0/include -MMD -MP -MF"src/helloworld.d" -MT"src/helloworld.o" -o "src/helloworld.o" "../src/helloworld.c"
In file included from ../src/helloworld.c:6:0:
../../ultrasonic_radar_main_ps_bsp/ps7_cortexa9_0/include/xbasic_types.h:115:2: warning: #warning The xbasics_type.h file is deprecated and users should use xil_types.h and xil_assert. [-Wcpp]
 #warning  The xbasics_type.h file is deprecated and users should use xil_types.h and xil_assert.
  ^~~~~~~
../../ultrasonic_radar_main_ps_bsp/ps7_cortexa9_0/include/xbasic_types.h:116:2: warning: #warning Please refer the Standalone BSP UG647 for further details [-Wcpp]
 #warning  Please refer the Standalone BSP UG647 for further details
  ^~~~~~~
../src/helloworld.c: In function 'main':
../src/helloworld.c:66:6: warning: implicit declaration of function 'sleep'; did you mean 'strsep'? [-Wimplicit-function-declaration]
      sleep(1);
      ^~~~~
      strsep
../src/helloworld.c:45:9: warning: unused variable 's2_4' [-Wunused-variable]
     int s2_4 = 0.0;
         ^~~~
../src/helloworld.c:44:9: warning: unused variable 's2_3' [-Wunused-variable]
     int s2_3 = 0.0;
         ^~~~
../src/helloworld.c:43:9: warning: unused variable 's2_2' [-Wunused-variable]
     int s2_2 = 0.0;
         ^~~~
../src/helloworld.c:42:9: warning: unused variable 's2_1' [-Wunused-variable]
     int s2_1 = 0.0;
         ^~~~
../src/helloworld.c:41:9: warning: unused variable 's2_0' [-Wunused-variable]
     int s2_0 = 0.0;
         ^~~~
../src/helloworld.c:39:9: warning: unused variable 's1_4' [-Wunused-variable]
     int s1_4 = 0.0;
         ^~~~
../src/helloworld.c:38:9: warning: unused variable 's1_3' [-Wunused-variable]
     int s1_3 = 0.0;
         ^~~~
../src/helloworld.c:37:9: warning: unused variable 's1_2' [-Wunused-variable]
     int s1_2 = 0.0;
         ^~~~
../src/helloworld.c:36:9: warning: unused variable 's1_1' [-Wunused-variable]
     int s1_1 = 0.0;
         ^~~~
../src/helloworld.c:35:9: warning: variable 's1_0' set but not used [-Wunused-but-set-variable]
     int s1_0 = 0.0;
         ^~~~
Finished building: ../src/helloworld.c
 
Building target: ultrasonic_radar_main_ps.elf
Invoking: ARM v7 gcc linker
arm-none-eabi-gcc -mcpu=cortex-a9 -mfpu=vfpv3 -mfloat-abi=hard -Wl,-build-id=none -specs=Xilinx.spec -Wl,-T -Wl,../src/lscript.ld -L../../ultrasonic_radar_main_ps_bsp/ps7_cortexa9_0/lib -o "ultrasonic_radar_main_ps.elf"  ./src/helloworld.o ./src/platform.o   -Wl,--start-group,-lxil,-lgcc,-lc,--end-group
Finished building target: ultrasonic_radar_main_ps.elf
 
Invoking: ARM v7 Print Size
arm-none-eabi-size ultrasonic_radar_main_ps.elf  |tee "ultrasonic_radar_main_ps.elf.size"
   text	   data	    bss	    dec	    hex	filename
  19480	   1176	  22568	  43224	   a8d8	ultrasonic_radar_main_ps.elf
Finished building: ultrasonic_radar_main_ps.elf.size
 
22:41:35 **** Auto Build of configuration Debug for project ultrasonic_radar_main_ps ****
make pre-build main-build 
a9-linaro-pre-build-step
 
Building file: ../src/helloworld.c
Invoking: ARM v7 gcc compiler
arm-none-eabi-gcc -Wall -O0 -g3 -c -fmessage-length=0 -MT"src/helloworld.o" -mcpu=cortex-a9 -mfpu=vfpv3 -mfloat-abi=hard -I../../ultrasonic_radar_main_ps_bsp/ps7_cortexa9_0/include -MMD -MP -MF"src/helloworld.d" -MT"src/helloworld.o" -o "src/helloworld.o" "../src/helloworld.c"
In file included from ../src/helloworld.c:6:0:
../../ultrasonic_radar_main_ps_bsp/ps7_cortexa9_0/include/xbasic_types.h:115:2: warning: #warning The xbasics_type.h file is deprecated and users should use xil_types.h and xil_assert. [-Wcpp]
 #warning  The xbasics_type.h file is deprecated and users should use xil_types.h and xil_assert.
  ^~~~~~~
../../ultrasonic_radar_main_ps_bsp/ps7_cortexa9_0/include/xbasic_types.h:116:2: warning: #warning Please refer the Standalone BSP UG647 for further details [-Wcpp]
 #warning  Please refer the Standalone BSP UG647 for further details
  ^~~~~~~
../src/helloworld.c: In function 'main':
../src/helloworld.c:67:6: warning: implicit declaration of function 'sleep'; did you mean 'strsep'? [-Wimplicit-function-declaration]
      sleep(1);
      ^~~~~
      strsep
../src/helloworld.c:45:9: warning: unused variable 's2_4' [-Wunused-variable]
     int s2_4 = 0.0;
         ^~~~
../src/helloworld.c:44:9: warning: unused variable 's2_3' [-Wunused-variable]
     int s2_3 = 0.0;
         ^~~~
../src/helloworld.c:43:9: warning: unused variable 's2_2' [-Wunused-variable]
     int s2_2 = 0.0;
         ^~~~
../src/helloworld.c:42:9: warning: unused variable 's2_1' [-Wunused-variable]
     int s2_1 = 0.0;
         ^~~~
../src/helloworld.c:41:9: warning: unused variable 's2_0' [-Wunused-variable]
     int s2_0 = 0.0;
         ^~~~
../src/helloworld.c:39:9: warning: unused variable 's1_4' [-Wunused-variable]
     int s1_4 = 0.0;
         ^~~~
../src/helloworld.c:38:9: warning: unused variable 's1_3' [-Wunused-variable]
     int s1_3 = 0.0;
         ^~~~
../src/helloworld.c:37:9: warning: unused variable 's1_2' [-Wunused-variable]
     int s1_2 = 0.0;
         ^~~~
../src/helloworld.c:36:9: warning: variable 's1_1' set but not used [-Wunused-but-set-variable]
     int s1_1 = 0.0;
         ^~~~
../src/helloworld.c:35:9: warning: variable 's1_0' set but not used [-Wunused-but-set-variable]
     int s1_0 = 0.0;
         ^~~~
Finished building: ../src/helloworld.c
 
Building target: ultrasonic_radar_main_ps.elf
Invoking: ARM v7 gcc linker
arm-none-eabi-gcc -mcpu=cortex-a9 -mfpu=vfpv3 -mfloat-abi=hard -Wl,-build-id=none -specs=Xilinx.spec -Wl,-T -Wl,../src/lscript.ld -L../../ultrasonic_radar_main_ps_bsp/ps7_cortexa9_0/lib -o "ultrasonic_radar_main_ps.elf"  ./src/helloworld.o ./src/platform.o   -Wl,--start-group,-lxil,-lgcc,-lc,--end-group
Finished building target: ultrasonic_radar_main_ps.elf
 
Invoking: ARM v7 Print Size
arm-none-eabi-size ultrasonic_radar_main_ps.elf  |tee "ultrasonic_radar_main_ps.elf.size"
   text	   data	    bss	    dec	    hex	filename
  19504	   1176	  22568	  43248	   a8f0	ultrasonic_radar_main_ps.elf
Finished building: ultrasonic_radar_main_ps.elf.size
 
22:41:53 **** Auto Build of configuration Debug for project ultrasonic_radar_main_ps ****
make pre-build main-build 
a9-linaro-pre-build-step
 
Building file: ../src/helloworld.c
Invoking: ARM v7 gcc compiler
arm-none-eabi-gcc -Wall -O0 -g3 -c -fmessage-length=0 -MT"src/helloworld.o" -mcpu=cortex-a9 -mfpu=vfpv3 -mfloat-abi=hard -I../../ultrasonic_radar_main_ps_bsp/ps7_cortexa9_0/include -MMD -MP -MF"src/helloworld.d" -MT"src/helloworld.o" -o "src/helloworld.o" "../src/helloworld.c"
In file included from ../src/helloworld.c:6:0:
../../ultrasonic_radar_main_ps_bsp/ps7_cortexa9_0/include/xbasic_types.h:115:2: warning: #warning The xbasics_type.h file is deprecated and users should use xil_types.h and xil_assert. [-Wcpp]
 #warning  The xbasics_type.h file is deprecated and users should use xil_types.h and xil_assert.
  ^~~~~~~
../../ultrasonic_radar_main_ps_bsp/ps7_cortexa9_0/include/xbasic_types.h:116:2: warning: #warning Please refer the Standalone BSP UG647 for further details [-Wcpp]
 #warning  Please refer the Standalone BSP UG647 for further details
  ^~~~~~~
../src/helloworld.c: In function 'main':
../src/helloworld.c:70:6: warning: implicit declaration of function 'sleep'; did you mean 'strsep'? [-Wimplicit-function-declaration]
      sleep(1);
      ^~~~~
      strsep
../src/helloworld.c:45:9: warning: unused variable 's2_4' [-Wunused-variable]
     int s2_4 = 0.0;
         ^~~~
../src/helloworld.c:44:9: warning: unused variable 's2_3' [-Wunused-variable]
     int s2_3 = 0.0;
         ^~~~
../src/helloworld.c:43:9: warning: unused variable 's2_2' [-Wunused-variable]
     int s2_2 = 0.0;
         ^~~~
../src/helloworld.c:42:9: warning: unused variable 's2_1' [-Wunused-variable]
     int s2_1 = 0.0;
         ^~~~
../src/helloworld.c:41:9: warning: unused variable 's2_0' [-Wunused-variable]
     int s2_0 = 0.0;
         ^~~~
../src/helloworld.c:39:9: warning: variable 's1_4' set but not used [-Wunused-but-set-variable]
     int s1_4 = 0.0;
         ^~~~
../src/helloworld.c:38:9: warning: variable 's1_3' set but not used [-Wunused-but-set-variable]
     int s1_3 = 0.0;
         ^~~~
../src/helloworld.c:37:9: warning: variable 's1_2' set but not used [-Wunused-but-set-variable]
     int s1_2 = 0.0;
         ^~~~
../src/helloworld.c:36:9: warning: variable 's1_1' set but not used [-Wunused-but-set-variable]
     int s1_1 = 0.0;
         ^~~~
../src/helloworld.c:35:9: warning: variable 's1_0' set but not used [-Wunused-but-set-variable]
     int s1_0 = 0.0;
         ^~~~
Finished building: ../src/helloworld.c
 
Building target: ultrasonic_radar_main_ps.elf
Invoking: ARM v7 gcc linker
arm-none-eabi-gcc -mcpu=cortex-a9 -mfpu=vfpv3 -mfloat-abi=hard -Wl,-build-id=none -specs=Xilinx.spec -Wl,-T -Wl,../src/lscript.ld -L../../ultrasonic_radar_main_ps_bsp/ps7_cortexa9_0/lib -o "ultrasonic_radar_main_ps.elf"  ./src/helloworld.o ./src/platform.o   -Wl,--start-group,-lxil,-lgcc,-lc,--end-group
Finished building target: ultrasonic_radar_main_ps.elf
 
Invoking: ARM v7 Print Size
arm-none-eabi-size ultrasonic_radar_main_ps.elf  |tee "ultrasonic_radar_main_ps.elf.size"
   text	   data	    bss	    dec	    hex	filename
  19576	   1176	  22568	  43320	   a938	ultrasonic_radar_main_ps.elf
Finished building: ultrasonic_radar_main_ps.elf.size
 
22:42:22 **** Auto Build of configuration Debug for project ultrasonic_radar_main_ps ****
make pre-build main-build 
a9-linaro-pre-build-step
 
Building file: ../src/helloworld.c
Invoking: ARM v7 gcc compiler
arm-none-eabi-gcc -Wall -O0 -g3 -c -fmessage-length=0 -MT"src/helloworld.o" -mcpu=cortex-a9 -mfpu=vfpv3 -mfloat-abi=hard -I../../ultrasonic_radar_main_ps_bsp/ps7_cortexa9_0/include -MMD -MP -MF"src/helloworld.d" -MT"src/helloworld.o" -o "src/helloworld.o" "../src/helloworld.c"
In file included from ../src/helloworld.c:6:0:
../../ultrasonic_radar_main_ps_bsp/ps7_cortexa9_0/include/xbasic_types.h:115:2: warning: #warning The xbasics_type.h file is deprecated and users should use xil_types.h and xil_assert. [-Wcpp]
 #warning  The xbasics_type.h file is deprecated and users should use xil_types.h and xil_assert.
  ^~~~~~~
../../ultrasonic_radar_main_ps_bsp/ps7_cortexa9_0/include/xbasic_types.h:116:2: warning: #warning Please refer the Standalone BSP UG647 for further details [-Wcpp]
 #warning  Please refer the Standalone BSP UG647 for further details
  ^~~~~~~
../src/helloworld.c: In function 'main':
../src/helloworld.c:76:6: warning: implicit declaration of function 'sleep'; did you mean 'strsep'? [-Wimplicit-function-declaration]
      sleep(1);
      ^~~~~
      strsep
../src/helloworld.c:45:9: warning: variable 's2_4' set but not used [-Wunused-but-set-variable]
     int s2_4 = 0.0;
         ^~~~
../src/helloworld.c:44:9: warning: variable 's2_3' set but not used [-Wunused-but-set-variable]
     int s2_3 = 0.0;
         ^~~~
../src/helloworld.c:43:9: warning: variable 's2_2' set but not used [-Wunused-but-set-variable]
     int s2_2 = 0.0;
         ^~~~
../src/helloworld.c:42:9: warning: variable 's2_1' set but not used [-Wunused-but-set-variable]
     int s2_1 = 0.0;
         ^~~~
../src/helloworld.c:41:9: warning: variable 's2_0' set but not used [-Wunused-but-set-variable]
     int s2_0 = 0.0;
         ^~~~
../src/helloworld.c:39:9: warning: variable 's1_4' set but not used [-Wunused-but-set-variable]
     int s1_4 = 0.0;
         ^~~~
../src/helloworld.c:38:9: warning: variable 's1_3' set but not used [-Wunused-but-set-variable]
     int s1_3 = 0.0;
         ^~~~
../src/helloworld.c:37:9: warning: variable 's1_2' set but not used [-Wunused-but-set-variable]
     int s1_2 = 0.0;
         ^~~~
../src/helloworld.c:36:9: warning: variable 's1_1' set but not used [-Wunused-but-set-variable]
     int s1_1 = 0.0;
         ^~~~
../src/helloworld.c:35:9: warning: variable 's1_0' set but not used [-Wunused-but-set-variable]
     int s1_0 = 0.0;
         ^~~~
Finished building: ../src/helloworld.c
 
Building target: ultrasonic_radar_main_ps.elf
Invoking: ARM v7 gcc linker
arm-none-eabi-gcc -mcpu=cortex-a9 -mfpu=vfpv3 -mfloat-abi=hard -Wl,-build-id=none -specs=Xilinx.spec -Wl,-T -Wl,../src/lscript.ld -L../../ultrasonic_radar_main_ps_bsp/ps7_cortexa9_0/lib -o "ultrasonic_radar_main_ps.elf"  ./src/helloworld.o ./src/platform.o   -Wl,--start-group,-lxil,-lgcc,-lc,--end-group
Finished building target: ultrasonic_radar_main_ps.elf
 
Invoking: ARM v7 Print Size
arm-none-eabi-size ultrasonic_radar_main_ps.elf  |tee "ultrasonic_radar_main_ps.elf.size"
   text	   data	    bss	    dec	    hex	filename
  19692	   1176	  22568	  43436	   a9ac	ultrasonic_radar_main_ps.elf
Finished building: ultrasonic_radar_main_ps.elf.size
 
22:43:01 **** Auto Build of configuration Debug for project ultrasonic_radar_main_ps ****
make pre-build main-build 
a9-linaro-pre-build-step
 
Building file: ../src/helloworld.c
Invoking: ARM v7 gcc compiler
arm-none-eabi-gcc -Wall -O0 -g3 -c -fmessage-length=0 -MT"src/helloworld.o" -mcpu=cortex-a9 -mfpu=vfpv3 -mfloat-abi=hard -I../../ultrasonic_radar_main_ps_bsp/ps7_cortexa9_0/include -MMD -MP -MF"src/helloworld.d" -MT"src/helloworld.o" -o "src/helloworld.o" "../src/helloworld.c"
In file included from ../src/helloworld.c:6:0:
../../ultrasonic_radar_main_ps_bsp/ps7_cortexa9_0/include/xbasic_types.h:115:2: warning: #warning The xbasics_type.h file is deprecated and users should use xil_types.h and xil_assert. [-Wcpp]
 #warning  The xbasics_type.h file is deprecated and users should use xil_types.h and xil_assert.
  ^~~~~~~
../../ultrasonic_radar_main_ps_bsp/ps7_cortexa9_0/include/xbasic_types.h:116:2: warning: #warning Please refer the Standalone BSP UG647 for further details [-Wcpp]
 #warning  Please refer the Standalone BSP UG647 for further details
  ^~~~~~~
../src/helloworld.c: In function 'main':
../src/helloworld.c:60:6: warning: implicit declaration of function 'sleep'; did you mean 'strsep'? [-Wimplicit-function-declaration]
      sleep(10);
      ^~~~~
      strsep
../src/helloworld.c:45:9: warning: variable 's2_4' set but not used [-Wunused-but-set-variable]
     int s2_4 = 0.0;
         ^~~~
../src/helloworld.c:44:9: warning: variable 's2_3' set but not used [-Wunused-but-set-variable]
     int s2_3 = 0.0;
         ^~~~
../src/helloworld.c:43:9: warning: variable 's2_2' set but not used [-Wunused-but-set-variable]
     int s2_2 = 0.0;
         ^~~~
../src/helloworld.c:42:9: warning: variable 's2_1' set but not used [-Wunused-but-set-variable]
     int s2_1 = 0.0;
         ^~~~
../src/helloworld.c:41:9: warning: variable 's2_0' set but not used [-Wunused-but-set-variable]
     int s2_0 = 0.0;
         ^~~~
../src/helloworld.c:39:9: warning: variable 's1_4' set but not used [-Wunused-but-set-variable]
     int s1_4 = 0.0;
         ^~~~
../src/helloworld.c:38:9: warning: variable 's1_3' set but not used [-Wunused-but-set-variable]
     int s1_3 = 0.0;
         ^~~~
../src/helloworld.c:37:9: warning: variable 's1_2' set but not used [-Wunused-but-set-variable]
     int s1_2 = 0.0;
         ^~~~
../src/helloworld.c:36:9: warning: variable 's1_1' set but not used [-Wunused-but-set-variable]
     int s1_1 = 0.0;
         ^~~~
../src/helloworld.c:35:9: warning: variable 's1_0' set but not used [-Wunused-but-set-variable]
     int s1_0 = 0.0;
         ^~~~
Finished building: ../src/helloworld.c
 
Building target: ultrasonic_radar_main_ps.elf
Invoking: ARM v7 gcc linker
arm-none-eabi-gcc -mcpu=cortex-a9 -mfpu=vfpv3 -mfloat-abi=hard -Wl,-build-id=none -specs=Xilinx.spec -Wl,-T -Wl,../src/lscript.ld -L../../ultrasonic_radar_main_ps_bsp/ps7_cortexa9_0/lib -o "ultrasonic_radar_main_ps.elf"  ./src/helloworld.o ./src/platform.o   -Wl,--start-group,-lxil,-lgcc,-lc,--end-group
Finished building target: ultrasonic_radar_main_ps.elf
 
[...]
make -C ps7_cortexa9_0/libsrc/SideServos_v1_0/src -s libs  "SHELL=/bin/sh" "COMPILER=arm-none-eabi-gcc" "ARCHIVER=arm-none-eabi-ar" "COMPILER_FLAGS=  -O2 -c" "EXTRA_COMPILER_FLAGS=-mcpu=cortex-a9 -mfpu=vfpv3 -mfloat-abi=hard -nostartfiles -g -Wall -Wextra"
Compiling SideServos...
SideServos_selftest.c: In function 'SIDESERVOS_Reg_SelfTest':
SideServos_selftest.c:52:59: warning: comparison between signed and unsigned integer expressions [-Wsign-compare]
    if ( SIDESERVOS_mReadReg (baseaddr, read_loop_index*4) != (read_loop_index+1)*READ_WRITE_MUL_FACTOR){
                                                           ^~
SideServos_selftest.c:36:6: warning: unused variable 'Index' [-Wunused-variable]
  int Index;
      ^~~~~
Running Make libs in ps7_cortexa9_0/libsrc/xadcps_v2_2/src
make -C ps7_cortexa9_0/libsrc/xadcps_v2_2/src -s libs  "SHELL=/bin/sh" "COMPILER=arm-none-eabi-gcc" "ARCHIVER=arm-none-eabi-ar" "COMPILER_FLAGS=  -O2 -c" "EXTRA_COMPILER_FLAGS=-mcpu=cortex-a9 -mfpu=vfpv3 -mfloat-abi=hard -nostartfiles -g -Wall -Wextra"
Compiling xadcps
Running Make libs in ps7_cortexa9_0/libsrc/devcfg_v3_5/src
make -C ps7_cortexa9_0/libsrc/devcfg_v3_5/src -s libs  "SHELL=/bin/sh" "COMPILER=arm-none-eabi-gcc" "ARCHIVER=arm-none-eabi-ar" "COMPILER_FLAGS=  -O2 -c" "EXTRA_COMPILER_FLAGS=-mcpu=cortex-a9 -mfpu=vfpv3 -mfloat-abi=hard -nostartfiles -g -Wall -Wextra"
Compiling devcfg
Running Make libs in ps7_cortexa9_0/libsrc/scuwdt_v2_1/src
make -C ps7_cortexa9_0/libsrc/scuwdt_v2_1/src -s libs  "SHELL=/bin/sh" "COMPILER=arm-none-eabi-gcc" "ARCHIVER=arm-none-eabi-ar" "COMPILER_FLAGS=  -O2 -c" "EXTRA_COMPILER_FLAGS=-mcpu=cortex-a9 -mfpu=vfpv3 -mfloat-abi=hard -nostartfiles -g -Wall -Wextra"
Compiling scuwdt
Running Make libs in ps7_cortexa9_0/libsrc/ttcps_v3_6/src
make -C ps7_cortexa9_0/libsrc/ttcps_v3_6/src -s libs  "SHELL=/bin/sh" "COMPILER=arm-none-eabi-gcc" "ARCHIVER=arm-none-eabi-ar" "COMPILER_FLAGS=  -O2 -c" "EXTRA_COMPILER_FLAGS=-mcpu=cortex-a9 -mfpu=vfpv3 -mfloat-abi=hard -nostartfiles -g -Wall -Wextra"
Compiling ttcps
Running Make libs in ps7_cortexa9_0/libsrc/MiddleServo_v1_0/src
make -C ps7_cortexa9_0/libsrc/MiddleServo_v1_0/src -s libs  "SHELL=/bin/sh" "COMPILER=arm-none-eabi-gcc" "ARCHIVER=arm-none-eabi-ar" "COMPILER_FLAGS=  -O2 -c" "EXTRA_COMPILER_FLAGS=-mcpu=cortex-a9 -mfpu=vfpv3 -mfloat-abi=hard -nostartfiles -g -Wall -Wextra"
Compiling MiddleServo...
MiddleServo_selftest.c: In function 'MIDDLESERVO_Reg_SelfTest':
MiddleServo_selftest.c:52:60: warning: comparison between signed and unsigned integer expressions [-Wsign-compare]
    if ( MIDDLESERVO_mReadReg (baseaddr, read_loop_index*4) != (read_loop_index+1)*READ_WRITE_MUL_FACTOR){
                                                            ^~
MiddleServo_selftest.c:36:6: warning: unused variable 'Index' [-Wunused-variable]
  int Index;
      ^~~~~
Running Make libs in ps7_cortexa9_0/libsrc/sdps_v3_5/src
make -C ps7_cortexa9_0/libsrc/sdps_v3_5/src -s libs  "SHELL=/bin/sh" "COMPILER=arm-none-eabi-gcc" "ARCHIVER=arm-none-eabi-ar" "COMPILER_FLAGS=  -O2 -c" "EXTRA_COMPILER_FLAGS=-mcpu=cortex-a9 -mfpu=vfpv3 -mfloat-abi=hard -nostartfiles -g -Wall -Wextra"
Compiling sdps
Running Make libs in ps7_cortexa9_0/libsrc/sensor_readings_v1_0/src
make -C ps7_cortexa9_0/libsrc/sensor_readings_v1_0/src -s libs  "SHELL=/bin/sh" "COMPILER=arm-none-eabi-gcc" "ARCHIVER=arm-none-eabi-ar" "COMPILER_FLAGS=  -O2 -c" "EXTRA_COMPILER_FLAGS=-mcpu=cortex-a9 -mfpu=vfpv3 -mfloat-abi=hard -nostartfiles -g -Wall -Wextra"
Compiling sensor_readings...
sensor_readings_selftest.c: In function 'SENSOR_READINGS_Reg_SelfTest':
sensor_readings_selftest.c:52:64: warning: comparison between signed and unsigned integer expressions [-Wsign-compare]
    if ( SENSOR_READINGS_mReadReg (baseaddr, read_loop_index*4) != (read_loop_index+1)*READ_WRITE_MUL_FACTOR){
                                                                ^~
sensor_readings_selftest.c:36:6: warning: unused variable 'Index' [-Wunused-variable]
  int Index;
      ^~~~~
Running Make libs in ps7_cortexa9_0/libsrc/usbps_v2_4/src
make -C ps7_cortexa9_0/libsrc/usbps_v2_4/src -s libs  "SHELL=/bin/sh" "COMPILER=arm-none-eabi-gcc" "ARCHIVER=arm-none-eabi-ar" "COMPILER_FLAGS=  -O2 -c" "EXTRA_COMPILER_FLAGS=-mcpu=cortex-a9 -mfpu=vfpv3 -mfloat-abi=hard -nostartfiles -g -Wall -Wextra"
Compiling usbps
Running Make libs in ps7_cortexa9_0/libsrc/coresightps_dcc_v1_4/src
make -C ps7_cortexa9_0/libsrc/coresightps_dcc_v1_4/src -s libs  "SHELL=/bin/sh" "COMPILER=arm-none-eabi-gcc" "ARCHIVER=arm-none-eabi-ar" "COMPILER_FLAGS=  -O2 -c" "EXTRA_COMPILER_FLAGS=-mcpu=cortex-a9 -mfpu=vfpv3 -mfloat-abi=hard -nostartfiles -g -Wall -Wextra"
Compiling coresightps_dcc
Running Make libs in ps7_cortexa9_0/libsrc/scutimer_v2_1/src
make -C ps7_cortexa9_0/libsrc/scutimer_v2_1/src -s libs  "SHELL=/bin/sh" "COMPILER=arm-none-eabi-gcc" "ARCHIVER=arm-none-eabi-ar" "COMPILER_FLAGS=  -O2 -c" "EXTRA_COMPILER_FLAGS=-mcpu=cortex-a9 -mfpu=vfpv3 -mfloat-abi=hard -nostartfiles -g -Wall -Wextra"
Compiling scutimer
Finished building libraries
17:28:41 **** Build of configuration Debug for project ultrasonic_radar_main_ps ****
make pre-build main-build 
a9-linaro-pre-build-step
 
Building file: ../src/helloworld.c
Invoking: ARM v7 gcc compiler
arm-none-eabi-gcc -Wall -O0 -g3 -c -fmessage-length=0 -MT"src/helloworld.o" -mcpu=cortex-a9 -mfpu=vfpv3 -mfloat-abi=hard -I../../ultrasonic_radar_main_ps_bsp/ps7_cortexa9_0/include -MMD -MP -MF"src/helloworld.d" -MT"src/helloworld.o" -o "src/helloworld.o" "../src/helloworld.c"
In file included from ../src/helloworld.c:9:0:
../../ultrasonic_radar_main_ps_bsp/ps7_cortexa9_0/include/xbasic_types.h:115:2: warning: #warning The xbasics_type.h file is deprecated and users should use xil_types.h and xil_assert. [-Wcpp]
 #warning  The xbasics_type.h file is deprecated and users should use xil_types.h and xil_assert.
  ^~~~~~~
../../ultrasonic_radar_main_ps_bsp/ps7_cortexa9_0/include/xbasic_types.h:116:2: warning: #warning Please refer the Standalone BSP UG647 for further details [-Wcpp]
 #warning  Please refer the Standalone BSP UG647 for further details
  ^~~~~~~
Finished building: ../src/helloworld.c
 
Building file: ../src/platform.c
Invoking: ARM v7 gcc compiler
arm-none-eabi-gcc -Wall -O0 -g3 -c -fmessage-length=0 -MT"src/platform.o" -mcpu=cortex-a9 -mfpu=vfpv3 -mfloat-abi=hard -I../../ultrasonic_radar_main_ps_bsp/ps7_cortexa9_0/include -MMD -MP -MF"src/platform.d" -MT"src/platform.o" -o "src/platform.o" "../src/platform.c"
Finished building: ../src/platform.c
 
Building target: ultrasonic_radar_main_ps.elf
Invoking: ARM v7 gcc linker
arm-none-eabi-gcc -mcpu=cortex-a9 -mfpu=vfpv3 -mfloat-abi=hard -Wl,-build-id=none -specs=Xilinx.spec -Wl,-T -Wl,../src/lscript.ld -L../../ultrasonic_radar_main_ps_bsp/ps7_cortexa9_0/lib -o "ultrasonic_radar_main_ps.elf"  ./src/helloworld.o ./src/platform.o   -Wl,--start-group,-lxil,-lgcc,-lc,--end-group
Finished building target: ultrasonic_radar_main_ps.elf
 
Invoking: ARM v7 Print Size
arm-none-eabi-size ultrasonic_radar_main_ps.elf  |tee "ultrasonic_radar_main_ps.elf.size"
   text	   data	    bss	    dec	    hex	filename
  24908	   1184	  22568	  48660	   be14	ultrasonic_radar_main_ps.elf
Finished building: ultrasonic_radar_main_ps.elf.size
 
17:50:38 **** Auto Build of configuration Debug for project ultrasonic_radar_main_ps ****
make pre-build main-build 
a9-linaro-pre-build-step
 
Building file: ../src/helloworld.c
Invoking: ARM v7 gcc compiler
arm-none-eabi-gcc -Wall -O0 -g3 -c -fmessage-length=0 -MT"src/helloworld.o" -mcpu=cortex-a9 -mfpu=vfpv3 -mfloat-abi=hard -I../../ultrasonic_radar_main_ps_bsp/ps7_cortexa9_0/include -MMD -MP -MF"src/helloworld.d" -MT"src/helloworld.o" -o "src/helloworld.o" "../src/helloworld.c"
In file included from ../src/helloworld.c:9:0:
../../ultrasonic_radar_main_ps_bsp/ps7_cortexa9_0/include/xbasic_types.h:115:2: warning: #warning The xbasics_type.h file is deprecated and users should use xil_types.h and xil_assert. [-Wcpp]
 #warning  The xbasics_type.h file is deprecated and users should use xil_types.h and xil_assert.
  ^~~~~~~
../../ultrasonic_radar_main_ps_bsp/ps7_cortexa9_0/include/xbasic_types.h:116:2: warning: #warning Please refer the Standalone BSP UG647 for further details [-Wcpp]
 #warning  Please refer the Standalone BSP UG647 for further details
  ^~~~~~~
Finished building: ../src/helloworld.c
 
Building target: ultrasonic_radar_main_ps.elf
Invoking: ARM v7 gcc linker
arm-none-eabi-gcc -mcpu=cortex-a9 -mfpu=vfpv3 -mfloat-abi=hard -Wl,-build-id=none -specs=Xilinx.spec -Wl,-T -Wl,../src/lscript.ld -L../../ultrasonic_radar_main_ps_bsp/ps7_cortexa9_0/lib -o "ultrasonic_radar_main_ps.elf"  ./src/helloworld.o ./src/platform.o   -Wl,--start-group,-lxil,-lgcc,-lc,--end-group
Finished building target: ultrasonic_radar_main_ps.elf
 
Invoking: ARM v7 Print Size
arm-none-eabi-size ultrasonic_radar_main_ps.elf  |tee "ultrasonic_radar_main_ps.elf.size"
   text	   data	    bss	    dec	    hex	filename
  21900	   1180	  22568	  45648	   b250	ultrasonic_radar_main_ps.elf
Finished building: ultrasonic_radar_main_ps.elf.size
 
17:51:17 **** Auto Build of configuration Debug for project ultrasonic_radar_main_ps ****
make pre-build main-build 
a9-linaro-pre-build-step
 
Building file: ../src/helloworld.c
Invoking: ARM v7 gcc compiler
arm-none-eabi-gcc -Wall -O0 -g3 -c -fmessage-length=0 -MT"src/helloworld.o" -mcpu=cortex-a9 -mfpu=vfpv3 -mfloat-abi=hard -I../../ultrasonic_radar_main_ps_bsp/ps7_cortexa9_0/include -MMD -MP -MF"src/helloworld.d" -MT"src/helloworld.o" -o "src/helloworld.o" "../src/helloworld.c"
In file included from ../src/helloworld.c:9:0:
../../ultrasonic_radar_main_ps_bsp/ps7_cortexa9_0/include/xbasic_types.h:115:2: warning: #warning The xbasics_type.h file is deprecated and users should use xil_types.h and xil_assert. [-Wcpp]
 #warning  The xbasics_type.h file is deprecated and users should use xil_types.h and xil_assert.
  ^~~~~~~
../../ultrasonic_radar_main_ps_bsp/ps7_cortexa9_0/include/xbasic_types.h:116:2: warning: #warning Please refer the Standalone BSP UG647 for further details [-Wcpp]
 #warning  Please refer the Standalone BSP UG647 for further details
  ^~~~~~~
Finished building: ../src/helloworld.c
 
Building target: ultrasonic_radar_main_ps.elf
Invoking: ARM v7 gcc linker
arm-none-eabi-gcc -mcpu=cortex-a9 -mfpu=vfpv3 -mfloat-abi=hard -Wl,-build-id=none -specs=Xilinx.spec -Wl,-T -Wl,../src/lscript.ld -L../../ultrasonic_radar_main_ps_bsp/ps7_cortexa9_0/lib -o "ultrasonic_radar_main_ps.elf"  ./src/helloworld.o ./src/platform.o   -Wl,--start-group,-lxil,-lgcc,-lc,--end-group
Finished building target: ultrasonic_radar_main_ps.elf
 
Invoking: ARM v7 Print Size
arm-none-eabi-size ultrasonic_radar_main_ps.elf  |tee "ultrasonic_radar_main_ps.elf.size"
   text	   data	    bss	    dec	    hex	filename
  21900	   1180	  22568	  45648	   b250	ultrasonic_radar_main_ps.elf
Finished building: ultrasonic_radar_main_ps.elf.size
 
17:51:20 **** Incremental Build of configuration Debug for project ultrasonic_radar_main_ps ****
make pre-build main-build 
a9-linaro-pre-build-step
 
make: Nothing to be done for 'main-build'.
17:52:48 **** Auto Build of configuration Debug for project ultrasonic_radar_main_ps ****
make pre-build main-build 
a9-linaro-pre-build-step
 
Building file: ../src/helloworld.c
Invoking: ARM v7 gcc compiler
arm-none-eabi-gcc -Wall -O0 -g3 -c -fmessage-length=0 -MT"src/helloworld.o" -mcpu=cortex-a9 -mfpu=vfpv3 -mfloat-abi=hard -I../../ultrasonic_radar_main_ps_bsp/ps7_cortexa9_0/include -MMD -MP -MF"src/helloworld.d" -MT"src/helloworld.o" -o "src/helloworld.o" "../src/helloworld.c"
In file included from ../src/helloworld.c:9:0:
../../ultrasonic_radar_main_ps_bsp/ps7_cortexa9_0/include/xbasic_types.h:115:2: warning: #warning The xbasics_type.h file is deprecated and users should use xil_types.h and xil_assert. [-Wcpp]
 #warning  The xbasics_type.h file is deprecated and users should use xil_types.h and xil_assert.
  ^~~~~~~
../../ultrasonic_radar_main_ps_bsp/ps7_cortexa9_0/include/xbasic_types.h:116:2: warning: #warning Please refer the Standalone BSP UG647 for further details [-Wcpp]
 #warning  Please refer the Standalone BSP UG647 for further details
  ^~~~~~~
Finished building: ../src/helloworld.c
 
Building target: ultrasonic_radar_main_ps.elf
Invoking: ARM v7 gcc linker
arm-none-eabi-gcc -mcpu=cortex-a9 -mfpu=vfpv3 -mfloat-abi=hard -Wl,-build-id=none -specs=Xilinx.spec -Wl,-T -Wl,../src/lscript.ld -L../../ultrasonic_radar_main_ps_bsp/ps7_cortexa9_0/lib -o "ultrasonic_radar_main_ps.elf"  ./src/helloworld.o ./src/platform.o   -Wl,--start-group,-lxil,-lgcc,-lc,--end-group
Finished building target: ultrasonic_radar_main_ps.elf
 
Invoking: ARM v7 Print Size
arm-none-eabi-size ultrasonic_radar_main_ps.elf  |tee "ultrasonic_radar_main_ps.elf.size"
   text	   data	    bss	    dec	    hex	filename
  24972	   1184	  22568	  48724	   be54	ultrasonic_radar_main_ps.elf
Finished building: ultrasonic_radar_main_ps.elf.size
 
17:52:55 **** Incremental Build of configuration Debug for project ultrasonic_radar_main_ps ****
make pre-build main-build 
a9-linaro-pre-build-step
 
make: Nothing to be done for 'main-build'.
17:55:35 **** Incremental Build of configuration Debug for project ultrasonic_radar_main_ps ****
make pre-build main-build 
a9-linaro-pre-build-step
 
make: Nothing to be done for 'main-build'.
17:55:54 **** Incremental Build of configuration Debug for project ultrasonic_radar_main_ps ****
make pre-build main-build 
a9-linaro-pre-build-step
 
make: Nothing to be done for 'main-build'.
17:58:15 **** Incremental Build of configuration Debug for project ultrasonic_radar_main_ps ****
make pre-build main-build 
a9-linaro-pre-build-step
 
make: Nothing to be done for 'main-build'.
18:00:30 **** Incremental Build of configuration Debug for project ultrasonic_radar_main_ps ****
make pre-build main-build 
a9-linaro-pre-build-step
 
make: Nothing to be done for 'main-build'.
18:01:40 **** Incremental Build of configuration Debug for project ultrasonic_radar_main_ps ****
make pre-build main-build 
a9-linaro-pre-build-step
 
make: Nothing to be done for 'main-build'.
18:02:23 **** Incremental Build of configuration Debug for project ultrasonic_radar_main_ps ****
make pre-build main-build 
a9-linaro-pre-build-step
 
make: Nothing to be done for 'main-build'.
18:04:08 **** Incremental Build of configuration Debug for project ultrasonic_radar_main_ps ****
make pre-build main-build 
a9-linaro-pre-build-step
 
make: Nothing to be done for 'main-build'.
18:04:44 **** Incremental Build of configuration Debug for project ultrasonic_radar_main_ps ****
make pre-build main-build 
a9-linaro-pre-build-step
 
make: Nothing to be done for 'main-build'.
18:11:24 **** Incremental Build of configuration Debug for project ultrasonic_radar_main_ps ****
make pre-build main-build 
a9-linaro-pre-build-step
 
make: Nothing to be done for 'main-build'.
18:11:28 **** Incremental Build of configuration Debug for project ultrasonic_radar_main_ps ****
make pre-build main-build 
a9-linaro-pre-build-step
 
make: Nothing to be done for 'main-build'.
18:12:14 **** Incremental Build of configuration Debug for project ultrasonic_radar_main_ps ****
make pre-build main-build 
a9-linaro-pre-build-step
 
make: Nothing to be done for 'main-build'.
18:18:44 **** Auto Build of configuration Debug for project ultrasonic_radar_main_ps ****
make pre-build main-build 
a9-linaro-pre-build-step
 
Building file: ../src/helloworld.c
Invoking: ARM v7 gcc compiler
arm-none-eabi-gcc -Wall -O0 -g3 -c -fmessage-length=0 -MT"src/helloworld.o" -mcpu=cortex-a9 -mfpu=vfpv3 -mfloat-abi=hard -I../../ultrasonic_radar_main_ps_bsp/ps7_cortexa9_0/include -MMD -MP -MF"src/helloworld.d" -MT"src/helloworld.o" -o "src/helloworld.o" "../src/helloworld.c"
In file included from ../src/helloworld.c:9:0:
../../ultrasonic_radar_main_ps_bsp/ps7_cortexa9_0/include/xbasic_types.h:115:2: warning: #warning The xbasics_type.h file is deprecated and users should use xil_types.h and xil_assert. [-Wcpp]
 #warning  The xbasics_type.h file is deprecated and users should use xil_types.h and xil_assert.
  ^~~~~~~
../../ultrasonic_radar_main_ps_bsp/ps7_cortexa9_0/include/xbasic_types.h:116:2: warning: #warning Please refer the Standalone BSP UG647 for further details [-Wcpp]
 #warning  Please refer the Standalone BSP UG647 for further details
  ^~~~~~~
Finished building: ../src/helloworld.c
 
Building target: ultrasonic_radar_main_ps.elf
Invoking: ARM v7 gcc linker
arm-none-eabi-gcc -mcpu=cortex-a9 -mfpu=vfpv3 -mfloat-abi=hard -Wl,-build-id=none -specs=Xilinx.spec -Wl,-T -Wl,../src/lscript.ld -L../../ultrasonic_radar_main_ps_bsp/ps7_cortexa9_0/lib -o "ultrasonic_radar_main_ps.elf"  ./src/helloworld.o ./src/platform.o   -Wl,--start-group,-lxil,-lgcc,-lc,--end-group
Finished building target: ultrasonic_radar_main_ps.elf
 
Invoking: ARM v7 Print Size
arm-none-eabi-size ultrasonic_radar_main_ps.elf  |tee "ultrasonic_radar_main_ps.elf.size"
   text	   data	    bss	    dec	    hex	filename
  24972	   1184	  22568	  48724	   be54	ultrasonic_radar_main_ps.elf
Finished building: ultrasonic_radar_main_ps.elf.size
 
18:19:01 **** Incremental Build of configuration Debug for project ultrasonic_radar_main_ps ****
make pre-build main-build 
a9-linaro-pre-build-step
 
make: Nothing to be done for 'main-build'.
18:19:46 **** Auto Build of configuration Debug for project ultrasonic_radar_main_ps ****
make pre-build main-build 
a9-linaro-pre-build-step
 
Building file: ../src/helloworld.c
Invoking: ARM v7 gcc compiler
arm-none-eabi-gcc -Wall -O0 -g3 -c -fmessage-length=0 -MT"src/helloworld.o" -mcpu=cortex-a9 -mfpu=vfpv3 -mfloat-abi=hard -I../../ultrasonic_radar_main_ps_bsp/ps7_cortexa9_0/include -MMD -MP -MF"src/helloworld.d" -MT"src/helloworld.o" -o "src/helloworld.o" "../src/helloworld.c"
In file included from ../src/helloworld.c:9:0:
../../ultrasonic_radar_main_ps_bsp/ps7_cortexa9_0/include/xbasic_types.h:115:2: warning: #warning The xbasics_type.h file is deprecated and users should use xil_types.h and xil_assert. [-Wcpp]
 #warning  The xbasics_type.h file is deprecated and users should use xil_types.h and xil_assert.
  ^~~~~~~
../../ultrasonic_radar_main_ps_bsp/ps7_cortexa9_0/include/xbasic_types.h:116:2: warning: #warning Please refer the Standalone BSP UG647 for further details [-Wcpp]
 #warning  Please refer the Standalone BSP UG647 for further details
  ^~~~~~~
Finished building: ../src/helloworld.c
 
Building target: ultrasonic_radar_main_ps.elf
Invoking: ARM v7 gcc linker
arm-none-eabi-gcc -mcpu=cortex-a9 -mfpu=vfpv3 -mfloat-abi=hard -Wl,-build-id=none -specs=Xilinx.spec -Wl,-T -Wl,../src/lscript.ld -L../../ultrasonic_radar_main_ps_bsp/ps7_cortexa9_0/lib -o "ultrasonic_radar_main_ps.elf"  ./src/helloworld.o ./src/platform.o   -Wl,--start-group,-lxil,-lgcc,-lc,--end-group
Finished building target: ultrasonic_radar_main_ps.elf
 
Invoking: ARM v7 Print Size
arm-none-eabi-size ultrasonic_radar_main_ps.elf  |tee "ultrasonic_radar_main_ps.elf.size"
   text	   data	    bss	    dec	    hex	filename
  24972	   1184	  22568	  48724	   be54	ultrasonic_radar_main_ps.elf
Finished building: ultrasonic_radar_main_ps.elf.size
 
18:21:29 **** Incremental Build of configuration Debug for project ultrasonic_radar_main_ps ****
make pre-build main-build 
a9-linaro-pre-build-step
 
make: Nothing to be done for 'main-build'.
19:00:47 **** Incremental Build of configuration Debug for project ultrasonic_radar_main_ps ****
make pre-build main-build 
a9-linaro-pre-build-step
 
make: Nothing to be done for 'main-build'.
19:00:58 **** Incremental Build of configuration Debug for project ultrasonic_radar_main_ps ****
make pre-build main-build 
a9-linaro-pre-build-step
 
make: Nothing to be done for 'main-build'.
19:02:39 **** Incremental Build of configuration Debug for project ultrasonic_radar_main_ps ****
make pre-build main-build 
a9-linaro-pre-build-step
 
make: Nothing to be done for 'main-build'.
