03:42:52 **** Auto Build of configuration Debug for project uart_rx_tx_example ****
make pre-build main-build 
a9-linaro-pre-build-step
 
Building file: ../src/helloworld.c
Invoking: ARM v7 gcc compiler
arm-none-eabi-gcc -Wall -O0 -g3 -c -fmessage-length=0 -MT"src/helloworld.o" -mcpu=cortex-a9 -mfpu=vfpv3 -mfloat-abi=hard -I../../ultrasonic_radar_main_ps_bsp/ps7_cortexa9_0/include -MMD -MP -MF"src/helloworld.d" -MT"src/helloworld.o" -o "src/helloworld.o" "../src/helloworld.c"
Finished building: ../src/helloworld.c
 
Building target: uart_rx_tx_example.elf
Invoking: ARM v7 gcc linker
arm-none-eabi-gcc -mcpu=cortex-a9 -mfpu=vfpv3 -mfloat-abi=hard -Wl,-build-id=none -specs=Xilinx.spec -Wl,-T -Wl,../src/lscript.ld -L../../ultrasonic_radar_main_ps_bsp/ps7_cortexa9_0/lib -o "uart_rx_tx_example.elf"  ./src/helloworld.o ./src/platform.o   -Wl,--start-group,-lxil,-lgcc,-lc,--end-group
Finished building target: uart_rx_tx_example.elf
 
Invoking: ARM v7 Print Size
arm-none-eabi-size uart_rx_tx_example.elf  |tee "uart_rx_tx_example.elf.size"
   text	   data	    bss	    dec	    hex	filename
  22628	   1144	  22584	  46356	   b514	uart_rx_tx_example.elf
Finished building: uart_rx_tx_example.elf.size
 

03:42:52 Build Finished (took 225ms)

