Copyright 1986-2018 Xilinx, Inc. All Rights Reserved.
--------------------------------------------------------------------------------------------------------------------------------------------------------------------------------------------
| Tool Version : Vivado v.2018.2 (win64) Build 2258646 Thu Jun 14 20:03:12 MDT 2018
| Date         : Sun Nov 25 10:17:05 2018
| Host         : Drew-GLT running 64-bit major release  (build 9200)
| Command      : report_methodology -file SideServos_wrapper_methodology_drc_routed.rpt -pb SideServos_wrapper_methodology_drc_routed.pb -rpx SideServos_wrapper_methodology_drc_routed.rpx
| Design       : SideServos_wrapper
| Device       : xc7z020clg484-1
| Speed File   : -1
| Design State : Routed
--------------------------------------------------------------------------------------------------------------------------------------------------------------------------------------------

Report Methodology

Table of Contents
-----------------
1. REPORT SUMMARY
2. REPORT DETAILS

1. REPORT SUMMARY
-----------------
            Netlist: netlist
          Floorplan: design_1
      Design limits: <entire design considered>
             Max violations: <unlimited>
             Violations found: 139
+-----------+----------+-------------------------------+------------+
| Rule      | Severity | Description                   | Violations |
+-----------+----------+-------------------------------+------------+
| TIMING-16 | Warning  | Large setup violation         | 130        |
| TIMING-17 | Warning  | Non-clocked sequential cell   | 7          |
| TIMING-18 | Warning  | Missing input or output delay | 2          |
+-----------+----------+-------------------------------+------------+

2. REPORT DETAILS
-----------------
TIMING-16#1 Warning
Large setup violation  
There is a large setup violation of -10.646 ns between SideServos_i/SideServos_0/U0/SideServos_v1_0_S00_AXI_inst/SideServos/leftServo2/CLK (clocked by clk_fpga_0) and SideServos_i/SideServos_0/U0/SideServos_v1_0_S00_AXI_inst/SideServos/pwm_left_reg/D (clocked by clk_fpga_0). Large setup violations at the end of those stages might be difficult to fix during the post-placement implementation flow and could be the result of non-optimal XDC constraints or non-optimal design architecture
Related violations: <none>

TIMING-16#2 Warning
Large setup violation  
There is a large setup violation of -10.686 ns between SideServos_i/SideServos_0/U0/SideServos_v1_0_S00_AXI_inst/SideServos/rightServo2/CLK (clocked by clk_fpga_0) and SideServos_i/SideServos_0/U0/SideServos_v1_0_S00_AXI_inst/SideServos/pwm_right_reg/D (clocked by clk_fpga_0). Large setup violations at the end of those stages might be difficult to fix during the post-placement implementation flow and could be the result of non-optimal XDC constraints or non-optimal design architecture
Related violations: <none>

TIMING-16#3 Warning
Large setup violation  
There is a large setup violation of -11.270 ns between SideServos_i/SideServos_0/U0/SideServos_v1_0_S00_AXI_inst/SideServos/leftServo2/CLK (clocked by clk_fpga_0) and SideServos_i/SideServos_0/U0/SideServos_v1_0_S00_AXI_inst/SideServos/count_left_val_reg[20]/R (clocked by clk_fpga_0). Large setup violations at the end of those stages might be difficult to fix during the post-placement implementation flow and could be the result of non-optimal XDC constraints or non-optimal design architecture
Related violations: <none>

TIMING-16#4 Warning
Large setup violation  
There is a large setup violation of -11.270 ns between SideServos_i/SideServos_0/U0/SideServos_v1_0_S00_AXI_inst/SideServos/leftServo2/CLK (clocked by clk_fpga_0) and SideServos_i/SideServos_0/U0/SideServos_v1_0_S00_AXI_inst/SideServos/count_left_val_reg[21]/R (clocked by clk_fpga_0). Large setup violations at the end of those stages might be difficult to fix during the post-placement implementation flow and could be the result of non-optimal XDC constraints or non-optimal design architecture
Related violations: <none>

TIMING-16#5 Warning
Large setup violation  
There is a large setup violation of -11.270 ns between SideServos_i/SideServos_0/U0/SideServos_v1_0_S00_AXI_inst/SideServos/leftServo2/CLK (clocked by clk_fpga_0) and SideServos_i/SideServos_0/U0/SideServos_v1_0_S00_AXI_inst/SideServos/count_left_val_reg[22]/R (clocked by clk_fpga_0). Large setup violations at the end of those stages might be difficult to fix during the post-placement implementation flow and could be the result of non-optimal XDC constraints or non-optimal design architecture
Related violations: <none>

TIMING-16#6 Warning
Large setup violation  
There is a large setup violation of -11.270 ns between SideServos_i/SideServos_0/U0/SideServos_v1_0_S00_AXI_inst/SideServos/leftServo2/CLK (clocked by clk_fpga_0) and SideServos_i/SideServos_0/U0/SideServos_v1_0_S00_AXI_inst/SideServos/count_left_val_reg[23]/R (clocked by clk_fpga_0). Large setup violations at the end of those stages might be difficult to fix during the post-placement implementation flow and could be the result of non-optimal XDC constraints or non-optimal design architecture
Related violations: <none>

TIMING-16#7 Warning
Large setup violation  
There is a large setup violation of -11.298 ns between SideServos_i/SideServos_0/U0/SideServos_v1_0_S00_AXI_inst/SideServos/leftServo2/CLK (clocked by clk_fpga_0) and SideServos_i/SideServos_0/U0/SideServos_v1_0_S00_AXI_inst/SideServos/count_left_val_reg[28]/CE (clocked by clk_fpga_0). Large setup violations at the end of those stages might be difficult to fix during the post-placement implementation flow and could be the result of non-optimal XDC constraints or non-optimal design architecture
Related violations: <none>

TIMING-16#8 Warning
Large setup violation  
There is a large setup violation of -11.298 ns between SideServos_i/SideServos_0/U0/SideServos_v1_0_S00_AXI_inst/SideServos/leftServo2/CLK (clocked by clk_fpga_0) and SideServos_i/SideServos_0/U0/SideServos_v1_0_S00_AXI_inst/SideServos/count_left_val_reg[29]/CE (clocked by clk_fpga_0). Large setup violations at the end of those stages might be difficult to fix during the post-placement implementation flow and could be the result of non-optimal XDC constraints or non-optimal design architecture
Related violations: <none>

TIMING-16#9 Warning
Large setup violation  
There is a large setup violation of -11.298 ns between SideServos_i/SideServos_0/U0/SideServos_v1_0_S00_AXI_inst/SideServos/leftServo2/CLK (clocked by clk_fpga_0) and SideServos_i/SideServos_0/U0/SideServos_v1_0_S00_AXI_inst/SideServos/count_left_val_reg[30]/CE (clocked by clk_fpga_0). Large setup violations at the end of those stages might be difficult to fix during the post-placement implementation flow and could be the result of non-optimal XDC constraints or non-optimal design architecture
Related violations: <none>

TIMING-16#10 Warning
Large setup violation  
There is a large setup violation of -11.298 ns between SideServos_i/SideServos_0/U0/SideServos_v1_0_S00_AXI_inst/SideServos/leftServo2/CLK (clocked by clk_fpga_0) and SideServos_i/SideServos_0/U0/SideServos_v1_0_S00_AXI_inst/SideServos/count_left_val_reg[31]/CE (clocked by clk_fpga_0). Large setup violations at the end of those stages might be difficult to fix during the post-placement implementation flow and could be the result of non-optimal XDC constraints or non-optimal design architecture
Related violations: <none>

TIMING-16#11 Warning
Large setup violation  
There is a large setup violation of -11.313 ns between SideServos_i/SideServos_0/U0/SideServos_v1_0_S00_AXI_inst/SideServos/leftServo2/CLK (clocked by clk_fpga_0) and SideServos_i/SideServos_0/U0/SideServos_v1_0_S00_AXI_inst/SideServos/count_left_val_reg[20]/CE (clocked by clk_fpga_0). Large setup violations at the end of those stages might be difficult to fix during the post-placement implementation flow and could be the result of non-optimal XDC constraints or non-optimal design architecture
Related violations: <none>

TIMING-16#12 Warning
Large setup violation  
There is a large setup violation of -11.313 ns between SideServos_i/SideServos_0/U0/SideServos_v1_0_S00_AXI_inst/SideServos/leftServo2/CLK (clocked by clk_fpga_0) and SideServos_i/SideServos_0/U0/SideServos_v1_0_S00_AXI_inst/SideServos/count_left_val_reg[21]/CE (clocked by clk_fpga_0). Large setup violations at the end of those stages might be difficult to fix during the post-placement implementation flow and could be the result of non-optimal XDC constraints or non-optimal design architecture
Related violations: <none>

TIMING-16#13 Warning
Large setup violation  
There is a large setup violation of -11.313 ns between SideServos_i/SideServos_0/U0/SideServos_v1_0_S00_AXI_inst/SideServos/leftServo2/CLK (clocked by clk_fpga_0) and SideServos_i/SideServos_0/U0/SideServos_v1_0_S00_AXI_inst/SideServos/count_left_val_reg[22]/CE (clocked by clk_fpga_0). Large setup violations at the end of those stages might be difficult to fix during the post-placement implementation flow and could be the result of non-optimal XDC constraints or non-optimal design architecture
Related violations: <none>

TIMING-16#14 Warning
Large setup violation  
There is a large setup violation of -11.313 ns between SideServos_i/SideServos_0/U0/SideServos_v1_0_S00_AXI_inst/SideServos/leftServo2/CLK (clocked by clk_fpga_0) and SideServos_i/SideServos_0/U0/SideServos_v1_0_S00_AXI_inst/SideServos/count_left_val_reg[23]/CE (clocked by clk_fpga_0). Large setup violations at the end of those stages might be difficult to fix during the post-placement implementation flow and could be the result of non-optimal XDC constraints or non-optimal design architecture
Related violations: <none>

TIMING-16#15 Warning
Large setup violation  
There is a large setup violation of -11.401 ns between SideServos_i/SideServos_0/U0/SideServos_v1_0_S00_AXI_inst/SideServos/leftServo2/CLK (clocked by clk_fpga_0) and SideServos_i/SideServos_0/U0/SideServos_v1_0_S00_AXI_inst/SideServos/count_left_val_reg[28]/R (clocked by clk_fpga_0). Large setup violations at the end of those stages might be difficult to fix during the post-placement implementation flow and could be the result of non-optimal XDC constraints or non-optimal design architecture
Related violations: <none>

TIMING-16#16 Warning
Large setup violation  
There is a large setup violation of -11.401 ns between SideServos_i/SideServos_0/U0/SideServos_v1_0_S00_AXI_inst/SideServos/leftServo2/CLK (clocked by clk_fpga_0) and SideServos_i/SideServos_0/U0/SideServos_v1_0_S00_AXI_inst/SideServos/count_left_val_reg[29]/R (clocked by clk_fpga_0). Large setup violations at the end of those stages might be difficult to fix during the post-placement implementation flow and could be the result of non-optimal XDC constraints or non-optimal design architecture
Related violations: <none>

TIMING-16#17 Warning
Large setup violation  
There is a large setup violation of -11.401 ns between SideServos_i/SideServos_0/U0/SideServos_v1_0_S00_AXI_inst/SideServos/leftServo2/CLK (clocked by clk_fpga_0) and SideServos_i/SideServos_0/U0/SideServos_v1_0_S00_AXI_inst/SideServos/count_left_val_reg[30]/R (clocked by clk_fpga_0). Large setup violations at the end of those stages might be difficult to fix during the post-placement implementation flow and could be the result of non-optimal XDC constraints or non-optimal design architecture
Related violations: <none>

TIMING-16#18 Warning
Large setup violation  
There is a large setup violation of -11.401 ns between SideServos_i/SideServos_0/U0/SideServos_v1_0_S00_AXI_inst/SideServos/leftServo2/CLK (clocked by clk_fpga_0) and SideServos_i/SideServos_0/U0/SideServos_v1_0_S00_AXI_inst/SideServos/count_left_val_reg[31]/R (clocked by clk_fpga_0). Large setup violations at the end of those stages might be difficult to fix during the post-placement implementation flow and could be the result of non-optimal XDC constraints or non-optimal design architecture
Related violations: <none>

TIMING-16#19 Warning
Large setup violation  
There is a large setup violation of -11.407 ns between SideServos_i/SideServos_0/U0/SideServos_v1_0_S00_AXI_inst/SideServos/leftServo2/CLK (clocked by clk_fpga_0) and SideServos_i/SideServos_0/U0/SideServos_v1_0_S00_AXI_inst/SideServos/count_left_val_reg[24]/R (clocked by clk_fpga_0). Large setup violations at the end of those stages might be difficult to fix during the post-placement implementation flow and could be the result of non-optimal XDC constraints or non-optimal design architecture
Related violations: <none>

TIMING-16#20 Warning
Large setup violation  
There is a large setup violation of -11.407 ns between SideServos_i/SideServos_0/U0/SideServos_v1_0_S00_AXI_inst/SideServos/leftServo2/CLK (clocked by clk_fpga_0) and SideServos_i/SideServos_0/U0/SideServos_v1_0_S00_AXI_inst/SideServos/count_left_val_reg[25]/R (clocked by clk_fpga_0). Large setup violations at the end of those stages might be difficult to fix during the post-placement implementation flow and could be the result of non-optimal XDC constraints or non-optimal design architecture
Related violations: <none>

TIMING-16#21 Warning
Large setup violation  
There is a large setup violation of -11.407 ns between SideServos_i/SideServos_0/U0/SideServos_v1_0_S00_AXI_inst/SideServos/leftServo2/CLK (clocked by clk_fpga_0) and SideServos_i/SideServos_0/U0/SideServos_v1_0_S00_AXI_inst/SideServos/count_left_val_reg[26]/R (clocked by clk_fpga_0). Large setup violations at the end of those stages might be difficult to fix during the post-placement implementation flow and could be the result of non-optimal XDC constraints or non-optimal design architecture
Related violations: <none>

TIMING-16#22 Warning
Large setup violation  
There is a large setup violation of -11.407 ns between SideServos_i/SideServos_0/U0/SideServos_v1_0_S00_AXI_inst/SideServos/leftServo2/CLK (clocked by clk_fpga_0) and SideServos_i/SideServos_0/U0/SideServos_v1_0_S00_AXI_inst/SideServos/count_left_val_reg[27]/R (clocked by clk_fpga_0). Large setup violations at the end of those stages might be difficult to fix during the post-placement implementation flow and could be the result of non-optimal XDC constraints or non-optimal design architecture
Related violations: <none>

TIMING-16#23 Warning
Large setup violation  
There is a large setup violation of -11.421 ns between SideServos_i/SideServos_0/U0/SideServos_v1_0_S00_AXI_inst/SideServos/leftServo2/CLK (clocked by clk_fpga_0) and SideServos_i/SideServos_0/U0/SideServos_v1_0_S00_AXI_inst/SideServos/count_left_val_reg[12]/R (clocked by clk_fpga_0). Large setup violations at the end of those stages might be difficult to fix during the post-placement implementation flow and could be the result of non-optimal XDC constraints or non-optimal design architecture
Related violations: <none>

TIMING-16#24 Warning
Large setup violation  
There is a large setup violation of -11.421 ns between SideServos_i/SideServos_0/U0/SideServos_v1_0_S00_AXI_inst/SideServos/leftServo2/CLK (clocked by clk_fpga_0) and SideServos_i/SideServos_0/U0/SideServos_v1_0_S00_AXI_inst/SideServos/count_left_val_reg[13]/R (clocked by clk_fpga_0). Large setup violations at the end of those stages might be difficult to fix during the post-placement implementation flow and could be the result of non-optimal XDC constraints or non-optimal design architecture
Related violations: <none>

TIMING-16#25 Warning
Large setup violation  
There is a large setup violation of -11.421 ns between SideServos_i/SideServos_0/U0/SideServos_v1_0_S00_AXI_inst/SideServos/leftServo2/CLK (clocked by clk_fpga_0) and SideServos_i/SideServos_0/U0/SideServos_v1_0_S00_AXI_inst/SideServos/count_left_val_reg[14]/R (clocked by clk_fpga_0). Large setup violations at the end of those stages might be difficult to fix during the post-placement implementation flow and could be the result of non-optimal XDC constraints or non-optimal design architecture
Related violations: <none>

TIMING-16#26 Warning
Large setup violation  
There is a large setup violation of -11.421 ns between SideServos_i/SideServos_0/U0/SideServos_v1_0_S00_AXI_inst/SideServos/leftServo2/CLK (clocked by clk_fpga_0) and SideServos_i/SideServos_0/U0/SideServos_v1_0_S00_AXI_inst/SideServos/count_left_val_reg[15]/R (clocked by clk_fpga_0). Large setup violations at the end of those stages might be difficult to fix during the post-placement implementation flow and could be the result of non-optimal XDC constraints or non-optimal design architecture
Related violations: <none>

TIMING-16#27 Warning
Large setup violation  
There is a large setup violation of -11.438 ns between SideServos_i/SideServos_0/U0/SideServos_v1_0_S00_AXI_inst/SideServos/leftServo2/CLK (clocked by clk_fpga_0) and SideServos_i/SideServos_0/U0/SideServos_v1_0_S00_AXI_inst/SideServos/count_left_val_reg[24]/CE (clocked by clk_fpga_0). Large setup violations at the end of those stages might be difficult to fix during the post-placement implementation flow and could be the result of non-optimal XDC constraints or non-optimal design architecture
Related violations: <none>

TIMING-16#28 Warning
Large setup violation  
There is a large setup violation of -11.438 ns between SideServos_i/SideServos_0/U0/SideServos_v1_0_S00_AXI_inst/SideServos/leftServo2/CLK (clocked by clk_fpga_0) and SideServos_i/SideServos_0/U0/SideServos_v1_0_S00_AXI_inst/SideServos/count_left_val_reg[25]/CE (clocked by clk_fpga_0). Large setup violations at the end of those stages might be difficult to fix during the post-placement implementation flow and could be the result of non-optimal XDC constraints or non-optimal design architecture
Related violations: <none>

TIMING-16#29 Warning
Large setup violation  
There is a large setup violation of -11.438 ns between SideServos_i/SideServos_0/U0/SideServos_v1_0_S00_AXI_inst/SideServos/leftServo2/CLK (clocked by clk_fpga_0) and SideServos_i/SideServos_0/U0/SideServos_v1_0_S00_AXI_inst/SideServos/count_left_val_reg[26]/CE (clocked by clk_fpga_0). Large setup violations at the end of those stages might be difficult to fix during the post-placement implementation flow and could be the result of non-optimal XDC constraints or non-optimal design architecture
Related violations: <none>

TIMING-16#30 Warning
Large setup violation  
There is a large setup violation of -11.438 ns between SideServos_i/SideServos_0/U0/SideServos_v1_0_S00_AXI_inst/SideServos/leftServo2/CLK (clocked by clk_fpga_0) and SideServos_i/SideServos_0/U0/SideServos_v1_0_S00_AXI_inst/SideServos/count_left_val_reg[27]/CE (clocked by clk_fpga_0). Large setup violations at the end of those stages might be difficult to fix during the post-placement implementation flow and could be the result of non-optimal XDC constraints or non-optimal design architecture
Related violations: <none>

TIMING-16#31 Warning
Large setup violation  
There is a large setup violation of -11.453 ns between SideServos_i/SideServos_0/U0/SideServos_v1_0_S00_AXI_inst/SideServos/leftServo2/CLK (clocked by clk_fpga_0) and SideServos_i/SideServos_0/U0/SideServos_v1_0_S00_AXI_inst/SideServos/count_left_val_reg[16]/CE (clocked by clk_fpga_0). Large setup violations at the end of those stages might be difficult to fix during the post-placement implementation flow and could be the result of non-optimal XDC constraints or non-optimal design architecture
Related violations: <none>

TIMING-16#32 Warning
Large setup violation  
There is a large setup violation of -11.453 ns between SideServos_i/SideServos_0/U0/SideServos_v1_0_S00_AXI_inst/SideServos/leftServo2/CLK (clocked by clk_fpga_0) and SideServos_i/SideServos_0/U0/SideServos_v1_0_S00_AXI_inst/SideServos/count_left_val_reg[17]/CE (clocked by clk_fpga_0). Large setup violations at the end of those stages might be difficult to fix during the post-placement implementation flow and could be the result of non-optimal XDC constraints or non-optimal design architecture
Related violations: <none>

TIMING-16#33 Warning
Large setup violation  
There is a large setup violation of -11.453 ns between SideServos_i/SideServos_0/U0/SideServos_v1_0_S00_AXI_inst/SideServos/leftServo2/CLK (clocked by clk_fpga_0) and SideServos_i/SideServos_0/U0/SideServos_v1_0_S00_AXI_inst/SideServos/count_left_val_reg[18]/CE (clocked by clk_fpga_0). Large setup violations at the end of those stages might be difficult to fix during the post-placement implementation flow and could be the result of non-optimal XDC constraints or non-optimal design architecture
Related violations: <none>

TIMING-16#34 Warning
Large setup violation  
There is a large setup violation of -11.453 ns between SideServos_i/SideServos_0/U0/SideServos_v1_0_S00_AXI_inst/SideServos/leftServo2/CLK (clocked by clk_fpga_0) and SideServos_i/SideServos_0/U0/SideServos_v1_0_S00_AXI_inst/SideServos/count_left_val_reg[19]/CE (clocked by clk_fpga_0). Large setup violations at the end of those stages might be difficult to fix during the post-placement implementation flow and could be the result of non-optimal XDC constraints or non-optimal design architecture
Related violations: <none>

TIMING-16#35 Warning
Large setup violation  
There is a large setup violation of -11.467 ns between SideServos_i/SideServos_0/U0/SideServos_v1_0_S00_AXI_inst/SideServos/leftServo2/CLK (clocked by clk_fpga_0) and SideServos_i/SideServos_0/U0/SideServos_v1_0_S00_AXI_inst/SideServos/count_left_val_reg[12]/CE (clocked by clk_fpga_0). Large setup violations at the end of those stages might be difficult to fix during the post-placement implementation flow and could be the result of non-optimal XDC constraints or non-optimal design architecture
Related violations: <none>

TIMING-16#36 Warning
Large setup violation  
There is a large setup violation of -11.467 ns between SideServos_i/SideServos_0/U0/SideServos_v1_0_S00_AXI_inst/SideServos/leftServo2/CLK (clocked by clk_fpga_0) and SideServos_i/SideServos_0/U0/SideServos_v1_0_S00_AXI_inst/SideServos/count_left_val_reg[13]/CE (clocked by clk_fpga_0). Large setup violations at the end of those stages might be difficult to fix during the post-placement implementation flow and could be the result of non-optimal XDC constraints or non-optimal design architecture
Related violations: <none>

TIMING-16#37 Warning
Large setup violation  
There is a large setup violation of -11.467 ns between SideServos_i/SideServos_0/U0/SideServos_v1_0_S00_AXI_inst/SideServos/leftServo2/CLK (clocked by clk_fpga_0) and SideServos_i/SideServos_0/U0/SideServos_v1_0_S00_AXI_inst/SideServos/count_left_val_reg[14]/CE (clocked by clk_fpga_0). Large setup violations at the end of those stages might be difficult to fix during the post-placement implementation flow and could be the result of non-optimal XDC constraints or non-optimal design architecture
Related violations: <none>

TIMING-16#38 Warning
Large setup violation  
There is a large setup violation of -11.467 ns between SideServos_i/SideServos_0/U0/SideServos_v1_0_S00_AXI_inst/SideServos/leftServo2/CLK (clocked by clk_fpga_0) and SideServos_i/SideServos_0/U0/SideServos_v1_0_S00_AXI_inst/SideServos/count_left_val_reg[15]/CE (clocked by clk_fpga_0). Large setup violations at the end of those stages might be difficult to fix during the post-placement implementation flow and could be the result of non-optimal XDC constraints or non-optimal design architecture
Related violations: <none>

TIMING-16#39 Warning
Large setup violation  
There is a large setup violation of -11.471 ns between SideServos_i/SideServos_0/U0/SideServos_v1_0_S00_AXI_inst/SideServos/leftServo2/CLK (clocked by clk_fpga_0) and SideServos_i/SideServos_0/U0/SideServos_v1_0_S00_AXI_inst/SideServos/count_left_val_reg[10]/R (clocked by clk_fpga_0). Large setup violations at the end of those stages might be difficult to fix during the post-placement implementation flow and could be the result of non-optimal XDC constraints or non-optimal design architecture
Related violations: <none>

TIMING-16#40 Warning
Large setup violation  
There is a large setup violation of -11.471 ns between SideServos_i/SideServos_0/U0/SideServos_v1_0_S00_AXI_inst/SideServos/leftServo2/CLK (clocked by clk_fpga_0) and SideServos_i/SideServos_0/U0/SideServos_v1_0_S00_AXI_inst/SideServos/count_left_val_reg[11]/R (clocked by clk_fpga_0). Large setup violations at the end of those stages might be difficult to fix during the post-placement implementation flow and could be the result of non-optimal XDC constraints or non-optimal design architecture
Related violations: <none>

TIMING-16#41 Warning
Large setup violation  
There is a large setup violation of -11.471 ns between SideServos_i/SideServos_0/U0/SideServos_v1_0_S00_AXI_inst/SideServos/leftServo2/CLK (clocked by clk_fpga_0) and SideServos_i/SideServos_0/U0/SideServos_v1_0_S00_AXI_inst/SideServos/count_left_val_reg[8]/R (clocked by clk_fpga_0). Large setup violations at the end of those stages might be difficult to fix during the post-placement implementation flow and could be the result of non-optimal XDC constraints or non-optimal design architecture
Related violations: <none>

TIMING-16#42 Warning
Large setup violation  
There is a large setup violation of -11.471 ns between SideServos_i/SideServos_0/U0/SideServos_v1_0_S00_AXI_inst/SideServos/leftServo2/CLK (clocked by clk_fpga_0) and SideServos_i/SideServos_0/U0/SideServos_v1_0_S00_AXI_inst/SideServos/count_left_val_reg[9]/R (clocked by clk_fpga_0). Large setup violations at the end of those stages might be difficult to fix during the post-placement implementation flow and could be the result of non-optimal XDC constraints or non-optimal design architecture
Related violations: <none>

TIMING-16#43 Warning
Large setup violation  
There is a large setup violation of -11.475 ns between SideServos_i/SideServos_0/U0/SideServos_v1_0_S00_AXI_inst/SideServos/leftServo2/CLK (clocked by clk_fpga_0) and SideServos_i/SideServos_0/U0/SideServos_v1_0_S00_AXI_inst/SideServos/count_left_val_reg[4]/CE (clocked by clk_fpga_0). Large setup violations at the end of those stages might be difficult to fix during the post-placement implementation flow and could be the result of non-optimal XDC constraints or non-optimal design architecture
Related violations: <none>

TIMING-16#44 Warning
Large setup violation  
There is a large setup violation of -11.475 ns between SideServos_i/SideServos_0/U0/SideServos_v1_0_S00_AXI_inst/SideServos/leftServo2/CLK (clocked by clk_fpga_0) and SideServos_i/SideServos_0/U0/SideServos_v1_0_S00_AXI_inst/SideServos/count_left_val_reg[5]/CE (clocked by clk_fpga_0). Large setup violations at the end of those stages might be difficult to fix during the post-placement implementation flow and could be the result of non-optimal XDC constraints or non-optimal design architecture
Related violations: <none>

TIMING-16#45 Warning
Large setup violation  
There is a large setup violation of -11.475 ns between SideServos_i/SideServos_0/U0/SideServos_v1_0_S00_AXI_inst/SideServos/leftServo2/CLK (clocked by clk_fpga_0) and SideServos_i/SideServos_0/U0/SideServos_v1_0_S00_AXI_inst/SideServos/count_left_val_reg[6]/CE (clocked by clk_fpga_0). Large setup violations at the end of those stages might be difficult to fix during the post-placement implementation flow and could be the result of non-optimal XDC constraints or non-optimal design architecture
Related violations: <none>

TIMING-16#46 Warning
Large setup violation  
There is a large setup violation of -11.475 ns between SideServos_i/SideServos_0/U0/SideServos_v1_0_S00_AXI_inst/SideServos/leftServo2/CLK (clocked by clk_fpga_0) and SideServos_i/SideServos_0/U0/SideServos_v1_0_S00_AXI_inst/SideServos/count_left_val_reg[7]/CE (clocked by clk_fpga_0). Large setup violations at the end of those stages might be difficult to fix during the post-placement implementation flow and could be the result of non-optimal XDC constraints or non-optimal design architecture
Related violations: <none>

TIMING-16#47 Warning
Large setup violation  
There is a large setup violation of -11.478 ns between SideServos_i/SideServos_0/U0/SideServos_v1_0_S00_AXI_inst/SideServos/rightServo2/CLK (clocked by clk_fpga_0) and SideServos_i/SideServos_0/U0/SideServos_v1_0_S00_AXI_inst/SideServos/count_right_val_reg[24]/CE (clocked by clk_fpga_0). Large setup violations at the end of those stages might be difficult to fix during the post-placement implementation flow and could be the result of non-optimal XDC constraints or non-optimal design architecture
Related violations: <none>

TIMING-16#48 Warning
Large setup violation  
There is a large setup violation of -11.478 ns between SideServos_i/SideServos_0/U0/SideServos_v1_0_S00_AXI_inst/SideServos/rightServo2/CLK (clocked by clk_fpga_0) and SideServos_i/SideServos_0/U0/SideServos_v1_0_S00_AXI_inst/SideServos/count_right_val_reg[25]/CE (clocked by clk_fpga_0). Large setup violations at the end of those stages might be difficult to fix during the post-placement implementation flow and could be the result of non-optimal XDC constraints or non-optimal design architecture
Related violations: <none>

TIMING-16#49 Warning
Large setup violation  
There is a large setup violation of -11.478 ns between SideServos_i/SideServos_0/U0/SideServos_v1_0_S00_AXI_inst/SideServos/rightServo2/CLK (clocked by clk_fpga_0) and SideServos_i/SideServos_0/U0/SideServos_v1_0_S00_AXI_inst/SideServos/count_right_val_reg[26]/CE (clocked by clk_fpga_0). Large setup violations at the end of those stages might be difficult to fix during the post-placement implementation flow and could be the result of non-optimal XDC constraints or non-optimal design architecture
Related violations: <none>

TIMING-16#50 Warning
Large setup violation  
There is a large setup violation of -11.478 ns between SideServos_i/SideServos_0/U0/SideServos_v1_0_S00_AXI_inst/SideServos/rightServo2/CLK (clocked by clk_fpga_0) and SideServos_i/SideServos_0/U0/SideServos_v1_0_S00_AXI_inst/SideServos/count_right_val_reg[27]/CE (clocked by clk_fpga_0). Large setup violations at the end of those stages might be difficult to fix during the post-placement implementation flow and could be the result of non-optimal XDC constraints or non-optimal design architecture
Related violations: <none>

TIMING-16#51 Warning
Large setup violation  
There is a large setup violation of -11.495 ns between SideServos_i/SideServos_0/U0/SideServos_v1_0_S00_AXI_inst/SideServos/rightServo2/CLK (clocked by clk_fpga_0) and SideServos_i/SideServos_0/U0/SideServos_v1_0_S00_AXI_inst/SideServos/count_right_val_reg[28]/CE (clocked by clk_fpga_0). Large setup violations at the end of those stages might be difficult to fix during the post-placement implementation flow and could be the result of non-optimal XDC constraints or non-optimal design architecture
Related violations: <none>

TIMING-16#52 Warning
Large setup violation  
There is a large setup violation of -11.495 ns between SideServos_i/SideServos_0/U0/SideServos_v1_0_S00_AXI_inst/SideServos/rightServo2/CLK (clocked by clk_fpga_0) and SideServos_i/SideServos_0/U0/SideServos_v1_0_S00_AXI_inst/SideServos/count_right_val_reg[29]/CE (clocked by clk_fpga_0). Large setup violations at the end of those stages might be difficult to fix during the post-placement implementation flow and could be the result of non-optimal XDC constraints or non-optimal design architecture
Related violations: <none>

TIMING-16#53 Warning
Large setup violation  
There is a large setup violation of -11.495 ns between SideServos_i/SideServos_0/U0/SideServos_v1_0_S00_AXI_inst/SideServos/rightServo2/CLK (clocked by clk_fpga_0) and SideServos_i/SideServos_0/U0/SideServos_v1_0_S00_AXI_inst/SideServos/count_right_val_reg[30]/CE (clocked by clk_fpga_0). Large setup violations at the end of those stages might be difficult to fix during the post-placement implementation flow and could be the result of non-optimal XDC constraints or non-optimal design architecture
Related violations: <none>

TIMING-16#54 Warning
Large setup violation  
There is a large setup violation of -11.495 ns between SideServos_i/SideServos_0/U0/SideServos_v1_0_S00_AXI_inst/SideServos/rightServo2/CLK (clocked by clk_fpga_0) and SideServos_i/SideServos_0/U0/SideServos_v1_0_S00_AXI_inst/SideServos/count_right_val_reg[31]/CE (clocked by clk_fpga_0). Large setup violations at the end of those stages might be difficult to fix during the post-placement implementation flow and could be the result of non-optimal XDC constraints or non-optimal design architecture
Related violations: <none>

TIMING-16#55 Warning
Large setup violation  
There is a large setup violation of -11.498 ns between SideServos_i/SideServos_0/U0/SideServos_v1_0_S00_AXI_inst/SideServos/leftServo2/CLK (clocked by clk_fpga_0) and SideServos_i/SideServos_0/U0/SideServos_v1_0_S00_AXI_inst/SideServos/count_left_val_reg[16]/R (clocked by clk_fpga_0). Large setup violations at the end of those stages might be difficult to fix during the post-placement implementation flow and could be the result of non-optimal XDC constraints or non-optimal design architecture
Related violations: <none>

TIMING-16#56 Warning
Large setup violation  
There is a large setup violation of -11.498 ns between SideServos_i/SideServos_0/U0/SideServos_v1_0_S00_AXI_inst/SideServos/leftServo2/CLK (clocked by clk_fpga_0) and SideServos_i/SideServos_0/U0/SideServos_v1_0_S00_AXI_inst/SideServos/count_left_val_reg[17]/R (clocked by clk_fpga_0). Large setup violations at the end of those stages might be difficult to fix during the post-placement implementation flow and could be the result of non-optimal XDC constraints or non-optimal design architecture
Related violations: <none>

TIMING-16#57 Warning
Large setup violation  
There is a large setup violation of -11.498 ns between SideServos_i/SideServos_0/U0/SideServos_v1_0_S00_AXI_inst/SideServos/leftServo2/CLK (clocked by clk_fpga_0) and SideServos_i/SideServos_0/U0/SideServos_v1_0_S00_AXI_inst/SideServos/count_left_val_reg[18]/R (clocked by clk_fpga_0). Large setup violations at the end of those stages might be difficult to fix during the post-placement implementation flow and could be the result of non-optimal XDC constraints or non-optimal design architecture
Related violations: <none>

TIMING-16#58 Warning
Large setup violation  
There is a large setup violation of -11.498 ns between SideServos_i/SideServos_0/U0/SideServos_v1_0_S00_AXI_inst/SideServos/leftServo2/CLK (clocked by clk_fpga_0) and SideServos_i/SideServos_0/U0/SideServos_v1_0_S00_AXI_inst/SideServos/count_left_val_reg[19]/R (clocked by clk_fpga_0). Large setup violations at the end of those stages might be difficult to fix during the post-placement implementation flow and could be the result of non-optimal XDC constraints or non-optimal design architecture
Related violations: <none>

TIMING-16#59 Warning
Large setup violation  
There is a large setup violation of -11.516 ns between SideServos_i/SideServos_0/U0/SideServos_v1_0_S00_AXI_inst/SideServos/rightServo2/CLK (clocked by clk_fpga_0) and SideServos_i/SideServos_0/U0/SideServos_v1_0_S00_AXI_inst/SideServos/count_right_val_reg[4]/R (clocked by clk_fpga_0). Large setup violations at the end of those stages might be difficult to fix during the post-placement implementation flow and could be the result of non-optimal XDC constraints or non-optimal design architecture
Related violations: <none>

TIMING-16#60 Warning
Large setup violation  
There is a large setup violation of -11.516 ns between SideServos_i/SideServos_0/U0/SideServos_v1_0_S00_AXI_inst/SideServos/rightServo2/CLK (clocked by clk_fpga_0) and SideServos_i/SideServos_0/U0/SideServos_v1_0_S00_AXI_inst/SideServos/count_right_val_reg[5]/R (clocked by clk_fpga_0). Large setup violations at the end of those stages might be difficult to fix during the post-placement implementation flow and could be the result of non-optimal XDC constraints or non-optimal design architecture
Related violations: <none>

TIMING-16#61 Warning
Large setup violation  
There is a large setup violation of -11.516 ns between SideServos_i/SideServos_0/U0/SideServos_v1_0_S00_AXI_inst/SideServos/rightServo2/CLK (clocked by clk_fpga_0) and SideServos_i/SideServos_0/U0/SideServos_v1_0_S00_AXI_inst/SideServos/count_right_val_reg[6]/R (clocked by clk_fpga_0). Large setup violations at the end of those stages might be difficult to fix during the post-placement implementation flow and could be the result of non-optimal XDC constraints or non-optimal design architecture
Related violations: <none>

TIMING-16#62 Warning
Large setup violation  
There is a large setup violation of -11.516 ns between SideServos_i/SideServos_0/U0/SideServos_v1_0_S00_AXI_inst/SideServos/rightServo2/CLK (clocked by clk_fpga_0) and SideServos_i/SideServos_0/U0/SideServos_v1_0_S00_AXI_inst/SideServos/count_right_val_reg[7]/R (clocked by clk_fpga_0). Large setup violations at the end of those stages might be difficult to fix during the post-placement implementation flow and could be the result of non-optimal XDC constraints or non-optimal design architecture
Related violations: <none>

TIMING-16#63 Warning
Large setup violation  
There is a large setup violation of -11.573 ns between SideServos_i/SideServos_0/U0/SideServos_v1_0_S00_AXI_inst/SideServos/leftServo2/CLK (clocked by clk_fpga_0) and SideServos_i/SideServos_0/U0/SideServos_v1_0_S00_AXI_inst/SideServos/count_left_val_reg[4]/R (clocked by clk_fpga_0). Large setup violations at the end of those stages might be difficult to fix during the post-placement implementation flow and could be the result of non-optimal XDC constraints or non-optimal design architecture
Related violations: <none>

TIMING-16#64 Warning
Large setup violation  
There is a large setup violation of -11.573 ns between SideServos_i/SideServos_0/U0/SideServos_v1_0_S00_AXI_inst/SideServos/leftServo2/CLK (clocked by clk_fpga_0) and SideServos_i/SideServos_0/U0/SideServos_v1_0_S00_AXI_inst/SideServos/count_left_val_reg[5]/R (clocked by clk_fpga_0). Large setup violations at the end of those stages might be difficult to fix during the post-placement implementation flow and could be the result of non-optimal XDC constraints or non-optimal design architecture
Related violations: <none>

TIMING-16#65 Warning
Large setup violation  
There is a large setup violation of -11.573 ns between SideServos_i/SideServos_0/U0/SideServos_v1_0_S00_AXI_inst/SideServos/leftServo2/CLK (clocked by clk_fpga_0) and SideServos_i/SideServos_0/U0/SideServos_v1_0_S00_AXI_inst/SideServos/count_left_val_reg[6]/R (clocked by clk_fpga_0). Large setup violations at the end of those stages might be difficult to fix during the post-placement implementation flow and could be the result of non-optimal XDC constraints or non-optimal design architecture
Related violations: <none>

TIMING-16#66 Warning
Large setup violation  
There is a large setup violation of -11.573 ns between SideServos_i/SideServos_0/U0/SideServos_v1_0_S00_AXI_inst/SideServos/leftServo2/CLK (clocked by clk_fpga_0) and SideServos_i/SideServos_0/U0/SideServos_v1_0_S00_AXI_inst/SideServos/count_left_val_reg[7]/R (clocked by clk_fpga_0). Large setup violations at the end of those stages might be difficult to fix during the post-placement implementation flow and could be the result of non-optimal XDC constraints or non-optimal design architecture
Related violations: <none>

TIMING-16#67 Warning
Large setup violation  
There is a large setup violation of -11.587 ns between SideServos_i/SideServos_0/U0/SideServos_v1_0_S00_AXI_inst/SideServos/rightServo2/CLK (clocked by clk_fpga_0) and SideServos_i/SideServos_0/U0/SideServos_v1_0_S00_AXI_inst/SideServos/count_right_val_reg[24]/R (clocked by clk_fpga_0). Large setup violations at the end of those stages might be difficult to fix during the post-placement implementation flow and could be the result of non-optimal XDC constraints or non-optimal design architecture
Related violations: <none>

TIMING-16#68 Warning
Large setup violation  
There is a large setup violation of -11.587 ns between SideServos_i/SideServos_0/U0/SideServos_v1_0_S00_AXI_inst/SideServos/rightServo2/CLK (clocked by clk_fpga_0) and SideServos_i/SideServos_0/U0/SideServos_v1_0_S00_AXI_inst/SideServos/count_right_val_reg[25]/R (clocked by clk_fpga_0). Large setup violations at the end of those stages might be difficult to fix during the post-placement implementation flow and could be the result of non-optimal XDC constraints or non-optimal design architecture
Related violations: <none>

TIMING-16#69 Warning
Large setup violation  
There is a large setup violation of -11.587 ns between SideServos_i/SideServos_0/U0/SideServos_v1_0_S00_AXI_inst/SideServos/rightServo2/CLK (clocked by clk_fpga_0) and SideServos_i/SideServos_0/U0/SideServos_v1_0_S00_AXI_inst/SideServos/count_right_val_reg[26]/R (clocked by clk_fpga_0). Large setup violations at the end of those stages might be difficult to fix during the post-placement implementation flow and could be the result of non-optimal XDC constraints or non-optimal design architecture
Related violations: <none>

TIMING-16#70 Warning
Large setup violation  
There is a large setup violation of -11.587 ns between SideServos_i/SideServos_0/U0/SideServos_v1_0_S00_AXI_inst/SideServos/rightServo2/CLK (clocked by clk_fpga_0) and SideServos_i/SideServos_0/U0/SideServos_v1_0_S00_AXI_inst/SideServos/count_right_val_reg[27]/R (clocked by clk_fpga_0). Large setup violations at the end of those stages might be difficult to fix during the post-placement implementation flow and could be the result of non-optimal XDC constraints or non-optimal design architecture
Related violations: <none>

TIMING-16#71 Warning
Large setup violation  
There is a large setup violation of -11.608 ns between SideServos_i/SideServos_0/U0/SideServos_v1_0_S00_AXI_inst/SideServos/leftServo2/CLK (clocked by clk_fpga_0) and SideServos_i/SideServos_0/U0/SideServos_v1_0_S00_AXI_inst/SideServos/count_left_val_reg[10]/CE (clocked by clk_fpga_0). Large setup violations at the end of those stages might be difficult to fix during the post-placement implementation flow and could be the result of non-optimal XDC constraints or non-optimal design architecture
Related violations: <none>

TIMING-16#72 Warning
Large setup violation  
There is a large setup violation of -11.608 ns between SideServos_i/SideServos_0/U0/SideServos_v1_0_S00_AXI_inst/SideServos/leftServo2/CLK (clocked by clk_fpga_0) and SideServos_i/SideServos_0/U0/SideServos_v1_0_S00_AXI_inst/SideServos/count_left_val_reg[11]/CE (clocked by clk_fpga_0). Large setup violations at the end of those stages might be difficult to fix during the post-placement implementation flow and could be the result of non-optimal XDC constraints or non-optimal design architecture
Related violations: <none>

TIMING-16#73 Warning
Large setup violation  
There is a large setup violation of -11.608 ns between SideServos_i/SideServos_0/U0/SideServos_v1_0_S00_AXI_inst/SideServos/leftServo2/CLK (clocked by clk_fpga_0) and SideServos_i/SideServos_0/U0/SideServos_v1_0_S00_AXI_inst/SideServos/count_left_val_reg[8]/CE (clocked by clk_fpga_0). Large setup violations at the end of those stages might be difficult to fix during the post-placement implementation flow and could be the result of non-optimal XDC constraints or non-optimal design architecture
Related violations: <none>

TIMING-16#74 Warning
Large setup violation  
There is a large setup violation of -11.608 ns between SideServos_i/SideServos_0/U0/SideServos_v1_0_S00_AXI_inst/SideServos/leftServo2/CLK (clocked by clk_fpga_0) and SideServos_i/SideServos_0/U0/SideServos_v1_0_S00_AXI_inst/SideServos/count_left_val_reg[9]/CE (clocked by clk_fpga_0). Large setup violations at the end of those stages might be difficult to fix during the post-placement implementation flow and could be the result of non-optimal XDC constraints or non-optimal design architecture
Related violations: <none>

TIMING-16#75 Warning
Large setup violation  
There is a large setup violation of -11.617 ns between SideServos_i/SideServos_0/U0/SideServos_v1_0_S00_AXI_inst/SideServos/leftServo2/CLK (clocked by clk_fpga_0) and SideServos_i/SideServos_0/U0/SideServos_v1_0_S00_AXI_inst/SideServos/count_left_val_reg[0]/CE (clocked by clk_fpga_0). Large setup violations at the end of those stages might be difficult to fix during the post-placement implementation flow and could be the result of non-optimal XDC constraints or non-optimal design architecture
Related violations: <none>

TIMING-16#76 Warning
Large setup violation  
There is a large setup violation of -11.617 ns between SideServos_i/SideServos_0/U0/SideServos_v1_0_S00_AXI_inst/SideServos/leftServo2/CLK (clocked by clk_fpga_0) and SideServos_i/SideServos_0/U0/SideServos_v1_0_S00_AXI_inst/SideServos/count_left_val_reg[1]/CE (clocked by clk_fpga_0). Large setup violations at the end of those stages might be difficult to fix during the post-placement implementation flow and could be the result of non-optimal XDC constraints or non-optimal design architecture
Related violations: <none>

TIMING-16#77 Warning
Large setup violation  
There is a large setup violation of -11.617 ns between SideServos_i/SideServos_0/U0/SideServos_v1_0_S00_AXI_inst/SideServos/leftServo2/CLK (clocked by clk_fpga_0) and SideServos_i/SideServos_0/U0/SideServos_v1_0_S00_AXI_inst/SideServos/count_left_val_reg[2]/CE (clocked by clk_fpga_0). Large setup violations at the end of those stages might be difficult to fix during the post-placement implementation flow and could be the result of non-optimal XDC constraints or non-optimal design architecture
Related violations: <none>

TIMING-16#78 Warning
Large setup violation  
There is a large setup violation of -11.617 ns between SideServos_i/SideServos_0/U0/SideServos_v1_0_S00_AXI_inst/SideServos/leftServo2/CLK (clocked by clk_fpga_0) and SideServos_i/SideServos_0/U0/SideServos_v1_0_S00_AXI_inst/SideServos/count_left_val_reg[3]/CE (clocked by clk_fpga_0). Large setup violations at the end of those stages might be difficult to fix during the post-placement implementation flow and could be the result of non-optimal XDC constraints or non-optimal design architecture
Related violations: <none>

TIMING-16#79 Warning
Large setup violation  
There is a large setup violation of -11.624 ns between SideServos_i/SideServos_0/U0/SideServos_v1_0_S00_AXI_inst/SideServos/leftServo2/CLK (clocked by clk_fpga_0) and SideServos_i/SideServos_0/U0/SideServos_v1_0_S00_AXI_inst/SideServos/count_left_val_reg[0]/R (clocked by clk_fpga_0). Large setup violations at the end of those stages might be difficult to fix during the post-placement implementation flow and could be the result of non-optimal XDC constraints or non-optimal design architecture
Related violations: <none>

TIMING-16#80 Warning
Large setup violation  
There is a large setup violation of -11.624 ns between SideServos_i/SideServos_0/U0/SideServos_v1_0_S00_AXI_inst/SideServos/leftServo2/CLK (clocked by clk_fpga_0) and SideServos_i/SideServos_0/U0/SideServos_v1_0_S00_AXI_inst/SideServos/count_left_val_reg[1]/R (clocked by clk_fpga_0). Large setup violations at the end of those stages might be difficult to fix during the post-placement implementation flow and could be the result of non-optimal XDC constraints or non-optimal design architecture
Related violations: <none>

TIMING-16#81 Warning
Large setup violation  
There is a large setup violation of -11.624 ns between SideServos_i/SideServos_0/U0/SideServos_v1_0_S00_AXI_inst/SideServos/leftServo2/CLK (clocked by clk_fpga_0) and SideServos_i/SideServos_0/U0/SideServos_v1_0_S00_AXI_inst/SideServos/count_left_val_reg[2]/R (clocked by clk_fpga_0). Large setup violations at the end of those stages might be difficult to fix during the post-placement implementation flow and could be the result of non-optimal XDC constraints or non-optimal design architecture
Related violations: <none>

TIMING-16#82 Warning
Large setup violation  
There is a large setup violation of -11.624 ns between SideServos_i/SideServos_0/U0/SideServos_v1_0_S00_AXI_inst/SideServos/leftServo2/CLK (clocked by clk_fpga_0) and SideServos_i/SideServos_0/U0/SideServos_v1_0_S00_AXI_inst/SideServos/count_left_val_reg[3]/R (clocked by clk_fpga_0). Large setup violations at the end of those stages might be difficult to fix during the post-placement implementation flow and could be the result of non-optimal XDC constraints or non-optimal design architecture
Related violations: <none>

TIMING-16#83 Warning
Large setup violation  
There is a large setup violation of -11.629 ns between SideServos_i/SideServos_0/U0/SideServos_v1_0_S00_AXI_inst/SideServos/rightServo2/CLK (clocked by clk_fpga_0) and SideServos_i/SideServos_0/U0/SideServos_v1_0_S00_AXI_inst/SideServos/count_right_val_reg[20]/CE (clocked by clk_fpga_0). Large setup violations at the end of those stages might be difficult to fix during the post-placement implementation flow and could be the result of non-optimal XDC constraints or non-optimal design architecture
Related violations: <none>

TIMING-16#84 Warning
Large setup violation  
There is a large setup violation of -11.629 ns between SideServos_i/SideServos_0/U0/SideServos_v1_0_S00_AXI_inst/SideServos/rightServo2/CLK (clocked by clk_fpga_0) and SideServos_i/SideServos_0/U0/SideServos_v1_0_S00_AXI_inst/SideServos/count_right_val_reg[21]/CE (clocked by clk_fpga_0). Large setup violations at the end of those stages might be difficult to fix during the post-placement implementation flow and could be the result of non-optimal XDC constraints or non-optimal design architecture
Related violations: <none>

TIMING-16#85 Warning
Large setup violation  
There is a large setup violation of -11.629 ns between SideServos_i/SideServos_0/U0/SideServos_v1_0_S00_AXI_inst/SideServos/rightServo2/CLK (clocked by clk_fpga_0) and SideServos_i/SideServos_0/U0/SideServos_v1_0_S00_AXI_inst/SideServos/count_right_val_reg[22]/CE (clocked by clk_fpga_0). Large setup violations at the end of those stages might be difficult to fix during the post-placement implementation flow and could be the result of non-optimal XDC constraints or non-optimal design architecture
Related violations: <none>

TIMING-16#86 Warning
Large setup violation  
There is a large setup violation of -11.629 ns between SideServos_i/SideServos_0/U0/SideServos_v1_0_S00_AXI_inst/SideServos/rightServo2/CLK (clocked by clk_fpga_0) and SideServos_i/SideServos_0/U0/SideServos_v1_0_S00_AXI_inst/SideServos/count_right_val_reg[23]/CE (clocked by clk_fpga_0). Large setup violations at the end of those stages might be difficult to fix during the post-placement implementation flow and could be the result of non-optimal XDC constraints or non-optimal design architecture
Related violations: <none>

TIMING-16#87 Warning
Large setup violation  
There is a large setup violation of -11.630 ns between SideServos_i/SideServos_0/U0/SideServos_v1_0_S00_AXI_inst/SideServos/rightServo2/CLK (clocked by clk_fpga_0) and SideServos_i/SideServos_0/U0/SideServos_v1_0_S00_AXI_inst/SideServos/count_right_val_reg[16]/CE (clocked by clk_fpga_0). Large setup violations at the end of those stages might be difficult to fix during the post-placement implementation flow and could be the result of non-optimal XDC constraints or non-optimal design architecture
Related violations: <none>

TIMING-16#88 Warning
Large setup violation  
There is a large setup violation of -11.630 ns between SideServos_i/SideServos_0/U0/SideServos_v1_0_S00_AXI_inst/SideServos/rightServo2/CLK (clocked by clk_fpga_0) and SideServos_i/SideServos_0/U0/SideServos_v1_0_S00_AXI_inst/SideServos/count_right_val_reg[17]/CE (clocked by clk_fpga_0). Large setup violations at the end of those stages might be difficult to fix during the post-placement implementation flow and could be the result of non-optimal XDC constraints or non-optimal design architecture
Related violations: <none>

TIMING-16#89 Warning
Large setup violation  
There is a large setup violation of -11.630 ns between SideServos_i/SideServos_0/U0/SideServos_v1_0_S00_AXI_inst/SideServos/rightServo2/CLK (clocked by clk_fpga_0) and SideServos_i/SideServos_0/U0/SideServos_v1_0_S00_AXI_inst/SideServos/count_right_val_reg[18]/CE (clocked by clk_fpga_0). Large setup violations at the end of those stages might be difficult to fix during the post-placement implementation flow and could be the result of non-optimal XDC constraints or non-optimal design architecture
Related violations: <none>

TIMING-16#90 Warning
Large setup violation  
There is a large setup violation of -11.630 ns between SideServos_i/SideServos_0/U0/SideServos_v1_0_S00_AXI_inst/SideServos/rightServo2/CLK (clocked by clk_fpga_0) and SideServos_i/SideServos_0/U0/SideServos_v1_0_S00_AXI_inst/SideServos/count_right_val_reg[19]/CE (clocked by clk_fpga_0). Large setup violations at the end of those stages might be difficult to fix during the post-placement implementation flow and could be the result of non-optimal XDC constraints or non-optimal design architecture
Related violations: <none>

TIMING-16#91 Warning
Large setup violation  
There is a large setup violation of -11.653 ns between SideServos_i/SideServos_0/U0/SideServos_v1_0_S00_AXI_inst/SideServos/rightServo2/CLK (clocked by clk_fpga_0) and SideServos_i/SideServos_0/U0/SideServos_v1_0_S00_AXI_inst/SideServos/count_right_val_reg[10]/R (clocked by clk_fpga_0). Large setup violations at the end of those stages might be difficult to fix during the post-placement implementation flow and could be the result of non-optimal XDC constraints or non-optimal design architecture
Related violations: <none>

TIMING-16#92 Warning
Large setup violation  
There is a large setup violation of -11.653 ns between SideServos_i/SideServos_0/U0/SideServos_v1_0_S00_AXI_inst/SideServos/rightServo2/CLK (clocked by clk_fpga_0) and SideServos_i/SideServos_0/U0/SideServos_v1_0_S00_AXI_inst/SideServos/count_right_val_reg[11]/R (clocked by clk_fpga_0). Large setup violations at the end of those stages might be difficult to fix during the post-placement implementation flow and could be the result of non-optimal XDC constraints or non-optimal design architecture
Related violations: <none>

TIMING-16#93 Warning
Large setup violation  
There is a large setup violation of -11.653 ns between SideServos_i/SideServos_0/U0/SideServos_v1_0_S00_AXI_inst/SideServos/rightServo2/CLK (clocked by clk_fpga_0) and SideServos_i/SideServos_0/U0/SideServos_v1_0_S00_AXI_inst/SideServos/count_right_val_reg[8]/R (clocked by clk_fpga_0). Large setup violations at the end of those stages might be difficult to fix during the post-placement implementation flow and could be the result of non-optimal XDC constraints or non-optimal design architecture
Related violations: <none>

TIMING-16#94 Warning
Large setup violation  
There is a large setup violation of -11.653 ns between SideServos_i/SideServos_0/U0/SideServos_v1_0_S00_AXI_inst/SideServos/rightServo2/CLK (clocked by clk_fpga_0) and SideServos_i/SideServos_0/U0/SideServos_v1_0_S00_AXI_inst/SideServos/count_right_val_reg[9]/R (clocked by clk_fpga_0). Large setup violations at the end of those stages might be difficult to fix during the post-placement implementation flow and could be the result of non-optimal XDC constraints or non-optimal design architecture
Related violations: <none>

TIMING-16#95 Warning
Large setup violation  
There is a large setup violation of -11.658 ns between SideServos_i/SideServos_0/U0/SideServos_v1_0_S00_AXI_inst/SideServos/rightServo2/CLK (clocked by clk_fpga_0) and SideServos_i/SideServos_0/U0/SideServos_v1_0_S00_AXI_inst/SideServos/count_right_val_reg[12]/R (clocked by clk_fpga_0). Large setup violations at the end of those stages might be difficult to fix during the post-placement implementation flow and could be the result of non-optimal XDC constraints or non-optimal design architecture
Related violations: <none>

TIMING-16#96 Warning
Large setup violation  
There is a large setup violation of -11.658 ns between SideServos_i/SideServos_0/U0/SideServos_v1_0_S00_AXI_inst/SideServos/rightServo2/CLK (clocked by clk_fpga_0) and SideServos_i/SideServos_0/U0/SideServos_v1_0_S00_AXI_inst/SideServos/count_right_val_reg[13]/R (clocked by clk_fpga_0). Large setup violations at the end of those stages might be difficult to fix during the post-placement implementation flow and could be the result of non-optimal XDC constraints or non-optimal design architecture
Related violations: <none>

TIMING-16#97 Warning
Large setup violation  
There is a large setup violation of -11.658 ns between SideServos_i/SideServos_0/U0/SideServos_v1_0_S00_AXI_inst/SideServos/rightServo2/CLK (clocked by clk_fpga_0) and SideServos_i/SideServos_0/U0/SideServos_v1_0_S00_AXI_inst/SideServos/count_right_val_reg[14]/R (clocked by clk_fpga_0). Large setup violations at the end of those stages might be difficult to fix during the post-placement implementation flow and could be the result of non-optimal XDC constraints or non-optimal design architecture
Related violations: <none>

TIMING-16#98 Warning
Large setup violation  
There is a large setup violation of -11.658 ns between SideServos_i/SideServos_0/U0/SideServos_v1_0_S00_AXI_inst/SideServos/rightServo2/CLK (clocked by clk_fpga_0) and SideServos_i/SideServos_0/U0/SideServos_v1_0_S00_AXI_inst/SideServos/count_right_val_reg[15]/R (clocked by clk_fpga_0). Large setup violations at the end of those stages might be difficult to fix during the post-placement implementation flow and could be the result of non-optimal XDC constraints or non-optimal design architecture
Related violations: <none>

TIMING-16#99 Warning
Large setup violation  
There is a large setup violation of -11.684 ns between SideServos_i/SideServos_0/U0/SideServos_v1_0_S00_AXI_inst/SideServos/rightServo2/CLK (clocked by clk_fpga_0) and SideServos_i/SideServos_0/U0/SideServos_v1_0_S00_AXI_inst/SideServos/count_right_val_reg[0]/CE (clocked by clk_fpga_0). Large setup violations at the end of those stages might be difficult to fix during the post-placement implementation flow and could be the result of non-optimal XDC constraints or non-optimal design architecture
Related violations: <none>

TIMING-16#100 Warning
Large setup violation  
There is a large setup violation of -11.684 ns between SideServos_i/SideServos_0/U0/SideServos_v1_0_S00_AXI_inst/SideServos/rightServo2/CLK (clocked by clk_fpga_0) and SideServos_i/SideServos_0/U0/SideServos_v1_0_S00_AXI_inst/SideServos/count_right_val_reg[1]/CE (clocked by clk_fpga_0). Large setup violations at the end of those stages might be difficult to fix during the post-placement implementation flow and could be the result of non-optimal XDC constraints or non-optimal design architecture
Related violations: <none>

TIMING-16#101 Warning
Large setup violation  
There is a large setup violation of -11.684 ns between SideServos_i/SideServos_0/U0/SideServos_v1_0_S00_AXI_inst/SideServos/rightServo2/CLK (clocked by clk_fpga_0) and SideServos_i/SideServos_0/U0/SideServos_v1_0_S00_AXI_inst/SideServos/count_right_val_reg[2]/CE (clocked by clk_fpga_0). Large setup violations at the end of those stages might be difficult to fix during the post-placement implementation flow and could be the result of non-optimal XDC constraints or non-optimal design architecture
Related violations: <none>

TIMING-16#102 Warning
Large setup violation  
There is a large setup violation of -11.684 ns between SideServos_i/SideServos_0/U0/SideServos_v1_0_S00_AXI_inst/SideServos/rightServo2/CLK (clocked by clk_fpga_0) and SideServos_i/SideServos_0/U0/SideServos_v1_0_S00_AXI_inst/SideServos/count_right_val_reg[3]/CE (clocked by clk_fpga_0). Large setup violations at the end of those stages might be difficult to fix during the post-placement implementation flow and could be the result of non-optimal XDC constraints or non-optimal design architecture
Related violations: <none>

TIMING-16#103 Warning
Large setup violation  
There is a large setup violation of -11.725 ns between SideServos_i/SideServos_0/U0/SideServos_v1_0_S00_AXI_inst/SideServos/rightServo2/CLK (clocked by clk_fpga_0) and SideServos_i/SideServos_0/U0/SideServos_v1_0_S00_AXI_inst/SideServos/count_right_val_reg[28]/R (clocked by clk_fpga_0). Large setup violations at the end of those stages might be difficult to fix during the post-placement implementation flow and could be the result of non-optimal XDC constraints or non-optimal design architecture
Related violations: <none>

TIMING-16#104 Warning
Large setup violation  
There is a large setup violation of -11.725 ns between SideServos_i/SideServos_0/U0/SideServos_v1_0_S00_AXI_inst/SideServos/rightServo2/CLK (clocked by clk_fpga_0) and SideServos_i/SideServos_0/U0/SideServos_v1_0_S00_AXI_inst/SideServos/count_right_val_reg[29]/R (clocked by clk_fpga_0). Large setup violations at the end of those stages might be difficult to fix during the post-placement implementation flow and could be the result of non-optimal XDC constraints or non-optimal design architecture
Related violations: <none>

TIMING-16#105 Warning
Large setup violation  
There is a large setup violation of -11.725 ns between SideServos_i/SideServos_0/U0/SideServos_v1_0_S00_AXI_inst/SideServos/rightServo2/CLK (clocked by clk_fpga_0) and SideServos_i/SideServos_0/U0/SideServos_v1_0_S00_AXI_inst/SideServos/count_right_val_reg[30]/R (clocked by clk_fpga_0). Large setup violations at the end of those stages might be difficult to fix during the post-placement implementation flow and could be the result of non-optimal XDC constraints or non-optimal design architecture
Related violations: <none>

TIMING-16#106 Warning
Large setup violation  
There is a large setup violation of -11.725 ns between SideServos_i/SideServos_0/U0/SideServos_v1_0_S00_AXI_inst/SideServos/rightServo2/CLK (clocked by clk_fpga_0) and SideServos_i/SideServos_0/U0/SideServos_v1_0_S00_AXI_inst/SideServos/count_right_val_reg[31]/R (clocked by clk_fpga_0). Large setup violations at the end of those stages might be difficult to fix during the post-placement implementation flow and could be the result of non-optimal XDC constraints or non-optimal design architecture
Related violations: <none>

TIMING-16#107 Warning
Large setup violation  
There is a large setup violation of -11.735 ns between SideServos_i/SideServos_0/U0/SideServos_v1_0_S00_AXI_inst/SideServos/rightServo2/CLK (clocked by clk_fpga_0) and SideServos_i/SideServos_0/U0/SideServos_v1_0_S00_AXI_inst/SideServos/count_right_val_reg[20]/R (clocked by clk_fpga_0). Large setup violations at the end of those stages might be difficult to fix during the post-placement implementation flow and could be the result of non-optimal XDC constraints or non-optimal design architecture
Related violations: <none>

TIMING-16#108 Warning
Large setup violation  
There is a large setup violation of -11.735 ns between SideServos_i/SideServos_0/U0/SideServos_v1_0_S00_AXI_inst/SideServos/rightServo2/CLK (clocked by clk_fpga_0) and SideServos_i/SideServos_0/U0/SideServos_v1_0_S00_AXI_inst/SideServos/count_right_val_reg[21]/R (clocked by clk_fpga_0). Large setup violations at the end of those stages might be difficult to fix during the post-placement implementation flow and could be the result of non-optimal XDC constraints or non-optimal design architecture
Related violations: <none>

TIMING-16#109 Warning
Large setup violation  
There is a large setup violation of -11.735 ns between SideServos_i/SideServos_0/U0/SideServos_v1_0_S00_AXI_inst/SideServos/rightServo2/CLK (clocked by clk_fpga_0) and SideServos_i/SideServos_0/U0/SideServos_v1_0_S00_AXI_inst/SideServos/count_right_val_reg[22]/R (clocked by clk_fpga_0). Large setup violations at the end of those stages might be difficult to fix during the post-placement implementation flow and could be the result of non-optimal XDC constraints or non-optimal design architecture
Related violations: <none>

TIMING-16#110 Warning
Large setup violation  
There is a large setup violation of -11.735 ns between SideServos_i/SideServos_0/U0/SideServos_v1_0_S00_AXI_inst/SideServos/rightServo2/CLK (clocked by clk_fpga_0) and SideServos_i/SideServos_0/U0/SideServos_v1_0_S00_AXI_inst/SideServos/count_right_val_reg[23]/R (clocked by clk_fpga_0). Large setup violations at the end of those stages might be difficult to fix during the post-placement implementation flow and could be the result of non-optimal XDC constraints or non-optimal design architecture
Related violations: <none>

TIMING-16#111 Warning
Large setup violation  
There is a large setup violation of -11.745 ns between SideServos_i/SideServos_0/U0/SideServos_v1_0_S00_AXI_inst/SideServos/rightServo2/CLK (clocked by clk_fpga_0) and SideServos_i/SideServos_0/U0/SideServos_v1_0_S00_AXI_inst/SideServos/count_right_val_reg[0]/R (clocked by clk_fpga_0). Large setup violations at the end of those stages might be difficult to fix during the post-placement implementation flow and could be the result of non-optimal XDC constraints or non-optimal design architecture
Related violations: <none>

TIMING-16#112 Warning
Large setup violation  
There is a large setup violation of -11.745 ns between SideServos_i/SideServos_0/U0/SideServos_v1_0_S00_AXI_inst/SideServos/rightServo2/CLK (clocked by clk_fpga_0) and SideServos_i/SideServos_0/U0/SideServos_v1_0_S00_AXI_inst/SideServos/count_right_val_reg[1]/R (clocked by clk_fpga_0). Large setup violations at the end of those stages might be difficult to fix during the post-placement implementation flow and could be the result of non-optimal XDC constraints or non-optimal design architecture
Related violations: <none>

TIMING-16#113 Warning
Large setup violation  
There is a large setup violation of -11.745 ns between SideServos_i/SideServos_0/U0/SideServos_v1_0_S00_AXI_inst/SideServos/rightServo2/CLK (clocked by clk_fpga_0) and SideServos_i/SideServos_0/U0/SideServos_v1_0_S00_AXI_inst/SideServos/count_right_val_reg[2]/R (clocked by clk_fpga_0). Large setup violations at the end of those stages might be difficult to fix during the post-placement implementation flow and could be the result of non-optimal XDC constraints or non-optimal design architecture
Related violations: <none>

TIMING-16#114 Warning
Large setup violation  
There is a large setup violation of -11.745 ns between SideServos_i/SideServos_0/U0/SideServos_v1_0_S00_AXI_inst/SideServos/rightServo2/CLK (clocked by clk_fpga_0) and SideServos_i/SideServos_0/U0/SideServos_v1_0_S00_AXI_inst/SideServos/count_right_val_reg[3]/R (clocked by clk_fpga_0). Large setup violations at the end of those stages might be difficult to fix during the post-placement implementation flow and could be the result of non-optimal XDC constraints or non-optimal design architecture
Related violations: <none>

TIMING-16#115 Warning
Large setup violation  
There is a large setup violation of -11.771 ns between SideServos_i/SideServos_0/U0/SideServos_v1_0_S00_AXI_inst/SideServos/rightServo2/CLK (clocked by clk_fpga_0) and SideServos_i/SideServos_0/U0/SideServos_v1_0_S00_AXI_inst/SideServos/count_right_val_reg[12]/CE (clocked by clk_fpga_0). Large setup violations at the end of those stages might be difficult to fix during the post-placement implementation flow and could be the result of non-optimal XDC constraints or non-optimal design architecture
Related violations: <none>

TIMING-16#116 Warning
Large setup violation  
There is a large setup violation of -11.771 ns between SideServos_i/SideServos_0/U0/SideServos_v1_0_S00_AXI_inst/SideServos/rightServo2/CLK (clocked by clk_fpga_0) and SideServos_i/SideServos_0/U0/SideServos_v1_0_S00_AXI_inst/SideServos/count_right_val_reg[13]/CE (clocked by clk_fpga_0). Large setup violations at the end of those stages might be difficult to fix during the post-placement implementation flow and could be the result of non-optimal XDC constraints or non-optimal design architecture
Related violations: <none>

TIMING-16#117 Warning
Large setup violation  
There is a large setup violation of -11.771 ns between SideServos_i/SideServos_0/U0/SideServos_v1_0_S00_AXI_inst/SideServos/rightServo2/CLK (clocked by clk_fpga_0) and SideServos_i/SideServos_0/U0/SideServos_v1_0_S00_AXI_inst/SideServos/count_right_val_reg[14]/CE (clocked by clk_fpga_0). Large setup violations at the end of those stages might be difficult to fix during the post-placement implementation flow and could be the result of non-optimal XDC constraints or non-optimal design architecture
Related violations: <none>

TIMING-16#118 Warning
Large setup violation  
There is a large setup violation of -11.771 ns between SideServos_i/SideServos_0/U0/SideServos_v1_0_S00_AXI_inst/SideServos/rightServo2/CLK (clocked by clk_fpga_0) and SideServos_i/SideServos_0/U0/SideServos_v1_0_S00_AXI_inst/SideServos/count_right_val_reg[15]/CE (clocked by clk_fpga_0). Large setup violations at the end of those stages might be difficult to fix during the post-placement implementation flow and could be the result of non-optimal XDC constraints or non-optimal design architecture
Related violations: <none>

TIMING-16#119 Warning
Large setup violation  
There is a large setup violation of -11.782 ns between SideServos_i/SideServos_0/U0/SideServos_v1_0_S00_AXI_inst/SideServos/rightServo2/CLK (clocked by clk_fpga_0) and SideServos_i/SideServos_0/U0/SideServos_v1_0_S00_AXI_inst/SideServos/count_right_val_reg[10]/CE (clocked by clk_fpga_0). Large setup violations at the end of those stages might be difficult to fix during the post-placement implementation flow and could be the result of non-optimal XDC constraints or non-optimal design architecture
Related violations: <none>

TIMING-16#120 Warning
Large setup violation  
There is a large setup violation of -11.782 ns between SideServos_i/SideServos_0/U0/SideServos_v1_0_S00_AXI_inst/SideServos/rightServo2/CLK (clocked by clk_fpga_0) and SideServos_i/SideServos_0/U0/SideServos_v1_0_S00_AXI_inst/SideServos/count_right_val_reg[11]/CE (clocked by clk_fpga_0). Large setup violations at the end of those stages might be difficult to fix during the post-placement implementation flow and could be the result of non-optimal XDC constraints or non-optimal design architecture
Related violations: <none>

TIMING-16#121 Warning
Large setup violation  
There is a large setup violation of -11.782 ns between SideServos_i/SideServos_0/U0/SideServos_v1_0_S00_AXI_inst/SideServos/rightServo2/CLK (clocked by clk_fpga_0) and SideServos_i/SideServos_0/U0/SideServos_v1_0_S00_AXI_inst/SideServos/count_right_val_reg[8]/CE (clocked by clk_fpga_0). Large setup violations at the end of those stages might be difficult to fix during the post-placement implementation flow and could be the result of non-optimal XDC constraints or non-optimal design architecture
Related violations: <none>

TIMING-16#122 Warning
Large setup violation  
There is a large setup violation of -11.782 ns between SideServos_i/SideServos_0/U0/SideServos_v1_0_S00_AXI_inst/SideServos/rightServo2/CLK (clocked by clk_fpga_0) and SideServos_i/SideServos_0/U0/SideServos_v1_0_S00_AXI_inst/SideServos/count_right_val_reg[9]/CE (clocked by clk_fpga_0). Large setup violations at the end of those stages might be difficult to fix during the post-placement implementation flow and could be the result of non-optimal XDC constraints or non-optimal design architecture
Related violations: <none>

TIMING-16#123 Warning
Large setup violation  
There is a large setup violation of -11.795 ns between SideServos_i/SideServos_0/U0/SideServos_v1_0_S00_AXI_inst/SideServos/rightServo2/CLK (clocked by clk_fpga_0) and SideServos_i/SideServos_0/U0/SideServos_v1_0_S00_AXI_inst/SideServos/count_right_val_reg[16]/R (clocked by clk_fpga_0). Large setup violations at the end of those stages might be difficult to fix during the post-placement implementation flow and could be the result of non-optimal XDC constraints or non-optimal design architecture
Related violations: <none>

TIMING-16#124 Warning
Large setup violation  
There is a large setup violation of -11.795 ns between SideServos_i/SideServos_0/U0/SideServos_v1_0_S00_AXI_inst/SideServos/rightServo2/CLK (clocked by clk_fpga_0) and SideServos_i/SideServos_0/U0/SideServos_v1_0_S00_AXI_inst/SideServos/count_right_val_reg[17]/R (clocked by clk_fpga_0). Large setup violations at the end of those stages might be difficult to fix during the post-placement implementation flow and could be the result of non-optimal XDC constraints or non-optimal design architecture
Related violations: <none>

TIMING-16#125 Warning
Large setup violation  
There is a large setup violation of -11.795 ns between SideServos_i/SideServos_0/U0/SideServos_v1_0_S00_AXI_inst/SideServos/rightServo2/CLK (clocked by clk_fpga_0) and SideServos_i/SideServos_0/U0/SideServos_v1_0_S00_AXI_inst/SideServos/count_right_val_reg[18]/R (clocked by clk_fpga_0). Large setup violations at the end of those stages might be difficult to fix during the post-placement implementation flow and could be the result of non-optimal XDC constraints or non-optimal design architecture
Related violations: <none>

TIMING-16#126 Warning
Large setup violation  
There is a large setup violation of -11.795 ns between SideServos_i/SideServos_0/U0/SideServos_v1_0_S00_AXI_inst/SideServos/rightServo2/CLK (clocked by clk_fpga_0) and SideServos_i/SideServos_0/U0/SideServos_v1_0_S00_AXI_inst/SideServos/count_right_val_reg[19]/R (clocked by clk_fpga_0). Large setup violations at the end of those stages might be difficult to fix during the post-placement implementation flow and could be the result of non-optimal XDC constraints or non-optimal design architecture
Related violations: <none>

TIMING-16#127 Warning
Large setup violation  
There is a large setup violation of -11.924 ns between SideServos_i/SideServos_0/U0/SideServos_v1_0_S00_AXI_inst/SideServos/rightServo2/CLK (clocked by clk_fpga_0) and SideServos_i/SideServos_0/U0/SideServos_v1_0_S00_AXI_inst/SideServos/count_right_val_reg[4]/CE (clocked by clk_fpga_0). Large setup violations at the end of those stages might be difficult to fix during the post-placement implementation flow and could be the result of non-optimal XDC constraints or non-optimal design architecture
Related violations: <none>

TIMING-16#128 Warning
Large setup violation  
There is a large setup violation of -11.924 ns between SideServos_i/SideServos_0/U0/SideServos_v1_0_S00_AXI_inst/SideServos/rightServo2/CLK (clocked by clk_fpga_0) and SideServos_i/SideServos_0/U0/SideServos_v1_0_S00_AXI_inst/SideServos/count_right_val_reg[5]/CE (clocked by clk_fpga_0). Large setup violations at the end of those stages might be difficult to fix during the post-placement implementation flow and could be the result of non-optimal XDC constraints or non-optimal design architecture
Related violations: <none>

TIMING-16#129 Warning
Large setup violation  
There is a large setup violation of -11.924 ns between SideServos_i/SideServos_0/U0/SideServos_v1_0_S00_AXI_inst/SideServos/rightServo2/CLK (clocked by clk_fpga_0) and SideServos_i/SideServos_0/U0/SideServos_v1_0_S00_AXI_inst/SideServos/count_right_val_reg[6]/CE (clocked by clk_fpga_0). Large setup violations at the end of those stages might be difficult to fix during the post-placement implementation flow and could be the result of non-optimal XDC constraints or non-optimal design architecture
Related violations: <none>

TIMING-16#130 Warning
Large setup violation  
There is a large setup violation of -11.924 ns between SideServos_i/SideServos_0/U0/SideServos_v1_0_S00_AXI_inst/SideServos/rightServo2/CLK (clocked by clk_fpga_0) and SideServos_i/SideServos_0/U0/SideServos_v1_0_S00_AXI_inst/SideServos/count_right_val_reg[7]/CE (clocked by clk_fpga_0). Large setup violations at the end of those stages might be difficult to fix during the post-placement implementation flow and could be the result of non-optimal XDC constraints or non-optimal design architecture
Related violations: <none>

TIMING-17#1 Warning
Non-clocked sequential cell  
The clock pin SideServos_i/SideServos_0/U0/SideServos_v1_0_S00_AXI_inst/SideServos/left_servo_angle_reg[0]/C is not reached by a timing clock
Related violations: <none>

TIMING-17#2 Warning
Non-clocked sequential cell  
The clock pin SideServos_i/SideServos_0/U0/SideServos_v1_0_S00_AXI_inst/SideServos/left_servo_angle_reg[1]/C is not reached by a timing clock
Related violations: <none>

TIMING-17#3 Warning
Non-clocked sequential cell  
The clock pin SideServos_i/SideServos_0/U0/SideServos_v1_0_S00_AXI_inst/SideServos/left_servo_angle_reg[2]/C is not reached by a timing clock
Related violations: <none>

TIMING-17#4 Warning
Non-clocked sequential cell  
The clock pin SideServos_i/SideServos_0/U0/SideServos_v1_0_S00_AXI_inst/SideServos/left_servo_angle_reg[3]/C is not reached by a timing clock
Related violations: <none>

TIMING-17#5 Warning
Non-clocked sequential cell  
The clock pin SideServos_i/SideServos_0/U0/SideServos_v1_0_S00_AXI_inst/SideServos/left_servo_angle_reg[4]/C is not reached by a timing clock
Related violations: <none>

TIMING-17#6 Warning
Non-clocked sequential cell  
The clock pin SideServos_i/SideServos_0/U0/SideServos_v1_0_S00_AXI_inst/SideServos/left_servo_angle_reg[5]/C is not reached by a timing clock
Related violations: <none>

TIMING-17#7 Warning
Non-clocked sequential cell  
The clock pin SideServos_i/SideServos_0/U0/SideServos_v1_0_S00_AXI_inst/SideServos/left_servo_angle_reg[6]/C is not reached by a timing clock
Related violations: <none>

TIMING-18#1 Warning
Missing input or output delay  
An output delay is missing on s00_pwm_left relative to clock(s) clk_fpga_0
Related violations: <none>

TIMING-18#2 Warning
Missing input or output delay  
An output delay is missing on s00_pwm_right relative to clock(s) clk_fpga_0
Related violations: <none>


